11-05-2026-08:00 | SYS | WARNING | Disk Space Low | General system operation executed successfully.
11-05-2026-08:02 | SYS | INFO | Database Sync | Synchronized 358 records with the primary PostgreSQL instance.
11-05-2026-08:04 | SYS | INFO | Health Check | All endpoints reported 200 OK. Latency: 1340ms.
11-05-2026-08:05 | LOG | WARNING | Unusual Traffic Pattern | General system operation executed successfully.
11-05-2026-08:06 | LOG | INFO | Middleware Pipeline | General system operation executed successfully.
11-05-2026-08:07 | SYS | INFO | Database Sync | Synchronized 271 records with the primary PostgreSQL instance.
11-05-2026-08:07 | SYS | INFO | Database Sync | Synchronized 463 records with the primary PostgreSQL instance.
11-05-2026-08:10 | SYS | INFO | Health Check | All endpoints reported 200 OK. Latency: 813ms.
11-05-2026-08:11 | SYS | INFO | User Login | User 'j.doe@domain.com' authenticated via OAuth2 provider.
11-05-2026-08:14 | LOG | INFO | Middleware Pipeline | General system operation executed successfully.
11-05-2026-08:16 | SYS | INFO | Database Sync | Synchronized 311 records with the primary PostgreSQL instance.
11-05-2026-08:17 | SYS | WARNING | Disk Space Low | General system operation executed successfully.
11-05-2026-08:19 | LOG | INFO | Service Started | Worker service 'QueueListener' initialized on .NET 9.0.1.
11-05-2026-08:22 | SYS | WARNING | Session Timeout Warning | General system operation executed successfully.
11-05-2026-08:24 | LOG | INFO | Service Started | Worker service 'QueueListener' initialized on .NET 9.0.1.
11-05-2026-08:27 | LOG | INFO | API Request Success | General system operation executed successfully.
11-05-2026-08:29 | SYS | INFO | Database Sync | Synchronized 331 records with the primary PostgreSQL instance.
11-05-2026-08:31 | LOG | WARNING | Unusual Traffic Pattern | General system operation executed successfully.
11-05-2026-08:32 | SYS | INFO | Health Check | All endpoints reported 200 OK. Latency: 2723ms.
11-05-2026-08:34 | SYS | WARNING | Disk Space Low | General system operation executed successfully.
11-05-2026-08:35 | LOG | INFO | Background Job Completed | General system operation executed successfully.
11-05-2026-08:36 | SYS | WARNING | Session Timeout Warning | General system operation executed successfully.
11-05-2026-08:38 | SYS | WARNING | Session Timeout Warning | General system operation executed successfully.
11-05-2026-08:39 | LOG | WARNING | Unusual Traffic Pattern | General system operation executed successfully.
11-05-2026-08:42 | LOG | WARNING | Unusual Traffic Pattern | General system operation executed successfully.
11-05-2026-08:43 | SYS | INFO | Database Sync | Synchronized 73 records with the primary PostgreSQL instance.
11-05-2026-08:44 | LOG | INFO | API Request Success | General system operation executed successfully.
11-05-2026-08:47 | SYS | INFO | Cache Refresh | General system operation executed successfully.
11-05-2026-08:49 | LOG | INFO | Token Refresh | General system operation executed successfully.
11-05-2026-08:50 | LOG | WARNING | Memory Pressure | LOH (Large Object Heap) fragmentation detected. GC triggered.
11-05-2026-08:51 | SYS | INFO | Health Check | All endpoints reported 200 OK. Latency: 3842ms.
11-05-2026-08:52 | SYS | WARNING | Deprecated API Call | Usage of obsolete method 'GetLegacyData()'. Switch to V2.
11-05-2026-08:53 | SYS | WARNING | Deprecated API Call | Usage of obsolete method 'GetLegacyData()'. Switch to V2.
11-05-2026-08:55 | SYS | WARNING | Session Timeout Warning | General system operation executed successfully.
11-05-2026-08:58 | SYS | INFO | File Upload | Resource 'data_508.ext' stored successfully in Azure Blob Storage.
11-05-2026-09:00 | SYS | INFO | User Login | User 'admin@domain.com' authenticated via OAuth2 provider.
11-05-2026-09:03 | SYS | INFO | Database Sync | Synchronized 96 records with the primary PostgreSQL instance.
11-05-2026-09:03 | SYS | INFO | Cache Refresh | General system operation executed successfully.
11-05-2026-09:05 | LOG | INFO | Middleware Pipeline | General system operation executed successfully.
11-05-2026-09:06 | SYS | INFO | User Login | User 'admin@domain.com' authenticated via OAuth2 provider.
11-05-2026-09:07 | SYS | INFO | Database Sync | Synchronized 65 records with the primary PostgreSQL instance.
11-05-2026-09:10 | SYS | WARNING | Disk Space Low | General system operation executed successfully.
11-05-2026-09:11 | LOG | INFO | API Request Success | General system operation executed successfully.
11-05-2026-09:11 | LOG | WARNING | Unusual Traffic Pattern | General system operation executed successfully.
11-05-2026-09:12 | SYS | WARNING | Session Timeout Warning | General system operation executed successfully.
11-05-2026-09:15 | DB | ERROR | Database Timeout | Connection to SQL Server '10.0.0.5' timed out after 30000ms.
11-05-2026-09:16 | API | ERROR | API Latency Spike | Endpoint /orders/list response time > 15000ms.
11-05-2026-09:17 | WORKER | ERROR | Job Queue Backpressure | Hangfire queue 'default' size exceeded threshold (2500).
11-05-2026-09:18 | UI | ERROR | UI Crash | Frontend React app reported unhandled promise rejection.
11-05-2026-09:19 | SYS | INFO | User Login | User 'm.curie@domain.com' authenticated via OAuth2 provider.
11-05-2026-09:20 | LOG | INFO | Background Job Completed | General system operation executed successfully.
11-05-2026-09:20 | LOG | INFO | Token Refresh | General system operation executed successfully.
11-05-2026-09:21 | SYS | INFO | Health Check | All endpoints reported 200 OK. Latency: 5244ms.
11-05-2026-09:22 | SYS | INFO | File Upload | Resource 'data_811.ext' stored successfully in Azure Blob Storage.
11-05-2026-09:24 | LOG | WARNING | Unusual Traffic Pattern | General system operation executed successfully.
11-05-2026-09:24 | LOG | INFO | Background Job Completed | General system operation executed successfully.
11-05-2026-09:26 | SYS | WARNING | Disk Space Low | General system operation executed successfully.
11-05-2026-09:27 | SYS | INFO | Health Check | All endpoints reported 200 OK. Latency: 4395ms.
11-05-2026-09:28 | SYS | WARNING | Session Timeout Warning | General system operation executed successfully.
11-05-2026-09:29 | SYS | INFO | File Upload | Resource 'data_857.ext' stored successfully in Azure Blob Storage.
11-05-2026-09:32 | SYS | WARNING | Session Timeout Warning | General system operation executed successfully.
11-05-2026-09:33 | SYS | WARNING | Disk Space Low | General system operation executed successfully.
11-05-2026-09:36 | SYS | INFO | User Login | User 's.smith@domain.com' authenticated via OAuth2 provider.
11-05-2026-09:36 | SYS | INFO | User Login | User 'system@domain.com' authenticated via OAuth2 provider.
11-05-2026-09:39 | LOG | INFO | Middleware Pipeline | General system operation executed successfully.
11-05-2026-09:41 | SYS | WARNING | Disk Space Low | General system operation executed successfully.
11-05-2026-09:44 | SYS | WARNING | Deprecated API Call | Usage of obsolete method 'GetLegacyData()'. Switch to V2.
11-05-2026-09:46 | SYS | INFO | Cache Refresh | General system operation executed successfully.
11-05-2026-09:47 | SYS | INFO | File Upload | Resource 'data_879.ext' stored successfully in Azure Blob Storage.
11-05-2026-09:50 | LOG | INFO | Middleware Pipeline | General system operation executed successfully.
11-05-2026-09:52 | SYS | INFO | Database Sync | Synchronized 212 records with the primary PostgreSQL instance.
11-05-2026-09:55 | SYS | WARNING | Deprecated API Call | Usage of obsolete method 'GetLegacyData()'. Switch to V2.
11-05-2026-09:58 | SYS | WARNING | Session Timeout Warning | General system operation executed successfully.
11-05-2026-10:00 | SYS | INFO | Cache Refresh | General system operation executed successfully.
11-05-2026-10:01 | SYS | INFO | File Upload | Resource 'data_542.ext' stored successfully in Azure Blob Storage.
11-05-2026-10:03 | LOG | WARNING | Memory Pressure | LOH (Large Object Heap) fragmentation detected. GC triggered.
11-05-2026-10:05 | SYS | WARNING | Disk Space Low | General system operation executed successfully.
11-05-2026-10:06 | LOG | INFO | Background Job Completed | General system operation executed successfully.
11-05-2026-10:07 | SYS | INFO | Health Check | All endpoints reported 200 OK. Latency: 3774ms.
11-05-2026-10:09 | SYS | WARNING | Deprecated API Call | Usage of obsolete method 'GetLegacyData()'. Switch to V2.
11-05-2026-10:10 | LOG | INFO | Token Refresh | General system operation executed successfully.
11-05-2026-10:12 | LOG | INFO | Token Refresh | General system operation executed successfully.
11-05-2026-10:15 | LOG | INFO | Service Started | Worker service 'QueueListener' initialized on .NET 9.0.1.
11-05-2026-10:17 | SYS | INFO | Database Sync | Synchronized 189 records with the primary PostgreSQL instance.
11-05-2026-10:20 | SYS | INFO | User Login | User 'j.doe@domain.com' authenticated via OAuth2 provider.
11-05-2026-10:22 | SYS | INFO | Database Sync | Synchronized 290 records with the primary PostgreSQL instance.
11-05-2026-10:24 | SYS | WARNING | Session Timeout Warning | General system operation executed successfully.
11-05-2026-10:26 | LOG | WARNING | Memory Pressure | LOH (Large Object Heap) fragmentation detected. GC triggered.
11-05-2026-10:29 | SYS | INFO | File Upload | Resource 'data_409.ext' stored successfully in Azure Blob Storage.
11-05-2026-10:32 | LOG | INFO | Middleware Pipeline | General system operation executed successfully.
11-05-2026-10:32 | LOG | INFO | Token Refresh | General system operation executed successfully.
11-05-2026-10:34 | SYS | WARNING | Session Timeout Warning | General system operation executed successfully.
11-05-2026-10:36 | LOG | INFO | Background Job Completed | General system operation executed successfully.
11-05-2026-10:38 | SYS | INFO | Cache Refresh | General system operation executed successfully.
11-05-2026-10:40 | LOG | WARNING | Memory Pressure | LOH (Large Object Heap) fragmentation detected. GC triggered.
11-05-2026-10:40 | LOG | INFO | Middleware Pipeline | General system operation executed successfully.
11-05-2026-10:41 | SYS | INFO | File Upload | Resource 'data_342.ext' stored successfully in Azure Blob Storage.
11-05-2026-10:43 | SYS | INFO | Cache Refresh | General system operation executed successfully.
11-05-2026-10:45 | LOG | WARNING | Memory Pressure | LOH (Large Object Heap) fragmentation detected. GC triggered.
11-05-2026-10:47 | LOG | INFO | Token Refresh | General system operation executed successfully.
11-05-2026-10:48 | SYS | INFO | Database Sync | Synchronized 211 records with the primary PostgreSQL instance.
11-05-2026-10:51 | LOG | WARNING | Unusual Traffic Pattern | General system operation executed successfully.
11-05-2026-10:52 | LOG | INFO | Background Job Completed | General system operation executed successfully.
11-05-2026-10:55 | SYS | INFO | File Upload | Resource 'data_229.ext' stored successfully in Azure Blob Storage.
11-05-2026-10:55 | LOG | INFO | Token Refresh | General system operation executed successfully.
11-05-2026-10:56 | SYS | INFO | File Upload | Resource 'data_169.ext' stored successfully in Azure Blob Storage.
11-05-2026-10:59 | LOG | INFO | Token Refresh | General system operation executed successfully.
11-05-2026-11:02 | SYS | INFO | Cache Refresh | General system operation executed successfully.
11-05-2026-11:03 | LOG | WARNING | Memory Pressure | LOH (Large Object Heap) fragmentation detected. GC triggered.
11-05-2026-11:05 | LOG | INFO | Middleware Pipeline | General system operation executed successfully.
11-05-2026-11:07 | SYS | INFO | Database Sync | Synchronized 411 records with the primary PostgreSQL instance.
11-05-2026-11:09 | LOG | INFO | Middleware Pipeline | General system operation executed successfully.
11-05-2026-11:10 | LOG | INFO | Token Refresh | General system operation executed successfully.
11-05-2026-11:11 | SYS | INFO | Cache Refresh | General system operation executed successfully.
11-05-2026-11:14 | SYS | WARNING | Session Timeout Warning | General system operation executed successfully.
11-05-2026-11:15 | LOG | WARNING | Memory Pressure | LOH (Large Object Heap) fragmentation detected. GC triggered.
11-05-2026-11:17 | LOG | WARNING | Unusual Traffic Pattern | General system operation executed successfully.
11-05-2026-11:18 | SYS | INFO | Cache Refresh | General system operation executed successfully.
11-05-2026-11:20 | SYS | INFO | User Login | User 'admin@domain.com' authenticated via OAuth2 provider.
11-05-2026-11:22 | SYS | INFO | User Login | User 's.smith@domain.com' authenticated via OAuth2 provider.
11-05-2026-11:24 | SYS | WARNING | Disk Space Low | General system operation executed successfully.
11-05-2026-11:25 | LOG | INFO | Middleware Pipeline | General system operation executed successfully.
11-05-2026-11:27 | SYS | WARNING | Disk Space Low | General system operation executed successfully.
11-05-2026-11:28 | SYS | WARNING | Deprecated API Call | Usage of obsolete method 'GetLegacyData()'. Switch to V2.
11-05-2026-11:29 | LOG | INFO | Background Job Completed | General system operation executed successfully.
11-05-2026-11:31 | LOG | WARNING | Memory Pressure | LOH (Large Object Heap) fragmentation detected. GC triggered.
11-05-2026-11:32 | SYS | INFO | File Upload | Resource 'data_157.ext' stored successfully in Azure Blob Storage.
11-05-2026-11:35 | LOG | INFO | Service Started | Worker service 'QueueListener' initialized on .NET 9.0.1.
11-05-2026-11:37 | SYS | WARNING | Deprecated API Call | Usage of obsolete method 'GetLegacyData()'. Switch to V2.
11-05-2026-11:39 | SYS | WARNING | Session Timeout Warning | General system operation executed successfully.
11-05-2026-11:41 | SYS | INFO | Health Check | All endpoints reported 200 OK. Latency: 5232ms.
11-05-2026-11:43 | LOG | INFO | Middleware Pipeline | General system operation executed successfully.
11-05-2026-11:45 | LOG | INFO | API Request Success | General system operation executed successfully.
11-05-2026-11:48 | SYS | WARNING | Session Timeout Warning | General system operation executed successfully.
11-05-2026-11:51 | LOG | WARNING | Unusual Traffic Pattern | General system operation executed successfully.
11-05-2026-11:52 | SYS | INFO | Cache Refresh | General system operation executed successfully.
11-05-2026-11:53 | LOG | INFO | Token Refresh | General system operation executed successfully.
11-05-2026-11:55 | LOG | INFO | Background Job Completed | General system operation executed successfully.
11-05-2026-11:57 | SYS | INFO | File Upload | Resource 'data_257.ext' stored successfully in Azure Blob Storage.
11-05-2026-12:00 | SYS | INFO | User Login | User 'm.curie@domain.com' authenticated via OAuth2 provider.
11-05-2026-12:03 | SYS | INFO | Database Sync | Synchronized 171 records with the primary PostgreSQL instance.
11-05-2026-12:05 | SYS | INFO | Database Sync | Synchronized 253 records with the primary PostgreSQL instance.
11-05-2026-12:06 | SYS | WARNING | Session Timeout Warning | General system operation executed successfully.
11-05-2026-12:06 | LOG | INFO | Middleware Pipeline | General system operation executed successfully.
11-05-2026-12:07 | SYS | WARNING | Deprecated API Call | Usage of obsolete method 'GetLegacyData()'. Switch to V2.
11-05-2026-12:09 | SYS | INFO | Database Sync | Synchronized 302 records with the primary PostgreSQL instance.
11-05-2026-12:10 | SYS | INFO | Cache Refresh | General system operation executed successfully.
11-05-2026-12:12 | LOG | INFO | Middleware Pipeline | General system operation executed successfully.
11-05-2026-12:14 | SYS | INFO | Cache Refresh | General system operation executed successfully.
11-05-2026-12:15 | LOG | INFO | Token Refresh | General system operation executed successfully.
11-05-2026-12:16 | SYS | INFO | Cache Refresh | General system operation executed successfully.
11-05-2026-12:19 | LOG | INFO | Token Refresh | General system operation executed successfully.
11-05-2026-12:21 | SYS | INFO | Cache Refresh | General system operation executed successfully.
11-05-2026-12:23 | SYS | WARNING | Disk Space Low | General system operation executed successfully.
11-05-2026-12:24 | SYS | WARNING | Deprecated API Call | Usage of obsolete method 'GetLegacyData()'. Switch to V2.
11-05-2026-12:27 | SYS | WARNING | Disk Space Low | General system operation executed successfully.
11-05-2026-12:28 | SYS | INFO | Health Check | All endpoints reported 200 OK. Latency: 4460ms.
11-05-2026-12:29 | LOG | INFO | Background Job Completed | General system operation executed successfully.
11-05-2026-12:29 | SYS | INFO | File Upload | Resource 'data_822.ext' stored successfully in Azure Blob Storage.
11-05-2026-12:31 | SYS | INFO | Health Check | All endpoints reported 200 OK. Latency: 3239ms.
11-05-2026-12:34 | LOG | INFO | Middleware Pipeline | General system operation executed successfully.
11-05-2026-12:35 | LOG | INFO | Background Job Completed | General system operation executed successfully.
11-05-2026-12:37 | SYS | INFO | Database Sync | Synchronized 206 records with the primary PostgreSQL instance.
11-05-2026-12:40 | LOG | WARNING | Memory Pressure | LOH (Large Object Heap) fragmentation detected. GC triggered.
11-05-2026-12:42 | LOG | INFO | API Request Success | General system operation executed successfully.
11-05-2026-12:44 | LOG | WARNING | Memory Pressure | LOH (Large Object Heap) fragmentation detected. GC triggered.
11-05-2026-12:47 | LOG | INFO | Service Started | Worker service 'QueueListener' initialized on .NET 9.0.1.
11-05-2026-12:48 | SYS | INFO | User Login | User 'system@domain.com' authenticated via OAuth2 provider.
11-05-2026-12:51 | SYS | WARNING | Session Timeout Warning | General system operation executed successfully.
11-05-2026-12:54 | LOG | INFO | API Request Success | General system operation executed successfully.
11-05-2026-12:55 | LOG | INFO | Token Refresh | General system operation executed successfully.
11-05-2026-12:57 | SYS | WARNING | Deprecated API Call | Usage of obsolete method 'GetLegacyData()'. Switch to V2.
11-05-2026-12:58 | SYS | INFO | File Upload | Resource 'data_855.ext' stored successfully in Azure Blob Storage.
11-05-2026-12:59 | SYS | INFO | User Login | User 'system@domain.com' authenticated via OAuth2 provider.
11-05-2026-13:02 | LOG | WARNING | Memory Pressure | LOH (Large Object Heap) fragmentation detected. GC triggered.
11-05-2026-13:04 | SYS | INFO | Health Check | All endpoints reported 200 OK. Latency: 423ms.
11-05-2026-13:05 | SYS | INFO | File Upload | Resource 'data_389.ext' stored successfully in Azure Blob Storage.
11-05-2026-13:07 | SYS | INFO | User Login | User 'm.curie@domain.com' authenticated via OAuth2 provider.
11-05-2026-13:09 | SYS | WARNING | Disk Space Low | General system operation executed successfully.
11-05-2026-13:11 | LOG | INFO | Background Job Completed | General system operation executed successfully.
11-05-2026-13:11 | SYS | WARNING | Deprecated API Call | Usage of obsolete method 'GetLegacyData()'. Switch to V2.
11-05-2026-13:12 | LOG | INFO | Service Started | Worker service 'QueueListener' initialized on .NET 9.0.1.
11-05-2026-13:15 | SYS | INFO | Database Sync | Synchronized 20 records with the primary PostgreSQL instance.
11-05-2026-13:18 | SYS | WARNING | Session Timeout Warning | General system operation executed successfully.
11-05-2026-13:19 | SYS | INFO | File Upload | Resource 'data_485.ext' stored successfully in Azure Blob Storage.
11-05-2026-13:21 | SYS | WARNING | Session Timeout Warning | General system operation executed successfully.
11-05-2026-13:22 | LOG | INFO | Service Started | Worker service 'QueueListener' initialized on .NET 9.0.1.
11-05-2026-13:25 | LOG | INFO | API Request Success | General system operation executed successfully.
11-05-2026-13:27 | LOG | INFO | Middleware Pipeline | General system operation executed successfully.
11-05-2026-13:28 | LOG | INFO | Token Refresh | General system operation executed successfully.
11-05-2026-13:31 | SYS | INFO | Cache Refresh | General system operation executed successfully.
11-05-2026-13:32 | LOG | INFO | Token Refresh | General system operation executed successfully.
11-05-2026-13:33 | SYS | WARNING | Disk Space Low | General system operation executed successfully.
11-05-2026-13:35 | LOG | WARNING | Unusual Traffic Pattern | General system operation executed successfully.
11-05-2026-13:37 | LOG | INFO | Middleware Pipeline | General system operation executed successfully.
11-05-2026-13:39 | SYS | WARNING | Deprecated API Call | Usage of obsolete method 'GetLegacyData()'. Switch to V2.
11-05-2026-13:40 | SYS | INFO | Database Sync | Synchronized 448 records with the primary PostgreSQL instance.
11-05-2026-13:42 | SYS | WARNING | Deprecated API Call | Usage of obsolete method 'GetLegacyData()'. Switch to V2.
11-05-2026-13:44 | LOG | INFO | Token Refresh | General system operation executed successfully.
11-05-2026-13:46 | LOG | INFO | Middleware Pipeline | General system operation executed successfully.
11-05-2026-13:47 | SYS | INFO | Health Check | All endpoints reported 200 OK. Latency: 7878ms.
11-05-2026-13:49 | SYS | INFO | User Login | User 'm.curie@domain.com' authenticated via OAuth2 provider.
11-05-2026-13:52 | LOG | WARNING | Unusual Traffic Pattern | General system operation executed successfully.
11-05-2026-13:52 | LOG | WARNING | Memory Pressure | LOH (Large Object Heap) fragmentation detected. GC triggered.
11-05-2026-13:54 | LOG | INFO | Middleware Pipeline | General system operation executed successfully.
11-05-2026-13:56 | LOG | INFO | Middleware Pipeline | General system operation executed successfully.
11-05-2026-13:59 | SYS | INFO | Database Sync | Synchronized 77 records with the primary PostgreSQL instance.
11-05-2026-13:59 | LOG | WARNING | Unusual Traffic Pattern | General system operation executed successfully.
11-05-2026-14:02 | LOG | INFO | Background Job Completed | General system operation executed successfully.
11-05-2026-14:04 | LOG | INFO | Background Job Completed | General system operation executed successfully.
11-05-2026-14:06 | SYS | WARNING | Session Timeout Warning | General system operation executed successfully.
11-05-2026-14:07 | LOG | INFO | API Request Success | General system operation executed successfully.
11-05-2026-14:09 | LOG | INFO | Token Refresh | General system operation executed successfully.
11-05-2026-14:11 | LOG | WARNING | Memory Pressure | LOH (Large Object Heap) fragmentation detected. GC triggered.
11-05-2026-14:12 | SYS | INFO | Health Check | All endpoints reported 200 OK. Latency: 3952ms.
11-05-2026-14:14 | LOG | INFO | API Request Success | General system operation executed successfully.
11-05-2026-14:16 | SYS | WARNING | Session Timeout Warning | General system operation executed successfully.
11-05-2026-14:18 | LOG | WARNING | Memory Pressure | LOH (Large Object Heap) fragmentation detected. GC triggered.
11-05-2026-14:19 | LOG | INFO | Middleware Pipeline | General system operation executed successfully.
11-05-2026-14:22 | LOG | INFO | Token Refresh | General system operation executed successfully.
11-05-2026-14:25 | LOG | WARNING | Memory Pressure | LOH (Large Object Heap) fragmentation detected. GC triggered.
11-05-2026-14:25 | LOG | INFO | Token Refresh | General system operation executed successfully.
11-05-2026-14:26 | LOG | WARNING | Memory Pressure | LOH (Large Object Heap) fragmentation detected. GC triggered.
11-05-2026-14:27 | LOG | INFO | Service Started | Worker service 'QueueListener' initialized on .NET 9.0.1.
11-05-2026-14:28 | SYS | WARNING | Deprecated API Call | Usage of obsolete method 'GetLegacyData()'. Switch to V2.
11-05-2026-14:30 | LOG | INFO | Token Refresh | General system operation executed successfully.
11-05-2026-14:31 | LOG | WARNING | Unusual Traffic Pattern | General system operation executed successfully.
11-05-2026-14:32 | SYS | INFO | File Upload | Resource 'data_838.ext' stored successfully in Azure Blob Storage.
11-05-2026-14:33 | LOG | INFO | Token Refresh | General system operation executed successfully.
11-05-2026-14:34 | SYS | INFO | User Login | User 'system@domain.com' authenticated via OAuth2 provider.
11-05-2026-14:35 | LOG | INFO | Background Job Completed | General system operation executed successfully.
11-05-2026-14:36 | LOG | WARNING | Unusual Traffic Pattern | General system operation executed successfully.
11-05-2026-14:37 | SYS | WARNING | Session Timeout Warning | General system operation executed successfully.
11-05-2026-14:38 | SYS | WARNING | Session Timeout Warning | General system operation executed successfully.
11-05-2026-14:39 | SYS | WARNING | Session Timeout Warning | General system operation executed successfully.
11-05-2026-14:41 | LOG | WARNING | Unusual Traffic Pattern | General system operation executed successfully.
11-05-2026-14:42 | SYS | INFO | User Login | User 's.smith@domain.com' authenticated via OAuth2 provider.
11-05-2026-14:43 | SYS | WARNING | Session Timeout Warning | General system operation executed successfully.
11-05-2026-14:45 | SYS | WARNING | Deprecated API Call | Usage of obsolete method 'GetLegacyData()'. Switch to V2.
11-05-2026-14:48 | SYS | WARNING | Session Timeout Warning | General system operation executed successfully.
11-05-2026-14:49 | LOG | INFO | Background Job Completed | General system operation executed successfully.
11-05-2026-14:52 | SYS | INFO | File Upload | Resource 'data_229.ext' stored successfully in Azure Blob Storage.
11-05-2026-14:53 | SYS | WARNING | Deprecated API Call | Usage of obsolete method 'GetLegacyData()'. Switch to V2.
11-05-2026-14:55 | LOG | INFO | Background Job Completed | General system operation executed successfully.
11-05-2026-14:57 | SYS | INFO | Health Check | All endpoints reported 200 OK. Latency: 3504ms.
11-05-2026-14:58 | SYS | WARNING | Deprecated API Call | Usage of obsolete method 'GetLegacyData()'. Switch to V2.
11-05-2026-15:00 | SYS | WARNING | Deprecated API Call | Usage of obsolete method 'GetLegacyData()'. Switch to V2.
11-05-2026-15:01 | SYS | WARNING | Deprecated API Call | Usage of obsolete method 'GetLegacyData()'. Switch to V2.
11-05-2026-15:04 | SYS | INFO | Database Sync | Synchronized 309 records with the primary PostgreSQL instance.
11-05-2026-15:06 | LOG | INFO | API Request Success | General system operation executed successfully.
11-05-2026-15:07 | SYS | INFO | Health Check | All endpoints reported 200 OK. Latency: 4947ms.
11-05-2026-15:09 | SYS | WARNING | Session Timeout Warning | General system operation executed successfully.
11-05-2026-15:12 | LOG | INFO | Background Job Completed | General system operation executed successfully.
11-05-2026-15:13 | LOG | INFO | Token Refresh | General system operation executed successfully.
11-05-2026-15:15 | LOG | INFO | API Request Success | General system operation executed successfully.
11-05-2026-15:18 | SYS | INFO | Health Check | All endpoints reported 200 OK. Latency: 590ms.
11-05-2026-15:19 | LOG | INFO | Token Refresh | General system operation executed successfully.
11-05-2026-15:21 | SYS | INFO | User Login | User 'admin@domain.com' authenticated via OAuth2 provider.
11-05-2026-15:23 | LOG | INFO | Service Started | Worker service 'QueueListener' initialized on .NET 9.0.1.
11-05-2026-15:23 | SYS | INFO | Health Check | All endpoints reported 200 OK. Latency: 5246ms.
11-05-2026-15:26 | LOG | INFO | Token Refresh | General system operation executed successfully.
11-05-2026-15:27 | SYS | INFO | User Login | User 'j.doe@domain.com' authenticated via OAuth2 provider.
11-05-2026-15:29 | LOG | WARNING | Unusual Traffic Pattern | General system operation executed successfully.
11-05-2026-15:30 | LOG | INFO | Middleware Pipeline | General system operation executed successfully.
11-05-2026-15:32 | SYS | INFO | File Upload | Resource 'data_138.ext' stored successfully in Azure Blob Storage.
11-05-2026-15:33 | LOG | WARNING | Memory Pressure | LOH (Large Object Heap) fragmentation detected. GC triggered.
11-05-2026-15:35 | SYS | INFO | Cache Refresh | General system operation executed successfully.
11-05-2026-15:36 | SYS | WARNING | Disk Space Low | General system operation executed successfully.
11-05-2026-15:38 | LOG | INFO | Background Job Completed | General system operation executed successfully.
11-05-2026-15:39 | SYS | INFO | Cache Refresh | General system operation executed successfully.
11-05-2026-15:40 | LOG | INFO | Service Started | Worker service 'QueueListener' initialized on .NET 9.0.1.
11-05-2026-15:43 | LOG | WARNING | Unusual Traffic Pattern | General system operation executed successfully.
11-05-2026-15:46 | SYS | WARNING | Disk Space Low | General system operation executed successfully.
11-05-2026-15:48 | SYS | INFO | Database Sync | Synchronized 269 records with the primary PostgreSQL instance.
11-05-2026-15:49 | LOG | INFO | Background Job Completed | General system operation executed successfully.
11-05-2026-15:51 | SYS | WARNING | Disk Space Low | General system operation executed successfully.
11-05-2026-15:53 | LOG | INFO | Middleware Pipeline | General system operation executed successfully.
11-05-2026-15:54 | LOG | WARNING | Unusual Traffic Pattern | General system operation executed successfully.
11-05-2026-15:56 | LOG | INFO | Middleware Pipeline | General system operation executed successfully.
11-05-2026-15:58 | LOG | INFO | Middleware Pipeline | General system operation executed successfully.
11-05-2026-15:59 | SYS | INFO | Cache Refresh | General system operation executed successfully.
11-05-2026-16:02 | SYS | WARNING | Disk Space Low | General system operation executed successfully.
11-05-2026-16:03 | SYS | INFO | File Upload | Resource 'data_408.ext' stored successfully in Azure Blob Storage.
11-05-2026-16:06 | LOG | INFO | Token Refresh | General system operation executed successfully.
11-05-2026-16:08 | LOG | INFO | Middleware Pipeline | General system operation executed successfully.
11-05-2026-16:09 | LOG | INFO | Middleware Pipeline | General system operation executed successfully.
11-05-2026-16:11 | SYS | WARNING | Session Timeout Warning | General system operation executed successfully.
11-05-2026-16:12 | SYS | INFO | Health Check | All endpoints reported 200 OK. Latency: 7788ms.
11-05-2026-16:13 | SYS | WARNING | Session Timeout Warning | General system operation executed successfully.
11-05-2026-16:15 | SYS | INFO | Cache Refresh | General system operation executed successfully.
11-05-2026-16:18 | LOG | WARNING | Memory Pressure | LOH (Large Object Heap) fragmentation detected. GC triggered.
11-05-2026-16:20 | SYS | ERROR | Out Of Memory | System.OutOfMemoryException raised by GC. Worker process restarting.
11-05-2026-16:22 | SYS | ERROR | Stack Overflow | General system operation executed successfully.
11-05-2026-16:23 | API | ERROR | Null Reference | System.NullReferenceException at App.Controller.Process(Guid id).
11-05-2026-16:23 | UI | ERROR | Gateway 502 | Upstream API returned 502 Bad Gateway.
11-05-2026-16:24 | LOG | INFO | Background Job Completed | General system operation executed successfully.
11-05-2026-16:27 | SYS | INFO | Database Sync | Synchronized 357 records with the primary PostgreSQL instance.
11-05-2026-16:29 | SYS | WARNING | Deprecated API Call | Usage of obsolete method 'GetLegacyData()'. Switch to V2.
11-05-2026-16:32 | LOG | INFO | Service Started | Worker service 'QueueListener' initialized on .NET 9.0.1.
11-05-2026-16:34 | LOG | INFO | Middleware Pipeline | General system operation executed successfully.
11-05-2026-16:37 | SYS | INFO | File Upload | Resource 'data_423.ext' stored successfully in Azure Blob Storage.
11-05-2026-16:37 | SYS | INFO | Cache Refresh | General system operation executed successfully.
11-05-2026-16:39 | LOG | INFO | API Request Success | General system operation executed successfully.
11-05-2026-16:40 | LOG | INFO | API Request Success | General system operation executed successfully.
11-05-2026-16:42 | LOG | WARNING | Memory Pressure | LOH (Large Object Heap) fragmentation detected. GC triggered.
11-05-2026-16:43 | LOG | WARNING | Unusual Traffic Pattern | General system operation executed successfully.
11-05-2026-16:45 | LOG | INFO | Token Refresh | General system operation executed successfully.
11-05-2026-16:46 | SYS | INFO | Health Check | All endpoints reported 200 OK. Latency: 834ms.
11-05-2026-16:47 | LOG | INFO | Token Refresh | General system operation executed successfully.
11-05-2026-16:48 | SYS | WARNING | Deprecated API Call | Usage of obsolete method 'GetLegacyData()'. Switch to V2.
11-05-2026-16:50 | SYS | INFO | File Upload | Resource 'data_715.ext' stored successfully in Azure Blob Storage.
11-05-2026-16:53 | SYS | INFO | Cache Refresh | General system operation executed successfully.
11-05-2026-16:54 | SYS | INFO | Database Sync | Synchronized 424 records with the primary PostgreSQL instance.
11-05-2026-16:55 | LOG | INFO | Background Job Completed | General system operation executed successfully.
11-05-2026-16:56 | SYS | INFO | File Upload | Resource 'data_635.ext' stored successfully in Azure Blob Storage.
11-05-2026-16:57 | SYS | INFO | Database Sync | Synchronized 400 records with the primary PostgreSQL instance.
11-05-2026-16:58 | LOG | INFO | Middleware Pipeline | General system operation executed successfully.
11-05-2026-17:01 | LOG | INFO | Background Job Completed | General system operation executed successfully.
11-05-2026-17:03 | LOG | INFO | Middleware Pipeline | General system operation executed successfully.
11-05-2026-17:06 | LOG | INFO | Service Started | Worker service 'QueueListener' initialized on .NET 9.0.1.
11-05-2026-17:09 | LOG | WARNING | Memory Pressure | LOH (Large Object Heap) fragmentation detected. GC triggered.
11-05-2026-17:10 | SYS | WARNING | Session Timeout Warning | General system operation executed successfully.
11-05-2026-17:12 | SYS | INFO | Database Sync | Synchronized 292 records with the primary PostgreSQL instance.
11-05-2026-17:15 | LOG | WARNING | Memory Pressure | LOH (Large Object Heap) fragmentation detected. GC triggered.
11-05-2026-17:15 | LOG | INFO | API Request Success | General system operation executed successfully.
11-05-2026-17:17 | SYS | WARNING | Disk Space Low | General system operation executed successfully.
11-05-2026-17:20 | LOG | WARNING | Memory Pressure | LOH (Large Object Heap) fragmentation detected. GC triggered.
11-05-2026-17:22 | SYS | INFO | Database Sync | Synchronized 139 records with the primary PostgreSQL instance.
11-05-2026-17:23 | SYS | INFO | File Upload | Resource 'data_230.ext' stored successfully in Azure Blob Storage.
11-05-2026-17:25 | LOG | INFO | Background Job Completed | General system operation executed successfully.
11-05-2026-17:27 | SYS | WARNING | Deprecated API Call | Usage of obsolete method 'GetLegacyData()'. Switch to V2.
11-05-2026-17:28 | LOG | INFO | API Request Success | General system operation executed successfully.
11-05-2026-17:29 | SYS | INFO | Health Check | All endpoints reported 200 OK. Latency: 4464ms.
11-05-2026-17:32 | LOG | INFO | Background Job Completed | General system operation executed successfully.
11-05-2026-17:35 | LOG | WARNING | Memory Pressure | LOH (Large Object Heap) fragmentation detected. GC triggered.
11-05-2026-17:36 | LOG | INFO | Background Job Completed | General system operation executed successfully.
11-05-2026-17:37 | SYS | WARNING | Disk Space Low | General system operation executed successfully.
11-05-2026-17:39 | SYS | WARNING | Session Timeout Warning | General system operation executed successfully.
11-05-2026-17:41 | LOG | INFO | Token Refresh | General system operation executed successfully.
11-05-2026-17:41 | SYS | INFO | Cache Refresh | General system operation executed successfully.
11-05-2026-17:43 | LOG | INFO | API Request Success | General system operation executed successfully.
11-05-2026-17:45 | SYS | INFO | File Upload | Resource 'data_363.ext' stored successfully in Azure Blob Storage.
11-05-2026-17:46 | LOG | WARNING | Unusual Traffic Pattern | General system operation executed successfully.
11-05-2026-17:47 | SYS | INFO | File Upload | Resource 'data_850.ext' stored successfully in Azure Blob Storage.
11-05-2026-17:48 | SYS | INFO | Cache Refresh | General system operation executed successfully.
11-05-2026-17:51 | SYS | INFO | Health Check | All endpoints reported 200 OK. Latency: 5869ms.
11-05-2026-17:53 | LOG | INFO | Token Refresh | General system operation executed successfully.
11-05-2026-17:55 | LOG | INFO | Background Job Completed | General system operation executed successfully.
11-05-2026-17:57 | SYS | WARNING | Session Timeout Warning | General system operation executed successfully.
11-05-2026-17:57 | LOG | WARNING | Unusual Traffic Pattern | General system operation executed successfully.
11-05-2026-17:59 | SYS | INFO | File Upload | Resource 'data_221.ext' stored successfully in Azure Blob Storage.
11-05-2026-18:01 | SYS | WARNING | Session Timeout Warning | General system operation executed successfully.
11-05-2026-18:04 | SYS | INFO | Health Check | All endpoints reported 200 OK. Latency: 3727ms.
11-05-2026-18:06 | LOG | WARNING | Unusual Traffic Pattern | General system operation executed successfully.
11-05-2026-18:08 | LOG | INFO | Middleware Pipeline | General system operation executed successfully.
11-05-2026-18:10 | SYS | INFO | User Login | User 'system@domain.com' authenticated via OAuth2 provider.
11-05-2026-18:12 | SYS | INFO | User Login | User 'm.curie@domain.com' authenticated via OAuth2 provider.
11-05-2026-18:13 | SYS | INFO | Database Sync | Synchronized 180 records with the primary PostgreSQL instance.
11-05-2026-18:14 | SYS | INFO | File Upload | Resource 'data_828.ext' stored successfully in Azure Blob Storage.
11-05-2026-18:17 | LOG | WARNING | Memory Pressure | LOH (Large Object Heap) fragmentation detected. GC triggered.
11-05-2026-18:18 | LOG | INFO | Middleware Pipeline | General system operation executed successfully.
11-05-2026-18:20 | SYS | WARNING | Deprecated API Call | Usage of obsolete method 'GetLegacyData()'. Switch to V2.
11-05-2026-18:23 | LOG | INFO | Service Started | Worker service 'QueueListener' initialized on .NET 9.0.1.
11-05-2026-18:23 | SYS | WARNING | Deprecated API Call | Usage of obsolete method 'GetLegacyData()'. Switch to V2.
11-05-2026-18:25 | LOG | INFO | Background Job Completed | General system operation executed successfully.
11-05-2026-18:28 | LOG | INFO | Token Refresh | General system operation executed successfully.
11-05-2026-18:29 | LOG | INFO | Background Job Completed | General system operation executed successfully.
11-05-2026-18:31 | SYS | WARNING | Session Timeout Warning | General system operation executed successfully.
11-05-2026-18:32 | SYS | INFO | Cache Refresh | General system operation executed successfully.
11-05-2026-18:33 | LOG | INFO | Service Started | Worker service 'QueueListener' initialized on .NET 9.0.1.
11-05-2026-18:36 | SYS | INFO | Health Check | All endpoints reported 200 OK. Latency: 4896ms.
11-05-2026-18:37 | LOG | INFO | Token Refresh | General system operation executed successfully.
11-05-2026-18:40 | SYS | INFO | Health Check | All endpoints reported 200 OK. Latency: 7082ms.
11-05-2026-18:42 | SYS | INFO | Health Check | All endpoints reported 200 OK. Latency: 7726ms.
11-05-2026-18:43 | SYS | WARNING | Disk Space Low | General system operation executed successfully.
11-05-2026-18:46 | SYS | INFO | User Login | User 's.smith@domain.com' authenticated via OAuth2 provider.
11-05-2026-18:49 | SYS | INFO | User Login | User 'admin@domain.com' authenticated via OAuth2 provider.
11-05-2026-18:52 | SYS | WARNING | Session Timeout Warning | General system operation executed successfully.
11-05-2026-18:53 | LOG | INFO | API Request Success | General system operation executed successfully.
11-05-2026-18:56 | LOG | INFO | Service Started | Worker service 'QueueListener' initialized on .NET 9.0.1.
11-05-2026-18:58 | SYS | INFO | Cache Refresh | General system operation executed successfully.
11-05-2026-19:00 | LOG | WARNING | Unusual Traffic Pattern | General system operation executed successfully.
11-05-2026-19:01 | LOG | INFO | Service Started | Worker service 'QueueListener' initialized on .NET 9.0.1.
11-05-2026-19:04 | LOG | INFO | Service Started | Worker service 'QueueListener' initialized on .NET 9.0.1.
11-05-2026-19:07 | SYS | INFO | User Login | User 'system@domain.com' authenticated via OAuth2 provider.
11-05-2026-19:08 | SYS | WARNING | Session Timeout Warning | General system operation executed successfully.
11-05-2026-19:11 | LOG | INFO | Token Refresh | General system operation executed successfully.
11-05-2026-19:14 | LOG | INFO | Background Job Completed | General system operation executed successfully.
11-05-2026-19:15 | SYS | WARNING | Disk Space Low | General system operation executed successfully.
11-05-2026-19:18 | SYS | INFO | File Upload | Resource 'data_546.ext' stored successfully in Azure Blob Storage.
11-05-2026-19:18 | SYS | INFO | User Login | User 'admin@domain.com' authenticated via OAuth2 provider.
11-05-2026-19:20 | LOG | INFO | Background Job Completed | General system operation executed successfully.
11-05-2026-19:22 | SYS | WARNING | Disk Space Low | General system operation executed successfully.
11-05-2026-19:23 | LOG | WARNING | Unusual Traffic Pattern | General system operation executed successfully.
11-05-2026-19:25 | LOG | INFO | Service Started | Worker service 'QueueListener' initialized on .NET 9.0.1.
11-05-2026-19:26 | LOG | INFO | Token Refresh | General system operation executed successfully.
11-05-2026-19:29 | SYS | WARNING | Disk Space Low | General system operation executed successfully.
11-05-2026-19:32 | SYS | WARNING | Disk Space Low | General system operation executed successfully.
11-05-2026-19:34 | LOG | INFO | API Request Success | General system operation executed successfully.
11-05-2026-19:36 | LOG | INFO | Middleware Pipeline | General system operation executed successfully.
11-05-2026-19:39 | SYS | WARNING | Deprecated API Call | Usage of obsolete method 'GetLegacyData()'. Switch to V2.
11-05-2026-19:39 | SYS | WARNING | Session Timeout Warning | General system operation executed successfully.
11-05-2026-19:40 | LOG | INFO | Token Refresh | General system operation executed successfully.
11-05-2026-19:42 | SYS | INFO | Health Check | All endpoints reported 200 OK. Latency: 901ms.
11-05-2026-19:44 | LOG | WARNING | Memory Pressure | LOH (Large Object Heap) fragmentation detected. GC triggered.
11-05-2026-19:46 | LOG | INFO | Service Started | Worker service 'QueueListener' initialized on .NET 9.0.1.
11-05-2026-19:48 | LOG | WARNING | Memory Pressure | LOH (Large Object Heap) fragmentation detected. GC triggered.
11-05-2026-19:49 | SYS | WARNING | Deprecated API Call | Usage of obsolete method 'GetLegacyData()'. Switch to V2.
11-05-2026-19:51 | SYS | INFO | Cache Refresh | General system operation executed successfully.
11-05-2026-19:54 | SYS | INFO | File Upload | Resource 'data_932.ext' stored successfully in Azure Blob Storage.
11-05-2026-19:56 | SYS | INFO | Cache Refresh | General system operation executed successfully.
11-05-2026-19:59 | SYS | INFO | User Login | User 'system@domain.com' authenticated via OAuth2 provider.
11-05-2026-20:00 | SYS | WARNING | Deprecated API Call | Usage of obsolete method 'GetLegacyData()'. Switch to V2.
11-05-2026-20:01 | LOG | INFO | Token Refresh | General system operation executed successfully.
11-05-2026-20:03 | SYS | WARNING | Session Timeout Warning | General system operation executed successfully.
11-05-2026-20:05 | SYS | INFO | User Login | User 'admin@domain.com' authenticated via OAuth2 provider.
11-05-2026-20:07 | LOG | INFO | Middleware Pipeline | General system operation executed successfully.
11-05-2026-20:08 | SYS | WARNING | Deprecated API Call | Usage of obsolete method 'GetLegacyData()'. Switch to V2.
11-05-2026-20:09 | LOG | INFO | Token Refresh | General system operation executed successfully.
11-05-2026-20:12 | LOG | INFO | Middleware Pipeline | General system operation executed successfully.
11-05-2026-20:14 | SYS | WARNING | Deprecated API Call | Usage of obsolete method 'GetLegacyData()'. Switch to V2.
11-05-2026-20:16 | LOG | WARNING | Memory Pressure | LOH (Large Object Heap) fragmentation detected. GC triggered.
11-05-2026-20:17 | SYS | INFO | Database Sync | Synchronized 455 records with the primary PostgreSQL instance.
11-05-2026-20:18 | SYS | WARNING | Session Timeout Warning | General system operation executed successfully.
11-05-2026-20:20 | LOG | INFO | Background Job Completed | General system operation executed successfully.
11-05-2026-20:23 | LOG | INFO | API Request Success | General system operation executed successfully.
11-05-2026-20:25 | SYS | INFO | Database Sync | Synchronized 51 records with the primary PostgreSQL instance.
11-05-2026-20:27 | LOG | INFO | Background Job Completed | General system operation executed successfully.
11-05-2026-20:29 | LOG | INFO | Token Refresh | General system operation executed successfully.
11-05-2026-20:31 | LOG | INFO | Background Job Completed | General system operation executed successfully.
11-05-2026-20:33 | SYS | INFO | Database Sync | Synchronized 56 records with the primary PostgreSQL instance.
11-05-2026-20:34 | SYS | INFO | File Upload | Resource 'data_637.ext' stored successfully in Azure Blob Storage.
11-05-2026-20:35 | SYS | WARNING | Session Timeout Warning | General system operation executed successfully.
11-05-2026-20:38 | LOG | INFO | Service Started | Worker service 'QueueListener' initialized on .NET 9.0.1.
11-05-2026-20:38 | LOG | WARNING | Memory Pressure | LOH (Large Object Heap) fragmentation detected. GC triggered.
11-05-2026-20:41 | SYS | WARNING | Deprecated API Call | Usage of obsolete method 'GetLegacyData()'. Switch to V2.
11-05-2026-20:42 | LOG | INFO | Middleware Pipeline | General system operation executed successfully.
11-05-2026-20:44 | LOG | INFO | Background Job Completed | General system operation executed successfully.
11-05-2026-20:46 | LOG | INFO | API Request Success | General system operation executed successfully.
11-05-2026-20:47 | DB | ERROR | Database Timeout | Connection to SQL Server '10.0.0.5' timed out after 30000ms.
11-05-2026-20:48 | API | ERROR | API Latency Spike | Endpoint /orders/list response time > 15000ms.
11-05-2026-20:49 | WORKER | ERROR | Job Queue Backpressure | Hangfire queue 'default' size exceeded threshold (2500).
11-05-2026-20:49 | UI | ERROR | UI Crash | Frontend React app reported unhandled promise rejection.
11-05-2026-20:51 | SYS | INFO | File Upload | Resource 'data_802.ext' stored successfully in Azure Blob Storage.
11-05-2026-20:54 | LOG | INFO | API Request Success | General system operation executed successfully.
11-05-2026-20:56 | SYS | WARNING | Deprecated API Call | Usage of obsolete method 'GetLegacyData()'. Switch to V2.
11-05-2026-20:57 | SYS | INFO | Database Sync | Synchronized 117 records with the primary PostgreSQL instance.
11-05-2026-21:00 | LOG | INFO | API Request Success | General system operation executed successfully.
11-05-2026-21:01 | SYS | INFO | Health Check | All endpoints reported 200 OK. Latency: 1125ms.
11-05-2026-21:04 | SYS | WARNING | Deprecated API Call | Usage of obsolete method 'GetLegacyData()'. Switch to V2.
11-05-2026-21:04 | SYS | INFO | Health Check | All endpoints reported 200 OK. Latency: 1624ms.
11-05-2026-21:05 | SYS | WARNING | Deprecated API Call | Usage of obsolete method 'GetLegacyData()'. Switch to V2.
11-05-2026-21:07 | SYS | INFO | Database Sync | Synchronized 196 records with the primary PostgreSQL instance.
11-05-2026-21:09 | LOG | INFO | Token Refresh | General system operation executed successfully.
11-05-2026-21:10 | LOG | INFO | Token Refresh | General system operation executed successfully.
11-05-2026-21:13 | SYS | WARNING | Deprecated API Call | Usage of obsolete method 'GetLegacyData()'. Switch to V2.
11-05-2026-21:16 | LOG | INFO | Service Started | Worker service 'QueueListener' initialized on .NET 9.0.1.
11-05-2026-21:17 | SYS | INFO | File Upload | Resource 'data_737.ext' stored successfully in Azure Blob Storage.
11-05-2026-21:18 | LOG | INFO | Service Started | Worker service 'QueueListener' initialized on .NET 9.0.1.
11-05-2026-21:20 | SYS | INFO | Cache Refresh | General system operation executed successfully.
11-05-2026-21:22 | LOG | INFO | API Request Success | General system operation executed successfully.
11-05-2026-21:25 | SYS | WARNING | Session Timeout Warning | General system operation executed successfully.
11-05-2026-21:26 | SYS | INFO | File Upload | Resource 'data_853.ext' stored successfully in Azure Blob Storage.
11-05-2026-21:27 | LOG | INFO | API Request Success | General system operation executed successfully.
11-05-2026-21:30 | LOG | INFO | Middleware Pipeline | General system operation executed successfully.
11-05-2026-21:32 | LOG | WARNING | Unusual Traffic Pattern | General system operation executed successfully.
11-05-2026-21:32 | LOG | WARNING | Unusual Traffic Pattern | General system operation executed successfully.
11-05-2026-21:35 | SYS | INFO | Health Check | All endpoints reported 200 OK. Latency: 6771ms.
11-05-2026-21:37 | SYS | WARNING | Disk Space Low | General system operation executed successfully.
11-05-2026-21:39 | SYS | ERROR | Disk Full | Volume D:\ has 0 bytes free. Write operations blocked.
11-05-2026-21:41 | LOG | ERROR | Log Writer Failed | Serilog file sink threw IOException: no space left on device.
11-05-2026-21:42 | DB | ERROR | SQL Constraint Violation | EF Core: Cannot insert duplicate key in table 'Orders'.
11-05-2026-21:43 | WORKER | ERROR | Background Job Failed | Hangfire job 'NightlyReport' aborted after 3 retries.
11-05-2026-21:43 | SYS | INFO | Database Sync | Synchronized 485 records with the primary PostgreSQL instance.
11-05-2026-21:44 | LOG | WARNING | Unusual Traffic Pattern | General system operation executed successfully.
11-05-2026-21:45 | SYS | INFO | Health Check | All endpoints reported 200 OK. Latency: 1802ms.
11-05-2026-21:46 | SYS | WARNING | Session Timeout Warning | General system operation executed successfully.
11-05-2026-21:47 | SYS | INFO | Cache Refresh | General system operation executed successfully.
11-05-2026-21:48 | LOG | INFO | Token Refresh | General system operation executed successfully.
11-05-2026-21:49 | SYS | INFO | User Login | User 's.smith@domain.com' authenticated via OAuth2 provider.
11-05-2026-21:51 | SYS | INFO | User Login | User 'm.curie@domain.com' authenticated via OAuth2 provider.
11-05-2026-21:54 | LOG | WARNING | Memory Pressure | LOH (Large Object Heap) fragmentation detected. GC triggered.
11-05-2026-21:57 | SYS | INFO | Health Check | All endpoints reported 200 OK. Latency: 2654ms.
11-05-2026-21:58 | SYS | INFO | User Login | User 'system@domain.com' authenticated via OAuth2 provider.
11-05-2026-21:59 | SYS | INFO | File Upload | Resource 'data_563.ext' stored successfully in Azure Blob Storage.
11-05-2026-22:01 | SYS | INFO | User Login | User 's.smith@domain.com' authenticated via OAuth2 provider.
11-05-2026-22:01 | SYS | WARNING | Session Timeout Warning | General system operation executed successfully.
11-05-2026-22:02 | SYS | WARNING | Deprecated API Call | Usage of obsolete method 'GetLegacyData()'. Switch to V2.
11-05-2026-22:03 | SYS | WARNING | Session Timeout Warning | General system operation executed successfully.
11-05-2026-22:05 | LOG | INFO | API Request Success | General system operation executed successfully.
11-05-2026-22:07 | SYS | INFO | Health Check | All endpoints reported 200 OK. Latency: 1064ms.
11-05-2026-22:09 | SYS | WARNING | Disk Space Low | General system operation executed successfully.
11-05-2026-22:10 | LOG | INFO | Background Job Completed | General system operation executed successfully.
11-05-2026-22:11 | LOG | WARNING | Unusual Traffic Pattern | General system operation executed successfully.
11-05-2026-22:14 | LOG | INFO | Token Refresh | General system operation executed successfully.
11-05-2026-22:15 | SYS | INFO | User Login | User 'm.curie@domain.com' authenticated via OAuth2 provider.
11-05-2026-22:18 | SYS | WARNING | Disk Space Low | General system operation executed successfully.
11-05-2026-22:19 | SYS | INFO | File Upload | Resource 'data_852.ext' stored successfully in Azure Blob Storage.
11-05-2026-22:21 | LOG | INFO | Middleware Pipeline | General system operation executed successfully.
11-05-2026-22:23 | LOG | INFO | Background Job Completed | General system operation executed successfully.