11-05-2026-08:00 | LOG | WARNING | Unusual Traffic Pattern | General system operation executed successfully.
11-05-2026-08:01 | SYS | INFO | File Upload | Resource 'data_151.ext' stored successfully in Azure Blob Storage.
11-05-2026-08:02 | LOG | INFO | Background Job Completed | General system operation executed successfully.
11-05-2026-08:03 | LOG | INFO | Service Started | Worker service 'QueueListener' initialized on .NET 9.0.1.
11-05-2026-08:05 | LOG | INFO | Background Job Completed | General system operation executed successfully.
11-05-2026-08:06 | SYS | WARNING | Disk Space Low | General system operation executed successfully.
11-05-2026-08:08 | SYS | INFO | Health Check | All endpoints reported 200 OK. Latency: 7229ms.
11-05-2026-08:10 | LOG | INFO | Middleware Pipeline | General system operation executed successfully.
11-05-2026-08:12 | LOG | INFO | Middleware Pipeline | General system operation executed successfully.
11-05-2026-08:14 | LOG | INFO | API Request Success | General system operation executed successfully.
11-05-2026-08:15 | SYS | WARNING | Disk Space Low | General system operation executed successfully.
11-05-2026-08:17 | SYS | WARNING | Session Timeout Warning | General system operation executed successfully.
11-05-2026-08:19 | SYS | INFO | Cache Refresh | General system operation executed successfully.
11-05-2026-08:22 | LOG | WARNING | Memory Pressure | LOH (Large Object Heap) fragmentation detected. GC triggered.
11-05-2026-08:24 | SYS | WARNING | Deprecated API Call | Usage of obsolete method 'GetLegacyData()'. Switch to V2.
11-05-2026-08:26 | SYS | WARNING | Disk Space Low | General system operation executed successfully.
11-05-2026-08:28 | LOG | INFO | API Request Success | General system operation executed successfully.
11-05-2026-08:29 | LOG | INFO | Token Refresh | General system operation executed successfully.
11-05-2026-08:31 | SYS | WARNING | Disk Space Low | General system operation executed successfully.
11-05-2026-08:32 | SYS | INFO | File Upload | Resource 'data_441.ext' stored successfully in Azure Blob Storage.
11-05-2026-08:33 | SYS | INFO | File Upload | Resource 'data_283.ext' stored successfully in Azure Blob Storage.
11-05-2026-08:35 | SYS | INFO | Health Check | All endpoints reported 200 OK. Latency: 5397ms.
11-05-2026-08:37 | SYS | INFO | User Login | User 'j.doe@domain.com' authenticated via OAuth2 provider.
11-05-2026-08:39 | SYS | WARNING | Deprecated API Call | Usage of obsolete method 'GetLegacyData()'. Switch to V2.
11-05-2026-08:42 | SYS | INFO | Cache Refresh | General system operation executed successfully.
11-05-2026-08:43 | SYS | WARNING | Disk Space Low | General system operation executed successfully.
11-05-2026-08:45 | SYS | WARNING | Session Timeout Warning | General system operation executed successfully.
11-05-2026-08:47 | SYS | INFO | File Upload | Resource 'data_953.ext' stored successfully in Azure Blob Storage.
11-05-2026-08:49 | SYS | WARNING | Session Timeout Warning | General system operation executed successfully.
11-05-2026-08:50 | LOG | INFO | API Request Success | General system operation executed successfully.
11-05-2026-08:50 | LOG | WARNING | Memory Pressure | LOH (Large Object Heap) fragmentation detected. GC triggered.
11-05-2026-08:53 | SYS | INFO | File Upload | Resource 'data_643.ext' stored successfully in Azure Blob Storage.
11-05-2026-08:55 | LOG | INFO | Background Job Completed | General system operation executed successfully.
11-05-2026-08:56 | LOG | INFO | API Request Success | General system operation executed successfully.
11-05-2026-08:56 | SYS | INFO | Cache Refresh | General system operation executed successfully.
11-05-2026-08:59 | SYS | INFO | Database Sync | Synchronized 215 records with the primary PostgreSQL instance.
11-05-2026-09:00 | SYS | INFO | Health Check | All endpoints reported 200 OK. Latency: 1912ms.
11-05-2026-09:03 | LOG | INFO | Background Job Completed | General system operation executed successfully.
11-05-2026-09:06 | SYS | INFO | Cache Refresh | General system operation executed successfully.
11-05-2026-09:08 | LOG | INFO | Service Started | Worker service 'QueueListener' initialized on .NET 9.0.1.
11-05-2026-09:10 | LOG | INFO | Middleware Pipeline | General system operation executed successfully.
11-05-2026-09:11 | LOG | INFO | Token Refresh | General system operation executed successfully.
11-05-2026-09:13 | SYS | INFO | File Upload | Resource 'data_609.ext' stored successfully in Azure Blob Storage.
11-05-2026-09:14 | LOG | INFO | Token Refresh | General system operation executed successfully.
11-05-2026-09:15 | LOG | INFO | Token Refresh | General system operation executed successfully.
11-05-2026-09:17 | SYS | WARNING | Deprecated API Call | Usage of obsolete method 'GetLegacyData()'. Switch to V2.
11-05-2026-09:18 | SYS | INFO | User Login | User 'system@domain.com' authenticated via OAuth2 provider.
11-05-2026-09:21 | SYS | INFO | User Login | User 'j.doe@domain.com' authenticated via OAuth2 provider.
11-05-2026-09:22 | LOG | INFO | Token Refresh | General system operation executed successfully.
11-05-2026-09:23 | SYS | INFO | Cache Refresh | General system operation executed successfully.
11-05-2026-09:25 | SYS | INFO | Health Check | All endpoints reported 200 OK. Latency: 6873ms.
11-05-2026-09:26 | SYS | INFO | Cache Refresh | General system operation executed successfully.
11-05-2026-09:27 | SYS | WARNING | Session Timeout Warning | General system operation executed successfully.
11-05-2026-09:30 | SYS | WARNING | Deprecated API Call | Usage of obsolete method 'GetLegacyData()'. Switch to V2.
11-05-2026-09:32 | LOG | INFO | API Request Success | General system operation executed successfully.
11-05-2026-09:35 | SYS | WARNING | Session Timeout Warning | General system operation executed successfully.
11-05-2026-09:37 | SYS | INFO | User Login | User 'system@domain.com' authenticated via OAuth2 provider.
11-05-2026-09:38 | LOG | INFO | Middleware Pipeline | General system operation executed successfully.
11-05-2026-09:41 | LOG | WARNING | Memory Pressure | LOH (Large Object Heap) fragmentation detected. GC triggered.
11-05-2026-09:42 | SYS | INFO | Cache Refresh | General system operation executed successfully.
11-05-2026-09:44 | LOG | WARNING | Unusual Traffic Pattern | General system operation executed successfully.
11-05-2026-09:47 | LOG | INFO | Service Started | Worker service 'QueueListener' initialized on .NET 9.0.1.
11-05-2026-09:50 | SYS | INFO | File Upload | Resource 'data_467.ext' stored successfully in Azure Blob Storage.
11-05-2026-09:52 | SYS | WARNING | Session Timeout Warning | General system operation executed successfully.
11-05-2026-09:55 | LOG | INFO | Background Job Completed | General system operation executed successfully.
11-05-2026-09:57 | SYS | INFO | Cache Refresh | General system operation executed successfully.
11-05-2026-10:00 | SYS | WARNING | Deprecated API Call | Usage of obsolete method 'GetLegacyData()'. Switch to V2.
11-05-2026-10:02 | SYS | WARNING | Deprecated API Call | Usage of obsolete method 'GetLegacyData()'. Switch to V2.
11-05-2026-10:04 | SYS | WARNING | Session Timeout Warning | General system operation executed successfully.
11-05-2026-10:05 | LOG | WARNING | Unusual Traffic Pattern | General system operation executed successfully.
11-05-2026-10:08 | SYS | INFO | Cache Refresh | General system operation executed successfully.
11-05-2026-10:11 | SYS | INFO | User Login | User 'm.curie@domain.com' authenticated via OAuth2 provider.
11-05-2026-10:12 | LOG | INFO | Middleware Pipeline | General system operation executed successfully.
11-05-2026-10:14 | LOG | INFO | Background Job Completed | General system operation executed successfully.
11-05-2026-10:16 | SYS | INFO | File Upload | Resource 'data_406.ext' stored successfully in Azure Blob Storage.
11-05-2026-10:18 | LOG | WARNING | Memory Pressure | LOH (Large Object Heap) fragmentation detected. GC triggered.
11-05-2026-10:21 | SYS | INFO | Database Sync | Synchronized 101 records with the primary PostgreSQL instance.
11-05-2026-10:22 | LOG | INFO | Background Job Completed | General system operation executed successfully.
11-05-2026-10:24 | LOG | INFO | Background Job Completed | General system operation executed successfully.
11-05-2026-10:25 | SYS | INFO | User Login | User 'm.curie@domain.com' authenticated via OAuth2 provider.
11-05-2026-10:26 | LOG | WARNING | Memory Pressure | LOH (Large Object Heap) fragmentation detected. GC triggered.
11-05-2026-10:29 | SYS | ERROR | Out Of Memory | System.OutOfMemoryException raised by GC. Worker process restarting.
11-05-2026-10:30 | SYS | ERROR | Stack Overflow | General system operation executed successfully.
11-05-2026-10:31 | API | ERROR | Null Reference | System.NullReferenceException at App.Controller.Process(Guid id).
11-05-2026-10:31 | UI | ERROR | Gateway 502 | Upstream API returned 502 Bad Gateway.
11-05-2026-10:33 | SYS | WARNING | Deprecated API Call | Usage of obsolete method 'GetLegacyData()'. Switch to V2.
11-05-2026-10:35 | SYS | INFO | Database Sync | Synchronized 130 records with the primary PostgreSQL instance.
11-05-2026-10:35 | SYS | INFO | Cache Refresh | General system operation executed successfully.
11-05-2026-10:36 | LOG | WARNING | Unusual Traffic Pattern | General system operation executed successfully.
11-05-2026-10:38 | SYS | INFO | File Upload | Resource 'data_345.ext' stored successfully in Azure Blob Storage.
11-05-2026-10:39 | LOG | INFO | Background Job Completed | General system operation executed successfully.
11-05-2026-10:41 | SYS | INFO | User Login | User 's.smith@domain.com' authenticated via OAuth2 provider.
11-05-2026-10:41 | SYS | WARNING | Deprecated API Call | Usage of obsolete method 'GetLegacyData()'. Switch to V2.
11-05-2026-10:44 | LOG | INFO | Token Refresh | General system operation executed successfully.
11-05-2026-10:45 | LOG | WARNING | Memory Pressure | LOH (Large Object Heap) fragmentation detected. GC triggered.
11-05-2026-10:46 | SYS | INFO | Cache Refresh | General system operation executed successfully.
11-05-2026-10:48 | SYS | INFO | Cache Refresh | General system operation executed successfully.
11-05-2026-10:51 | SYS | INFO | Database Sync | Synchronized 346 records with the primary PostgreSQL instance.
11-05-2026-10:51 | SYS | INFO | Cache Refresh | General system operation executed successfully.
11-05-2026-10:53 | SYS | WARNING | Deprecated API Call | Usage of obsolete method 'GetLegacyData()'. Switch to V2.
11-05-2026-10:53 | LOG | INFO | API Request Success | General system operation executed successfully.
11-05-2026-10:55 | SYS | INFO | User Login | User 'j.doe@domain.com' authenticated via OAuth2 provider.
11-05-2026-10:58 | SYS | WARNING | Disk Space Low | General system operation executed successfully.
11-05-2026-11:00 | SYS | INFO | Cache Refresh | General system operation executed successfully.
11-05-2026-11:01 | SYS | INFO | File Upload | Resource 'data_614.ext' stored successfully in Azure Blob Storage.
11-05-2026-11:04 | SYS | WARNING | Disk Space Low | General system operation executed successfully.
11-05-2026-11:06 | LOG | INFO | Token Refresh | General system operation executed successfully.
11-05-2026-11:07 | SYS | INFO | Database Sync | Synchronized 193 records with the primary PostgreSQL instance.
11-05-2026-11:08 | SYS | WARNING | Session Timeout Warning | General system operation executed successfully.
11-05-2026-11:09 | LOG | INFO | Token Refresh | General system operation executed successfully.
11-05-2026-11:12 | LOG | WARNING | Unusual Traffic Pattern | General system operation executed successfully.
11-05-2026-11:14 | SYS | WARNING | Session Timeout Warning | General system operation executed successfully.
11-05-2026-11:16 | SYS | INFO | Database Sync | Synchronized 12 records with the primary PostgreSQL instance.
11-05-2026-11:18 | SYS | WARNING | Session Timeout Warning | General system operation executed successfully.
11-05-2026-11:20 | LOG | INFO | Token Refresh | General system operation executed successfully.
11-05-2026-11:22 | SYS | WARNING | Session Timeout Warning | General system operation executed successfully.
11-05-2026-11:24 | SYS | INFO | User Login | User 'm.curie@domain.com' authenticated via OAuth2 provider.
11-05-2026-11:24 | SYS | WARNING | Disk Space Low | General system operation executed successfully.
11-05-2026-11:27 | LOG | INFO | API Request Success | General system operation executed successfully.
11-05-2026-11:29 | SYS | ERROR | Disk Full | Volume D:\ has 0 bytes free. Write operations blocked.
11-05-2026-11:31 | LOG | ERROR | Log Writer Failed | Serilog file sink threw IOException: no space left on device.
11-05-2026-11:32 | DB | ERROR | SQL Constraint Violation | EF Core: Cannot insert duplicate key in table 'Orders'.
11-05-2026-11:32 | WORKER | ERROR | Background Job Failed | Hangfire job 'NightlyReport' aborted after 3 retries.
11-05-2026-11:32 | LOG | WARNING | Memory Pressure | LOH (Large Object Heap) fragmentation detected. GC triggered.
11-05-2026-11:35 | LOG | INFO | Service Started | Worker service 'QueueListener' initialized on .NET 9.0.1.
11-05-2026-11:37 | SYS | ERROR | Disk Full | Volume D:\ has 0 bytes free. Write operations blocked.
11-05-2026-11:38 | LOG | ERROR | Log Writer Failed | Serilog file sink threw IOException: no space left on device.
11-05-2026-11:39 | DB | ERROR | SQL Constraint Violation | EF Core: Cannot insert duplicate key in table 'Orders'.
11-05-2026-11:40 | WORKER | ERROR | Background Job Failed | Hangfire job 'NightlyReport' aborted after 3 retries.
11-05-2026-11:42 | LOG | INFO | Background Job Completed | General system operation executed successfully.
11-05-2026-11:43 | LOG | WARNING | Unusual Traffic Pattern | General system operation executed successfully.
11-05-2026-11:44 | LOG | INFO | Middleware Pipeline | General system operation executed successfully.
11-05-2026-11:46 | LOG | INFO | Token Refresh | General system operation executed successfully.
11-05-2026-11:48 | SYS | INFO | Cache Refresh | General system operation executed successfully.
11-05-2026-11:50 | SYS | WARNING | Disk Space Low | General system operation executed successfully.
11-05-2026-11:53 | LOG | WARNING | Unusual Traffic Pattern | General system operation executed successfully.
11-05-2026-11:54 | AUTH | ERROR | JWT Signing Key Missing | KeyVault secret 'jwt-prod' not found. Auth middleware aborted.
11-05-2026-11:55 | API | ERROR | Unauthorized Access | IP 185.x.x.x blocked after 5 failed JWT attempts.
11-05-2026-11:56 | SYS | ERROR | Dependency Injection Failure | IAuthService could not be resolved at runtime.
11-05-2026-11:56 | UI | ERROR | Session Lost | All active sessions invalidated. Users redirected to /login.
11-05-2026-11:57 | LOG | INFO | Token Refresh | General system operation executed successfully.
11-05-2026-11:59 | LOG | INFO | Middleware Pipeline | General system operation executed successfully.
11-05-2026-12:00 | SYS | WARNING | Session Timeout Warning | General system operation executed successfully.
11-05-2026-12:01 | SYS | INFO | User Login | User 'admin@domain.com' authenticated via OAuth2 provider.
11-05-2026-12:01 | SYS | INFO | Cache Refresh | General system operation executed successfully.
11-05-2026-12:03 | LOG | INFO | Background Job Completed | General system operation executed successfully.
11-05-2026-12:05 | LOG | INFO | Middleware Pipeline | General system operation executed successfully.
11-05-2026-12:06 | LOG | INFO | API Request Success | General system operation executed successfully.
11-05-2026-12:08 | LOG | WARNING | Memory Pressure | LOH (Large Object Heap) fragmentation detected. GC triggered.
11-05-2026-12:09 | SYS | INFO | Database Sync | Synchronized 179 records with the primary PostgreSQL instance.
11-05-2026-12:11 | SYS | INFO | Health Check | All endpoints reported 200 OK. Latency: 842ms.
11-05-2026-12:13 | LOG | INFO | Token Refresh | General system operation executed successfully.
11-05-2026-12:15 | LOG | WARNING | Unusual Traffic Pattern | General system operation executed successfully.
11-05-2026-12:15 | LOG | INFO | Middleware Pipeline | General system operation executed successfully.
11-05-2026-12:16 | LOG | INFO | API Request Success | General system operation executed successfully.
11-05-2026-12:18 | SYS | INFO | User Login | User 'admin@domain.com' authenticated via OAuth2 provider.
11-05-2026-12:21 | LOG | INFO | Token Refresh | General system operation executed successfully.
11-05-2026-12:22 | SYS | WARNING | Deprecated API Call | Usage of obsolete method 'GetLegacyData()'. Switch to V2.
11-05-2026-12:25 | SYS | INFO | File Upload | Resource 'data_780.ext' stored successfully in Azure Blob Storage.
11-05-2026-12:26 | SYS | WARNING | Deprecated API Call | Usage of obsolete method 'GetLegacyData()'. Switch to V2.
11-05-2026-12:27 | SYS | INFO | Database Sync | Synchronized 288 records with the primary PostgreSQL instance.
11-05-2026-12:28 | LOG | INFO | API Request Success | General system operation executed successfully.
11-05-2026-12:31 | LOG | INFO | Middleware Pipeline | General system operation executed successfully.
11-05-2026-12:33 | SYS | INFO | Health Check | All endpoints reported 200 OK. Latency: 2181ms.
11-05-2026-12:36 | LOG | INFO | Service Started | Worker service 'QueueListener' initialized on .NET 9.0.1.
11-05-2026-12:38 | SYS | INFO | Cache Refresh | General system operation executed successfully.
11-05-2026-12:40 | SYS | INFO | User Login | User 'j.doe@domain.com' authenticated via OAuth2 provider.
11-05-2026-12:42 | LOG | INFO | API Request Success | General system operation executed successfully.
11-05-2026-12:43 | SYS | ERROR | Out Of Memory | System.OutOfMemoryException raised by GC. Worker process restarting.
11-05-2026-12:44 | SYS | ERROR | Stack Overflow | General system operation executed successfully.
11-05-2026-12:45 | API | ERROR | Null Reference | System.NullReferenceException at App.Controller.Process(Guid id).
11-05-2026-12:46 | UI | ERROR | Gateway 502 | Upstream API returned 502 Bad Gateway.
11-05-2026-12:47 | LOG | INFO | Token Refresh | General system operation executed successfully.
11-05-2026-12:50 | LOG | INFO | Service Started | Worker service 'QueueListener' initialized on .NET 9.0.1.
11-05-2026-12:52 | SYS | INFO | Database Sync | Synchronized 111 records with the primary PostgreSQL instance.
11-05-2026-12:55 | SYS | WARNING | Deprecated API Call | Usage of obsolete method 'GetLegacyData()'. Switch to V2.
11-05-2026-12:57 | LOG | INFO | Middleware Pipeline | General system operation executed successfully.
11-05-2026-12:57 | SYS | INFO | File Upload | Resource 'data_673.ext' stored successfully in Azure Blob Storage.
11-05-2026-13:00 | LOG | WARNING | Memory Pressure | LOH (Large Object Heap) fragmentation detected. GC triggered.
11-05-2026-13:01 | LOG | WARNING | Memory Pressure | LOH (Large Object Heap) fragmentation detected. GC triggered.
11-05-2026-13:03 | SYS | INFO | Cache Refresh | General system operation executed successfully.
11-05-2026-13:05 | SYS | INFO | Database Sync | Synchronized 230 records with the primary PostgreSQL instance.
11-05-2026-13:06 | LOG | WARNING | Memory Pressure | LOH (Large Object Heap) fragmentation detected. GC triggered.
11-05-2026-13:09 | SYS | WARNING | Session Timeout Warning | General system operation executed successfully.
11-05-2026-13:11 | LOG | WARNING | Memory Pressure | LOH (Large Object Heap) fragmentation detected. GC triggered.
11-05-2026-13:12 | LOG | WARNING | Unusual Traffic Pattern | General system operation executed successfully.
11-05-2026-13:14 | SYS | WARNING | Session Timeout Warning | General system operation executed successfully.
11-05-2026-13:15 | LOG | INFO | Background Job Completed | General system operation executed successfully.
11-05-2026-13:16 | SYS | WARNING | Deprecated API Call | Usage of obsolete method 'GetLegacyData()'. Switch to V2.
11-05-2026-13:18 | LOG | WARNING | Unusual Traffic Pattern | General system operation executed successfully.
11-05-2026-13:21 | SYS | INFO | Database Sync | Synchronized 107 records with the primary PostgreSQL instance.
11-05-2026-13:22 | LOG | INFO | Middleware Pipeline | General system operation executed successfully.
11-05-2026-13:23 | SYS | INFO | Health Check | All endpoints reported 200 OK. Latency: 6688ms.
11-05-2026-13:26 | LOG | WARNING | Unusual Traffic Pattern | General system operation executed successfully.
11-05-2026-13:29 | LOG | INFO | Token Refresh | General system operation executed successfully.
11-05-2026-13:31 | SYS | WARNING | Disk Space Low | General system operation executed successfully.
11-05-2026-13:32 | SYS | WARNING | Deprecated API Call | Usage of obsolete method 'GetLegacyData()'. Switch to V2.
11-05-2026-13:32 | SYS | WARNING | Deprecated API Call | Usage of obsolete method 'GetLegacyData()'. Switch to V2.
11-05-2026-13:34 | LOG | INFO | API Request Success | General system operation executed successfully.
11-05-2026-13:37 | LOG | INFO | Background Job Completed | General system operation executed successfully.
11-05-2026-13:39 | SYS | INFO | Health Check | All endpoints reported 200 OK. Latency: 6100ms.
11-05-2026-13:41 | LOG | WARNING | Memory Pressure | LOH (Large Object Heap) fragmentation detected. GC triggered.
11-05-2026-13:44 | LOG | INFO | Background Job Completed | General system operation executed successfully.
11-05-2026-13:46 | LOG | INFO | Middleware Pipeline | General system operation executed successfully.
11-05-2026-13:47 | SYS | INFO | Cache Refresh | General system operation executed successfully.
11-05-2026-13:49 | LOG | INFO | API Request Success | General system operation executed successfully.
11-05-2026-13:51 | SYS | WARNING | Session Timeout Warning | General system operation executed successfully.
11-05-2026-13:54 | LOG | WARNING | Unusual Traffic Pattern | General system operation executed successfully.
11-05-2026-13:57 | SYS | WARNING | Disk Space Low | General system operation executed successfully.
11-05-2026-13:58 | LOG | INFO | API Request Success | General system operation executed successfully.
11-05-2026-13:58 | LOG | INFO | Middleware Pipeline | General system operation executed successfully.
11-05-2026-14:00 | SYS | INFO | Health Check | All endpoints reported 200 OK. Latency: 7933ms.
11-05-2026-14:01 | SYS | INFO | Database Sync | Synchronized 94 records with the primary PostgreSQL instance.
11-05-2026-14:03 | SYS | INFO | Database Sync | Synchronized 409 records with the primary PostgreSQL instance.
11-05-2026-14:05 | LOG | WARNING | Unusual Traffic Pattern | General system operation executed successfully.
11-05-2026-14:08 | SYS | WARNING | Session Timeout Warning | General system operation executed successfully.
11-05-2026-14:09 | LOG | INFO | Middleware Pipeline | General system operation executed successfully.
11-05-2026-14:10 | SYS | INFO | Database Sync | Synchronized 274 records with the primary PostgreSQL instance.
11-05-2026-14:10 | SYS | WARNING | Deprecated API Call | Usage of obsolete method 'GetLegacyData()'. Switch to V2.
11-05-2026-14:12 | SYS | INFO | File Upload | Resource 'data_503.ext' stored successfully in Azure Blob Storage.
11-05-2026-14:14 | SYS | INFO | File Upload | Resource 'data_244.ext' stored successfully in Azure Blob Storage.
11-05-2026-14:16 | SYS | WARNING | Session Timeout Warning | General system operation executed successfully.
11-05-2026-14:19 | LOG | INFO | API Request Success | General system operation executed successfully.
11-05-2026-14:21 | SYS | INFO | User Login | User 'j.doe@domain.com' authenticated via OAuth2 provider.
11-05-2026-14:22 | SYS | INFO | File Upload | Resource 'data_556.ext' stored successfully in Azure Blob Storage.
11-05-2026-14:23 | LOG | INFO | Token Refresh | General system operation executed successfully.
11-05-2026-14:26 | LOG | INFO | Token Refresh | General system operation executed successfully.
11-05-2026-14:28 | LOG | INFO | Service Started | Worker service 'QueueListener' initialized on .NET 9.0.1.
11-05-2026-14:30 | SYS | INFO | Health Check | All endpoints reported 200 OK. Latency: 3295ms.
11-05-2026-14:31 | SYS | INFO | Health Check | All endpoints reported 200 OK. Latency: 611ms.
11-05-2026-14:33 | SYS | WARNING | Disk Space Low | General system operation executed successfully.
11-05-2026-14:33 | LOG | INFO | Middleware Pipeline | General system operation executed successfully.
11-05-2026-14:36 | SYS | INFO | User Login | User 'admin@domain.com' authenticated via OAuth2 provider.
11-05-2026-14:39 | SYS | WARNING | Deprecated API Call | Usage of obsolete method 'GetLegacyData()'. Switch to V2.
11-05-2026-14:42 | LOG | WARNING | Unusual Traffic Pattern | General system operation executed successfully.
11-05-2026-14:43 | LOG | WARNING | Memory Pressure | LOH (Large Object Heap) fragmentation detected. GC triggered.
11-05-2026-14:46 | SYS | WARNING | Disk Space Low | General system operation executed successfully.
11-05-2026-14:46 | LOG | INFO | API Request Success | General system operation executed successfully.
11-05-2026-14:49 | LOG | WARNING | Memory Pressure | LOH (Large Object Heap) fragmentation detected. GC triggered.
11-05-2026-14:51 | SYS | INFO | User Login | User 'system@domain.com' authenticated via OAuth2 provider.
11-05-2026-14:52 | LOG | INFO | Middleware Pipeline | General system operation executed successfully.
11-05-2026-14:55 | LOG | INFO | Middleware Pipeline | General system operation executed successfully.
11-05-2026-14:57 | LOG | INFO | Middleware Pipeline | General system operation executed successfully.
11-05-2026-14:58 | SYS | INFO | Cache Refresh | General system operation executed successfully.
11-05-2026-14:59 | SYS | INFO | Health Check | All endpoints reported 200 OK. Latency: 2666ms.
11-05-2026-15:02 | SYS | INFO | User Login | User 'system@domain.com' authenticated via OAuth2 provider.
11-05-2026-15:04 | LOG | WARNING | Unusual Traffic Pattern | General system operation executed successfully.
11-05-2026-15:05 | SYS | INFO | Database Sync | Synchronized 159 records with the primary PostgreSQL instance.
11-05-2026-15:06 | SYS | INFO | User Login | User 'm.curie@domain.com' authenticated via OAuth2 provider.
11-05-2026-15:07 | SYS | INFO | File Upload | Resource 'data_350.ext' stored successfully in Azure Blob Storage.
11-05-2026-15:10 | SYS | INFO | Cache Refresh | General system operation executed successfully.
11-05-2026-15:12 | SYS | INFO | User Login | User 'j.doe@domain.com' authenticated via OAuth2 provider.
11-05-2026-15:13 | LOG | INFO | Background Job Completed | General system operation executed successfully.
11-05-2026-15:14 | SYS | INFO | Database Sync | Synchronized 173 records with the primary PostgreSQL instance.
11-05-2026-15:17 | LOG | INFO | Background Job Completed | General system operation executed successfully.
11-05-2026-15:18 | LOG | WARNING | Unusual Traffic Pattern | General system operation executed successfully.
11-05-2026-15:20 | LOG | WARNING | Memory Pressure | LOH (Large Object Heap) fragmentation detected. GC triggered.
11-05-2026-15:22 | SYS | INFO | Cache Refresh | General system operation executed successfully.
11-05-2026-15:25 | LOG | WARNING | Memory Pressure | LOH (Large Object Heap) fragmentation detected. GC triggered.
11-05-2026-15:26 | SYS | INFO | Database Sync | Synchronized 490 records with the primary PostgreSQL instance.
11-05-2026-15:29 | SYS | INFO | Cache Refresh | General system operation executed successfully.
11-05-2026-15:30 | SYS | ERROR | Disk Full | Volume D:\ has 0 bytes free. Write operations blocked.
11-05-2026-15:32 | LOG | ERROR | Log Writer Failed | Serilog file sink threw IOException: no space left on device.
11-05-2026-15:33 | DB | ERROR | SQL Constraint Violation | EF Core: Cannot insert duplicate key in table 'Orders'.
11-05-2026-15:35 | WORKER | ERROR | Background Job Failed | Hangfire job 'NightlyReport' aborted after 3 retries.
11-05-2026-15:35 | SYS | INFO | User Login | User 's.smith@domain.com' authenticated via OAuth2 provider.
11-05-2026-15:37 | SYS | WARNING | Disk Space Low | General system operation executed successfully.
11-05-2026-15:38 | LOG | INFO | API Request Success | General system operation executed successfully.
11-05-2026-15:41 | LOG | INFO | Middleware Pipeline | General system operation executed successfully.
11-05-2026-15:42 | SYS | WARNING | Deprecated API Call | Usage of obsolete method 'GetLegacyData()'. Switch to V2.
11-05-2026-15:44 | LOG | INFO | Background Job Completed | General system operation executed successfully.
11-05-2026-15:46 | SYS | WARNING | Disk Space Low | General system operation executed successfully.
11-05-2026-15:47 | LOG | INFO | Token Refresh | General system operation executed successfully.
11-05-2026-15:50 | LOG | WARNING | Unusual Traffic Pattern | General system operation executed successfully.
11-05-2026-15:52 | SYS | INFO | Health Check | All endpoints reported 200 OK. Latency: 5618ms.
11-05-2026-15:55 | SYS | INFO | Cache Refresh | General system operation executed successfully.
11-05-2026-15:57 | SYS | INFO | File Upload | Resource 'data_402.ext' stored successfully in Azure Blob Storage.
11-05-2026-15:58 | LOG | INFO | Middleware Pipeline | General system operation executed successfully.
11-05-2026-16:00 | SYS | INFO | User Login | User 'j.doe@domain.com' authenticated via OAuth2 provider.
11-05-2026-16:02 | SYS | WARNING | Disk Space Low | General system operation executed successfully.
11-05-2026-16:04 | LOG | INFO | Background Job Completed | General system operation executed successfully.
11-05-2026-16:05 | SYS | INFO | Cache Refresh | General system operation executed successfully.
11-05-2026-16:06 | LOG | INFO | Background Job Completed | General system operation executed successfully.
11-05-2026-16:09 | LOG | WARNING | Memory Pressure | LOH (Large Object Heap) fragmentation detected. GC triggered.
11-05-2026-16:11 | SYS | WARNING | Session Timeout Warning | General system operation executed successfully.
11-05-2026-16:13 | SYS | WARNING | Session Timeout Warning | General system operation executed successfully.
11-05-2026-16:14 | LOG | INFO | Middleware Pipeline | General system operation executed successfully.
11-05-2026-16:15 | SYS | INFO | Cache Refresh | General system operation executed successfully.
11-05-2026-16:16 | LOG | INFO | Service Started | Worker service 'QueueListener' initialized on .NET 9.0.1.
11-05-2026-16:19 | LOG | INFO | Service Started | Worker service 'QueueListener' initialized on .NET 9.0.1.
11-05-2026-16:22 | SYS | WARNING | Session Timeout Warning | General system operation executed successfully.
11-05-2026-16:23 | LOG | WARNING | Memory Pressure | LOH (Large Object Heap) fragmentation detected. GC triggered.
11-05-2026-16:26 | LOG | INFO | API Request Success | General system operation executed successfully.
11-05-2026-16:27 | LOG | WARNING | Unusual Traffic Pattern | General system operation executed successfully.
11-05-2026-16:29 | LOG | INFO | Middleware Pipeline | General system operation executed successfully.
11-05-2026-16:31 | LOG | INFO | API Request Success | General system operation executed successfully.
11-05-2026-16:32 | LOG | INFO | Token Refresh | General system operation executed successfully.
11-05-2026-16:34 | LOG | INFO | Service Started | Worker service 'QueueListener' initialized on .NET 9.0.1.
11-05-2026-16:36 | SYS | WARNING | Session Timeout Warning | General system operation executed successfully.
11-05-2026-16:38 | SYS | INFO | Health Check | All endpoints reported 200 OK. Latency: 5589ms.
11-05-2026-16:39 | LOG | INFO | Background Job Completed | General system operation executed successfully.
11-05-2026-16:40 | LOG | INFO | Middleware Pipeline | General system operation executed successfully.
11-05-2026-16:43 | LOG | INFO | Token Refresh | General system operation executed successfully.
11-05-2026-16:45 | LOG | INFO | Service Started | Worker service 'QueueListener' initialized on .NET 9.0.1.
11-05-2026-16:48 | SYS | INFO | File Upload | Resource 'data_851.ext' stored successfully in Azure Blob Storage.
11-05-2026-16:50 | SYS | INFO | User Login | User 'j.doe@domain.com' authenticated via OAuth2 provider.
11-05-2026-16:52 | SYS | INFO | Health Check | All endpoints reported 200 OK. Latency: 7372ms.
11-05-2026-16:54 | SYS | INFO | Cache Refresh | General system operation executed successfully.
11-05-2026-16:56 | LOG | INFO | API Request Success | General system operation executed successfully.
11-05-2026-16:58 | LOG | INFO | Token Refresh | General system operation executed successfully.
11-05-2026-17:01 | LOG | INFO | Middleware Pipeline | General system operation executed successfully.
11-05-2026-17:04 | SYS | INFO | User Login | User 'system@domain.com' authenticated via OAuth2 provider.
11-05-2026-17:07 | LOG | INFO | Service Started | Worker service 'QueueListener' initialized on .NET 9.0.1.
11-05-2026-17:08 | SYS | INFO | Database Sync | Synchronized 178 records with the primary PostgreSQL instance.
11-05-2026-17:09 | SYS | INFO | User Login | User 'system@domain.com' authenticated via OAuth2 provider.
11-05-2026-17:12 | LOG | WARNING | Unusual Traffic Pattern | General system operation executed successfully.
11-05-2026-17:13 | SYS | INFO | Database Sync | Synchronized 347 records with the primary PostgreSQL instance.
11-05-2026-17:14 | LOG | INFO | Token Refresh | General system operation executed successfully.
11-05-2026-17:16 | SYS | WARNING | Disk Space Low | General system operation executed successfully.
11-05-2026-17:18 | SYS | INFO | Health Check | All endpoints reported 200 OK. Latency: 7429ms.
11-05-2026-17:19 | LOG | INFO | Middleware Pipeline | General system operation executed successfully.
11-05-2026-17:21 | SYS | INFO | User Login | User 'system@domain.com' authenticated via OAuth2 provider.
11-05-2026-17:21 | LOG | INFO | Middleware Pipeline | General system operation executed successfully.
11-05-2026-17:24 | LOG | WARNING | Memory Pressure | LOH (Large Object Heap) fragmentation detected. GC triggered.
11-05-2026-17:27 | LOG | INFO | Background Job Completed | General system operation executed successfully.
11-05-2026-17:29 | SYS | INFO | Health Check | All endpoints reported 200 OK. Latency: 7615ms.
11-05-2026-17:30 | SYS | WARNING | Session Timeout Warning | General system operation executed successfully.
11-05-2026-17:31 | LOG | INFO | Service Started | Worker service 'QueueListener' initialized on .NET 9.0.1.
11-05-2026-17:33 | SYS | INFO | Cache Refresh | General system operation executed successfully.
11-05-2026-17:35 | LOG | INFO | API Request Success | General system operation executed successfully.
11-05-2026-17:36 | SYS | INFO | Health Check | All endpoints reported 200 OK. Latency: 7072ms.
11-05-2026-17:37 | LOG | WARNING | Memory Pressure | LOH (Large Object Heap) fragmentation detected. GC triggered.
11-05-2026-17:38 | SYS | INFO | File Upload | Resource 'data_436.ext' stored successfully in Azure Blob Storage.
11-05-2026-17:40 | SYS | WARNING | Session Timeout Warning | General system operation executed successfully.
11-05-2026-17:41 | LOG | INFO | API Request Success | General system operation executed successfully.
11-05-2026-17:43 | LOG | INFO | Background Job Completed | General system operation executed successfully.
11-05-2026-17:45 | LOG | WARNING | Unusual Traffic Pattern | General system operation executed successfully.
11-05-2026-17:47 | LOG | INFO | Background Job Completed | General system operation executed successfully.
11-05-2026-17:50 | LOG | INFO | Background Job Completed | General system operation executed successfully.
11-05-2026-17:53 | LOG | INFO | Middleware Pipeline | General system operation executed successfully.
11-05-2026-17:53 | LOG | INFO | Middleware Pipeline | General system operation executed successfully.
11-05-2026-17:56 | SYS | INFO | User Login | User 'j.doe@domain.com' authenticated via OAuth2 provider.
11-05-2026-17:57 | LOG | INFO | Service Started | Worker service 'QueueListener' initialized on .NET 9.0.1.
11-05-2026-17:59 | LOG | WARNING | Unusual Traffic Pattern | General system operation executed successfully.
11-05-2026-18:00 | SYS | WARNING | Session Timeout Warning | General system operation executed successfully.
11-05-2026-18:01 | LOG | WARNING | Memory Pressure | LOH (Large Object Heap) fragmentation detected. GC triggered.
11-05-2026-18:02 | SYS | INFO | Cache Refresh | General system operation executed successfully.
11-05-2026-18:04 | LOG | INFO | Background Job Completed | General system operation executed successfully.
11-05-2026-18:06 | LOG | INFO | Background Job Completed | General system operation executed successfully.
11-05-2026-18:07 | SYS | INFO | Cache Refresh | General system operation executed successfully.
11-05-2026-18:07 | LOG | INFO | API Request Success | General system operation executed successfully.
11-05-2026-18:09 | LOG | INFO | Service Started | Worker service 'QueueListener' initialized on .NET 9.0.1.
11-05-2026-18:10 | LOG | INFO | Service Started | Worker service 'QueueListener' initialized on .NET 9.0.1.
11-05-2026-18:12 | LOG | WARNING | Unusual Traffic Pattern | General system operation executed successfully.
11-05-2026-18:13 | LOG | INFO | Token Refresh | General system operation executed successfully.
11-05-2026-18:14 | LOG | INFO | Background Job Completed | General system operation executed successfully.
11-05-2026-18:16 | LOG | INFO | Token Refresh | General system operation executed successfully.
11-05-2026-18:17 | LOG | INFO | Service Started | Worker service 'QueueListener' initialized on .NET 9.0.1.
11-05-2026-18:18 | LOG | INFO | Token Refresh | General system operation executed successfully.
11-05-2026-18:20 | SYS | WARNING | Deprecated API Call | Usage of obsolete method 'GetLegacyData()'. Switch to V2.
11-05-2026-18:22 | SYS | INFO | Health Check | All endpoints reported 200 OK. Latency: 462ms.
11-05-2026-18:23 | SYS | INFO | Cache Refresh | General system operation executed successfully.
11-05-2026-18:24 | SYS | ERROR | Disk Full | Volume D:\ has 0 bytes free. Write operations blocked.
11-05-2026-18:25 | LOG | ERROR | Log Writer Failed | Serilog file sink threw IOException: no space left on device.
11-05-2026-18:27 | DB | ERROR | SQL Constraint Violation | EF Core: Cannot insert duplicate key in table 'Orders'.
11-05-2026-18:28 | WORKER | ERROR | Background Job Failed | Hangfire job 'NightlyReport' aborted after 3 retries.
11-05-2026-18:29 | SYS | INFO | Cache Refresh | General system operation executed successfully.
11-05-2026-18:32 | LOG | WARNING | Memory Pressure | LOH (Large Object Heap) fragmentation detected. GC triggered.
11-05-2026-18:34 | LOG | WARNING | Memory Pressure | LOH (Large Object Heap) fragmentation detected. GC triggered.
11-05-2026-18:36 | SYS | INFO | Database Sync | Synchronized 137 records with the primary PostgreSQL instance.
11-05-2026-18:38 | LOG | INFO | Service Started | Worker service 'QueueListener' initialized on .NET 9.0.1.
11-05-2026-18:39 | SYS | INFO | Cache Refresh | General system operation executed successfully.
11-05-2026-18:42 | LOG | INFO | Service Started | Worker service 'QueueListener' initialized on .NET 9.0.1.
11-05-2026-18:43 | SYS | WARNING | Disk Space Low | General system operation executed successfully.
11-05-2026-18:45 | SYS | INFO | User Login | User 's.smith@domain.com' authenticated via OAuth2 provider.
11-05-2026-18:48 | SYS | INFO | Health Check | All endpoints reported 200 OK. Latency: 454ms.
11-05-2026-18:49 | LOG | INFO | Token Refresh | General system operation executed successfully.
11-05-2026-18:51 | LOG | INFO | Background Job Completed | General system operation executed successfully.
11-05-2026-18:52 | SYS | INFO | User Login | User 'j.doe@domain.com' authenticated via OAuth2 provider.
11-05-2026-18:53 | SYS | INFO | Health Check | All endpoints reported 200 OK. Latency: 2160ms.
11-05-2026-18:54 | SYS | INFO | File Upload | Resource 'data_807.ext' stored successfully in Azure Blob Storage.
11-05-2026-18:55 | LOG | INFO | Background Job Completed | General system operation executed successfully.
11-05-2026-18:58 | SYS | WARNING | Deprecated API Call | Usage of obsolete method 'GetLegacyData()'. Switch to V2.
11-05-2026-19:01 | LOG | WARNING | Unusual Traffic Pattern | General system operation executed successfully.
11-05-2026-19:02 | LOG | INFO | Token Refresh | General system operation executed successfully.
11-05-2026-19:03 | SYS | INFO | Health Check | All endpoints reported 200 OK. Latency: 6690ms.
11-05-2026-19:06 | LOG | WARNING | Memory Pressure | LOH (Large Object Heap) fragmentation detected. GC triggered.
11-05-2026-19:07 | SYS | INFO | Cache Refresh | General system operation executed successfully.
11-05-2026-19:09 | SYS | INFO | Health Check | All endpoints reported 200 OK. Latency: 3244ms.
11-05-2026-19:11 | LOG | INFO | Service Started | Worker service 'QueueListener' initialized on .NET 9.0.1.
11-05-2026-19:12 | LOG | WARNING | Memory Pressure | LOH (Large Object Heap) fragmentation detected. GC triggered.
11-05-2026-19:15 | SYS | WARNING | Deprecated API Call | Usage of obsolete method 'GetLegacyData()'. Switch to V2.
11-05-2026-19:16 | LOG | INFO | Token Refresh | General system operation executed successfully.
11-05-2026-19:18 | SYS | WARNING | Session Timeout Warning | General system operation executed successfully.
11-05-2026-19:21 | SYS | WARNING | Session Timeout Warning | General system operation executed successfully.
11-05-2026-19:23 | SYS | INFO | User Login | User 's.smith@domain.com' authenticated via OAuth2 provider.
11-05-2026-19:25 | LOG | WARNING | Unusual Traffic Pattern | General system operation executed successfully.
11-05-2026-19:26 | LOG | INFO | Service Started | Worker service 'QueueListener' initialized on .NET 9.0.1.
11-05-2026-19:27 | LOG | INFO | Token Refresh | General system operation executed successfully.
11-05-2026-19:29 | SYS | INFO | Health Check | All endpoints reported 200 OK. Latency: 471ms.
11-05-2026-19:31 | LOG | WARNING | Unusual Traffic Pattern | General system operation executed successfully.
11-05-2026-19:32 | AUTH | ERROR | JWT Signing Key Missing | KeyVault secret 'jwt-prod' not found. Auth middleware aborted.
11-05-2026-19:33 | API | ERROR | Unauthorized Access | IP 185.x.x.x blocked after 5 failed JWT attempts.
11-05-2026-19:34 | SYS | ERROR | Dependency Injection Failure | IAuthService could not be resolved at runtime.
11-05-2026-19:36 | UI | ERROR | Session Lost | All active sessions invalidated. Users redirected to /login.
11-05-2026-19:38 | SYS | INFO | Health Check | All endpoints reported 200 OK. Latency: 3341ms.
11-05-2026-19:40 | SYS | INFO | File Upload | Resource 'data_119.ext' stored successfully in Azure Blob Storage.
11-05-2026-19:43 | SYS | INFO | Cache Refresh | General system operation executed successfully.
11-05-2026-19:44 | SYS | INFO | File Upload | Resource 'data_230.ext' stored successfully in Azure Blob Storage.
11-05-2026-19:46 | SYS | INFO | Health Check | All endpoints reported 200 OK. Latency: 6134ms.
11-05-2026-19:48 | SYS | WARNING | Deprecated API Call | Usage of obsolete method 'GetLegacyData()'. Switch to V2.
11-05-2026-19:51 | SYS | WARNING | Session Timeout Warning | General system operation executed successfully.
11-05-2026-19:52 | LOG | INFO | Token Refresh | General system operation executed successfully.
11-05-2026-19:53 | SYS | WARNING | Deprecated API Call | Usage of obsolete method 'GetLegacyData()'. Switch to V2.
11-05-2026-19:55 | LOG | INFO | Service Started | Worker service 'QueueListener' initialized on .NET 9.0.1.
11-05-2026-19:58 | LOG | INFO | Background Job Completed | General system operation executed successfully.
11-05-2026-19:59 | SYS | WARNING | Disk Space Low | General system operation executed successfully.
11-05-2026-20:02 | SYS | INFO | Cache Refresh | General system operation executed successfully.
11-05-2026-20:02 | LOG | INFO | Background Job Completed | General system operation executed successfully.
11-05-2026-20:04 | LOG | INFO | API Request Success | General system operation executed successfully.
11-05-2026-20:06 | SYS | WARNING | Session Timeout Warning | General system operation executed successfully.
11-05-2026-20:07 | LOG | INFO | Background Job Completed | General system operation executed successfully.
11-05-2026-20:08 | LOG | INFO | Token Refresh | General system operation executed successfully.
11-05-2026-20:11 | SYS | WARNING | Disk Space Low | General system operation executed successfully.
11-05-2026-20:14 | SYS | INFO | Cache Refresh | General system operation executed successfully.
11-05-2026-20:16 | LOG | INFO | API Request Success | General system operation executed successfully.
11-05-2026-20:17 | LOG | INFO | Background Job Completed | General system operation executed successfully.
11-05-2026-20:19 | SYS | INFO | User Login | User 'm.curie@domain.com' authenticated via OAuth2 provider.
11-05-2026-20:21 | SYS | INFO | Health Check | All endpoints reported 200 OK. Latency: 708ms.
11-05-2026-20:23 | LOG | INFO | Service Started | Worker service 'QueueListener' initialized on .NET 9.0.1.
11-05-2026-20:24 | LOG | INFO | API Request Success | General system operation executed successfully.
11-05-2026-20:24 | SYS | INFO | Health Check | All endpoints reported 200 OK. Latency: 3361ms.
11-05-2026-20:26 | SYS | INFO | File Upload | Resource 'data_574.ext' stored successfully in Azure Blob Storage.
11-05-2026-20:28 | SYS | INFO | File Upload | Resource 'data_256.ext' stored successfully in Azure Blob Storage.
11-05-2026-20:30 | SYS | WARNING | Deprecated API Call | Usage of obsolete method 'GetLegacyData()'. Switch to V2.
11-05-2026-20:30 | SYS | WARNING | Deprecated API Call | Usage of obsolete method 'GetLegacyData()'. Switch to V2.
11-05-2026-20:32 | LOG | INFO | Token Refresh | General system operation executed successfully.
11-05-2026-20:34 | LOG | INFO | API Request Success | General system operation executed successfully.
11-05-2026-20:36 | LOG | INFO | Background Job Completed | General system operation executed successfully.
11-05-2026-20:36 | LOG | WARNING | Unusual Traffic Pattern | General system operation executed successfully.
11-05-2026-20:39 | SYS | INFO | Database Sync | Synchronized 336 records with the primary PostgreSQL instance.
11-05-2026-20:40 | SYS | WARNING | Deprecated API Call | Usage of obsolete method 'GetLegacyData()'. Switch to V2.
11-05-2026-20:42 | LOG | INFO | Service Started | Worker service 'QueueListener' initialized on .NET 9.0.1.
11-05-2026-20:45 | SYS | INFO | Health Check | All endpoints reported 200 OK. Latency: 6038ms.
11-05-2026-20:46 | LOG | INFO | Background Job Completed | General system operation executed successfully.
11-05-2026-20:47 | LOG | WARNING | Memory Pressure | LOH (Large Object Heap) fragmentation detected. GC triggered.
11-05-2026-20:49 | SYS | WARNING | Deprecated API Call | Usage of obsolete method 'GetLegacyData()'. Switch to V2.
11-05-2026-20:51 | SYS | INFO | File Upload | Resource 'data_359.ext' stored successfully in Azure Blob Storage.
11-05-2026-20:52 | LOG | INFO | Middleware Pipeline | General system operation executed successfully.
11-05-2026-20:55 | LOG | INFO | Background Job Completed | General system operation executed successfully.
11-05-2026-20:57 | SYS | WARNING | Disk Space Low | General system operation executed successfully.
11-05-2026-20:59 | LOG | INFO | Service Started | Worker service 'QueueListener' initialized on .NET 9.0.1.
11-05-2026-21:01 | LOG | WARNING | Unusual Traffic Pattern | General system operation executed successfully.
11-05-2026-21:02 | SYS | INFO | Database Sync | Synchronized 147 records with the primary PostgreSQL instance.
11-05-2026-21:02 | SYS | WARNING | Session Timeout Warning | General system operation executed successfully.
11-05-2026-21:04 | SYS | WARNING | Deprecated API Call | Usage of obsolete method 'GetLegacyData()'. Switch to V2.
11-05-2026-21:06 | LOG | INFO | Middleware Pipeline | General system operation executed successfully.
11-05-2026-21:08 | SYS | INFO | Health Check | All endpoints reported 200 OK. Latency: 2183ms.
11-05-2026-21:09 | LOG | INFO | Service Started | Worker service 'QueueListener' initialized on .NET 9.0.1.
11-05-2026-21:10 | LOG | INFO | Service Started | Worker service 'QueueListener' initialized on .NET 9.0.1.
11-05-2026-21:12 | SYS | WARNING | Deprecated API Call | Usage of obsolete method 'GetLegacyData()'. Switch to V2.
11-05-2026-21:14 | LOG | WARNING | Unusual Traffic Pattern | General system operation executed successfully.
11-05-2026-21:17 | LOG | INFO | API Request Success | General system operation executed successfully.
11-05-2026-21:19 | LOG | INFO | Token Refresh | General system operation executed successfully.
11-05-2026-21:22 | LOG | INFO | Service Started | Worker service 'QueueListener' initialized on .NET 9.0.1.
11-05-2026-21:24 | LOG | INFO | Middleware Pipeline | General system operation executed successfully.
11-05-2026-21:25 | LOG | WARNING | Memory Pressure | LOH (Large Object Heap) fragmentation detected. GC triggered.
11-05-2026-21:27 | SYS | INFO | Database Sync | Synchronized 253 records with the primary PostgreSQL instance.
11-05-2026-21:29 | LOG | WARNING | Unusual Traffic Pattern | General system operation executed successfully.
11-05-2026-21:31 | LOG | INFO | Token Refresh | General system operation executed successfully.
11-05-2026-21:34 | LOG | WARNING | Memory Pressure | LOH (Large Object Heap) fragmentation detected. GC triggered.
11-05-2026-21:36 | LOG | WARNING | Memory Pressure | LOH (Large Object Heap) fragmentation detected. GC triggered.
11-05-2026-21:38 | LOG | WARNING | Memory Pressure | LOH (Large Object Heap) fragmentation detected. GC triggered.
11-05-2026-21:41 | SYS | WARNING | Deprecated API Call | Usage of obsolete method 'GetLegacyData()'. Switch to V2.
11-05-2026-21:42 | SYS | WARNING | Session Timeout Warning | General system operation executed successfully.
11-05-2026-21:44 | SYS | INFO | Cache Refresh | General system operation executed successfully.
11-05-2026-21:46 | SYS | WARNING | Deprecated API Call | Usage of obsolete method 'GetLegacyData()'. Switch to V2.
11-05-2026-21:48 | LOG | WARNING | Memory Pressure | LOH (Large Object Heap) fragmentation detected. GC triggered.
11-05-2026-21:50 | SYS | INFO | Cache Refresh | General system operation executed successfully.
11-05-2026-21:51 | LOG | INFO | API Request Success | General system operation executed successfully.
11-05-2026-21:54 | LOG | WARNING | Memory Pressure | LOH (Large Object Heap) fragmentation detected. GC triggered.
11-05-2026-21:57 | SYS | WARNING | Session Timeout Warning | General system operation executed successfully.
11-05-2026-21:58 | LOG | INFO | Token Refresh | General system operation executed successfully.
11-05-2026-22:01 | LOG | INFO | API Request Success | General system operation executed successfully.
11-05-2026-22:02 | LOG | WARNING | Memory Pressure | LOH (Large Object Heap) fragmentation detected. GC triggered.
11-05-2026-22:05 | LOG | INFO | Middleware Pipeline | General system operation executed successfully.
11-05-2026-22:08 | SYS | INFO | Database Sync | Synchronized 316 records with the primary PostgreSQL instance.
11-05-2026-22:09 | SYS | INFO | User Login | User 'system@domain.com' authenticated via OAuth2 provider.
11-05-2026-22:09 | LOG | WARNING | Unusual Traffic Pattern | General system operation executed successfully.
11-05-2026-22:12 | SYS | WARNING | Deprecated API Call | Usage of obsolete method 'GetLegacyData()'. Switch to V2.
11-05-2026-22:13 | SYS | INFO | User Login | User 'm.curie@domain.com' authenticated via OAuth2 provider.
11-05-2026-22:15 | LOG | INFO | Middleware Pipeline | General system operation executed successfully.
11-05-2026-22:17 | SYS | INFO | Database Sync | Synchronized 73 records with the primary PostgreSQL instance.
11-05-2026-22:18 | SYS | WARNING | Deprecated API Call | Usage of obsolete method 'GetLegacyData()'. Switch to V2.
11-05-2026-22:21 | SYS | INFO | Database Sync | Synchronized 149 records with the primary PostgreSQL instance.
11-05-2026-22:23 | LOG | INFO | Service Started | Worker service 'QueueListener' initialized on .NET 9.0.1.
11-05-2026-22:26 | SYS | INFO | File Upload | Resource 'data_386.ext' stored successfully in Azure Blob Storage.
11-05-2026-22:29 | LOG | INFO | Middleware Pipeline | General system operation executed successfully.
11-05-2026-22:31 | SYS | WARNING | Disk Space Low | General system operation executed successfully.
11-05-2026-22:34 | SYS | INFO | Database Sync | Synchronized 261 records with the primary PostgreSQL instance.