11-05-2026-08:00 | LOG | WARNING | Memory Pressure | LOH (Large Object Heap) fragmentation detected. GC triggered.
11-05-2026-08:00 | SYS | INFO | Database Sync | Synchronized 182 records with the primary PostgreSQL instance.
11-05-2026-08:02 | LOG | INFO | API Request Success | General system operation executed successfully.
11-05-2026-08:04 | SYS | INFO | User Login | User 'admin@domain.com' authenticated via OAuth2 provider.
11-05-2026-08:05 | SYS | INFO | Database Sync | Synchronized 271 records with the primary PostgreSQL instance.
11-05-2026-08:06 | SYS | INFO | Database Sync | Synchronized 463 records with the primary PostgreSQL instance.
11-05-2026-08:09 | SYS | INFO | Health Check | All endpoints reported 200 OK. Latency: 813ms.
11-05-2026-08:10 | SYS | INFO | User Login | User 'j.doe@domain.com' authenticated via OAuth2 provider.
11-05-2026-08:12 | LOG | INFO | Middleware Pipeline | General system operation executed successfully.
11-05-2026-08:15 | SYS | INFO | Database Sync | Synchronized 311 records with the primary PostgreSQL instance.
11-05-2026-08:16 | SYS | WARNING | Disk Space Low | General system operation executed successfully.
11-05-2026-08:18 | LOG | INFO | Service Started | Worker service 'QueueListener' initialized on .NET 9.0.1.
11-05-2026-08:20 | SYS | WARNING | Session Timeout Warning | General system operation executed successfully.
11-05-2026-08:23 | LOG | INFO | Service Started | Worker service 'QueueListener' initialized on .NET 9.0.1.
11-05-2026-08:26 | LOG | INFO | API Request Success | General system operation executed successfully.
11-05-2026-08:27 | SYS | INFO | Database Sync | Synchronized 331 records with the primary PostgreSQL instance.
11-05-2026-08:30 | LOG | WARNING | Unusual Traffic Pattern | General system operation executed successfully.
11-05-2026-08:31 | SYS | INFO | Health Check | All endpoints reported 200 OK. Latency: 2723ms.
11-05-2026-08:33 | SYS | WARNING | Disk Space Low | General system operation executed successfully.
11-05-2026-08:34 | LOG | INFO | Background Job Completed | General system operation executed successfully.
11-05-2026-08:35 | SYS | WARNING | Session Timeout Warning | General system operation executed successfully.
11-05-2026-08:37 | SYS | WARNING | Session Timeout Warning | General system operation executed successfully.
11-05-2026-08:38 | LOG | WARNING | Unusual Traffic Pattern | General system operation executed successfully.
11-05-2026-08:40 | LOG | WARNING | Unusual Traffic Pattern | General system operation executed successfully.
11-05-2026-08:42 | SYS | INFO | Database Sync | Synchronized 73 records with the primary PostgreSQL instance.
11-05-2026-08:43 | LOG | INFO | API Request Success | General system operation executed successfully.
11-05-2026-08:46 | SYS | INFO | Cache Refresh | General system operation executed successfully.
11-05-2026-08:47 | LOG | INFO | Token Refresh | General system operation executed successfully.
11-05-2026-08:49 | LOG | WARNING | Memory Pressure | LOH (Large Object Heap) fragmentation detected. GC triggered.
11-05-2026-08:49 | SYS | INFO | Health Check | All endpoints reported 200 OK. Latency: 3842ms.
11-05-2026-08:50 | SYS | WARNING | Deprecated API Call | Usage of obsolete method 'GetLegacyData()'. Switch to V2.
11-05-2026-08:51 | SYS | WARNING | Deprecated API Call | Usage of obsolete method 'GetLegacyData()'. Switch to V2.
11-05-2026-08:53 | SYS | WARNING | Session Timeout Warning | General system operation executed successfully.
11-05-2026-08:56 | SYS | INFO | File Upload | Resource 'data_508.ext' stored successfully in Azure Blob Storage.
11-05-2026-08:59 | AUTH | ERROR | JWT Signing Key Missing | KeyVault secret 'jwt-prod' not found. Auth middleware aborted.
11-05-2026-09:01 | API | ERROR | Unauthorized Access | IP 185.x.x.x blocked after 5 failed JWT attempts.
11-05-2026-09:01 | SYS | ERROR | Dependency Injection Failure | IAuthService could not be resolved at runtime.
11-05-2026-09:02 | UI | ERROR | Session Lost | All active sessions invalidated. Users redirected to /login.
11-05-2026-09:03 | LOG | INFO | Middleware Pipeline | General system operation executed successfully.
11-05-2026-09:03 | SYS | INFO | User Login | User 'admin@domain.com' authenticated via OAuth2 provider.
11-05-2026-09:05 | SYS | INFO | Database Sync | Synchronized 65 records with the primary PostgreSQL instance.
11-05-2026-09:07 | SYS | WARNING | Disk Space Low | General system operation executed successfully.
11-05-2026-09:08 | LOG | INFO | API Request Success | General system operation executed successfully.
11-05-2026-09:08 | LOG | WARNING | Unusual Traffic Pattern | General system operation executed successfully.
11-05-2026-09:09 | SYS | WARNING | Session Timeout Warning | General system operation executed successfully.
11-05-2026-09:12 | DB | ERROR | Database Timeout | Connection to SQL Server '10.0.0.5' timed out after 30000ms.
11-05-2026-09:13 | API | ERROR | API Latency Spike | Endpoint /orders/list response time > 15000ms.
11-05-2026-09:15 | WORKER | ERROR | Job Queue Backpressure | Hangfire queue 'default' size exceeded threshold (2500).
11-05-2026-09:16 | UI | ERROR | UI Crash | Frontend React app reported unhandled promise rejection.
11-05-2026-09:16 | SYS | INFO | User Login | User 'm.curie@domain.com' authenticated via OAuth2 provider.
11-05-2026-09:17 | LOG | INFO | Background Job Completed | General system operation executed successfully.
11-05-2026-09:18 | LOG | INFO | Token Refresh | General system operation executed successfully.
11-05-2026-09:19 | SYS | INFO | Health Check | All endpoints reported 200 OK. Latency: 5244ms.
11-05-2026-09:20 | SYS | INFO | File Upload | Resource 'data_811.ext' stored successfully in Azure Blob Storage.
11-05-2026-09:21 | LOG | WARNING | Unusual Traffic Pattern | General system operation executed successfully.
11-05-2026-09:22 | LOG | INFO | Background Job Completed | General system operation executed successfully.
11-05-2026-09:23 | SYS | WARNING | Disk Space Low | General system operation executed successfully.
11-05-2026-09:24 | SYS | INFO | Health Check | All endpoints reported 200 OK. Latency: 4395ms.
11-05-2026-09:26 | SYS | WARNING | Session Timeout Warning | General system operation executed successfully.
11-05-2026-09:27 | SYS | INFO | File Upload | Resource 'data_857.ext' stored successfully in Azure Blob Storage.
11-05-2026-09:29 | SYS | WARNING | Session Timeout Warning | General system operation executed successfully.
11-05-2026-09:31 | SYS | WARNING | Disk Space Low | General system operation executed successfully.
11-05-2026-09:33 | SYS | INFO | User Login | User 's.smith@domain.com' authenticated via OAuth2 provider.
11-05-2026-09:34 | SYS | INFO | User Login | User 'system@domain.com' authenticated via OAuth2 provider.
11-05-2026-09:36 | LOG | INFO | Middleware Pipeline | General system operation executed successfully.
11-05-2026-09:38 | SYS | WARNING | Disk Space Low | General system operation executed successfully.
11-05-2026-09:41 | SYS | WARNING | Deprecated API Call | Usage of obsolete method 'GetLegacyData()'. Switch to V2.
11-05-2026-09:44 | DB | ERROR | Database Timeout | Connection to SQL Server '10.0.0.5' timed out after 30000ms.
11-05-2026-09:44 | API | ERROR | API Latency Spike | Endpoint /orders/list response time > 15000ms.
11-05-2026-09:45 | WORKER | ERROR | Job Queue Backpressure | Hangfire queue 'default' size exceeded threshold (2500).
11-05-2026-09:47 | UI | ERROR | UI Crash | Frontend React app reported unhandled promise rejection.
11-05-2026-09:48 | LOG | INFO | Token Refresh | General system operation executed successfully.
11-05-2026-09:49 | SYS | INFO | User Login | User 'm.curie@domain.com' authenticated via OAuth2 provider.
11-05-2026-09:52 | LOG | WARNING | Memory Pressure | LOH (Large Object Heap) fragmentation detected. GC triggered.
11-05-2026-09:53 | LOG | WARNING | Memory Pressure | LOH (Large Object Heap) fragmentation detected. GC triggered.
11-05-2026-09:55 | SYS | WARNING | Deprecated API Call | Usage of obsolete method 'GetLegacyData()'. Switch to V2.
11-05-2026-09:56 | LOG | INFO | Middleware Pipeline | General system operation executed successfully.
11-05-2026-09:57 | SYS | WARNING | Session Timeout Warning | General system operation executed successfully.
11-05-2026-09:58 | LOG | INFO | Background Job Completed | General system operation executed successfully.
11-05-2026-10:00 | SYS | INFO | Health Check | All endpoints reported 200 OK. Latency: 3774ms.
11-05-2026-10:02 | SYS | WARNING | Deprecated API Call | Usage of obsolete method 'GetLegacyData()'. Switch to V2.
11-05-2026-10:02 | LOG | INFO | Token Refresh | General system operation executed successfully.
11-05-2026-10:04 | LOG | INFO | Token Refresh | General system operation executed successfully.
11-05-2026-10:07 | LOG | INFO | Service Started | Worker service 'QueueListener' initialized on .NET 9.0.1.
11-05-2026-10:09 | SYS | INFO | Database Sync | Synchronized 189 records with the primary PostgreSQL instance.
11-05-2026-10:12 | SYS | INFO | User Login | User 'j.doe@domain.com' authenticated via OAuth2 provider.
11-05-2026-10:14 | SYS | INFO | Database Sync | Synchronized 290 records with the primary PostgreSQL instance.
11-05-2026-10:16 | SYS | WARNING | Session Timeout Warning | General system operation executed successfully.
11-05-2026-10:19 | LOG | WARNING | Memory Pressure | LOH (Large Object Heap) fragmentation detected. GC triggered.
11-05-2026-10:21 | SYS | INFO | File Upload | Resource 'data_409.ext' stored successfully in Azure Blob Storage.
11-05-2026-10:24 | LOG | INFO | Middleware Pipeline | General system operation executed successfully.
11-05-2026-10:25 | LOG | INFO | Token Refresh | General system operation executed successfully.
11-05-2026-10:27 | SYS | WARNING | Session Timeout Warning | General system operation executed successfully.
11-05-2026-10:29 | LOG | INFO | Background Job Completed | General system operation executed successfully.
11-05-2026-10:30 | SYS | INFO | Cache Refresh | General system operation executed successfully.
11-05-2026-10:32 | LOG | WARNING | Memory Pressure | LOH (Large Object Heap) fragmentation detected. GC triggered.
11-05-2026-10:33 | LOG | INFO | Middleware Pipeline | General system operation executed successfully.
11-05-2026-10:33 | SYS | INFO | File Upload | Resource 'data_342.ext' stored successfully in Azure Blob Storage.
11-05-2026-10:36 | SYS | INFO | Cache Refresh | General system operation executed successfully.
11-05-2026-10:37 | LOG | WARNING | Memory Pressure | LOH (Large Object Heap) fragmentation detected. GC triggered.
11-05-2026-10:40 | LOG | INFO | Token Refresh | General system operation executed successfully.
11-05-2026-10:41 | SYS | INFO | Database Sync | Synchronized 211 records with the primary PostgreSQL instance.
11-05-2026-10:44 | LOG | WARNING | Unusual Traffic Pattern | General system operation executed successfully.
11-05-2026-10:44 | LOG | INFO | Background Job Completed | General system operation executed successfully.
11-05-2026-10:47 | SYS | INFO | File Upload | Resource 'data_229.ext' stored successfully in Azure Blob Storage.
11-05-2026-10:48 | LOG | INFO | Token Refresh | General system operation executed successfully.
11-05-2026-10:49 | SYS | INFO | File Upload | Resource 'data_169.ext' stored successfully in Azure Blob Storage.
11-05-2026-10:52 | SYS | ERROR | Connection Timeout | Failed to connect to Redis at 10.0.0.12:6379 after 5000ms.
11-05-2026-10:53 | API | WARNING | Cache Miss Storm | Cache miss ratio reached 98% on /catalog endpoint.
11-05-2026-10:54 | DB | WARNING | Slow Query Detected | SELECT * FROM Transactions took 3690ms. Optimization required.
11-05-2026-10:55 | SYS | ERROR | Deadlock Detected | General system operation executed successfully.
11-05-2026-10:56 | LOG | INFO | Middleware Pipeline | General system operation executed successfully.
11-05-2026-10:58 | SYS | WARNING | Deprecated API Call | Usage of obsolete method 'GetLegacyData()'. Switch to V2.
11-05-2026-10:59 | SYS | INFO | Health Check | All endpoints reported 200 OK. Latency: 7651ms.
11-05-2026-11:01 | SYS | WARNING | Disk Space Low | General system operation executed successfully.
11-05-2026-11:02 | SYS | WARNING | Session Timeout Warning | General system operation executed successfully.
11-05-2026-11:04 | SYS | INFO | Health Check | All endpoints reported 200 OK. Latency: 2297ms.
11-05-2026-11:06 | LOG | INFO | API Request Success | General system operation executed successfully.
11-05-2026-11:07 | SYS | INFO | User Login | User 'm.curie@domain.com' authenticated via OAuth2 provider.
11-05-2026-11:09 | SYS | INFO | User Login | User 'admin@domain.com' authenticated via OAuth2 provider.
11-05-2026-11:10 | SYS | INFO | User Login | User 's.smith@domain.com' authenticated via OAuth2 provider.
11-05-2026-11:13 | SYS | WARNING | Disk Space Low | General system operation executed successfully.
11-05-2026-11:14 | LOG | INFO | Middleware Pipeline | General system operation executed successfully.
11-05-2026-11:16 | SYS | WARNING | Disk Space Low | General system operation executed successfully.
11-05-2026-11:17 | SYS | WARNING | Deprecated API Call | Usage of obsolete method 'GetLegacyData()'. Switch to V2.
11-05-2026-11:18 | LOG | INFO | Background Job Completed | General system operation executed successfully.
11-05-2026-11:20 | LOG | WARNING | Memory Pressure | LOH (Large Object Heap) fragmentation detected. GC triggered.
11-05-2026-11:21 | SYS | INFO | File Upload | Resource 'data_157.ext' stored successfully in Azure Blob Storage.
11-05-2026-11:24 | LOG | INFO | Service Started | Worker service 'QueueListener' initialized on .NET 9.0.1.
11-05-2026-11:26 | SYS | WARNING | Deprecated API Call | Usage of obsolete method 'GetLegacyData()'. Switch to V2.
11-05-2026-11:28 | SYS | WARNING | Session Timeout Warning | General system operation executed successfully.
11-05-2026-11:30 | SYS | INFO | Health Check | All endpoints reported 200 OK. Latency: 5232ms.
11-05-2026-11:32 | LOG | INFO | Middleware Pipeline | General system operation executed successfully.
11-05-2026-11:34 | LOG | INFO | API Request Success | General system operation executed successfully.
11-05-2026-11:37 | SYS | WARNING | Session Timeout Warning | General system operation executed successfully.
11-05-2026-11:40 | LOG | WARNING | Unusual Traffic Pattern | General system operation executed successfully.
11-05-2026-11:41 | SYS | INFO | Cache Refresh | General system operation executed successfully.
11-05-2026-11:42 | LOG | INFO | Token Refresh | General system operation executed successfully.
11-05-2026-11:44 | LOG | INFO | Background Job Completed | General system operation executed successfully.
11-05-2026-11:46 | SYS | INFO | File Upload | Resource 'data_257.ext' stored successfully in Azure Blob Storage.
11-05-2026-11:49 | SYS | INFO | User Login | User 'm.curie@domain.com' authenticated via OAuth2 provider.
11-05-2026-11:52 | SYS | INFO | Database Sync | Synchronized 171 records with the primary PostgreSQL instance.
11-05-2026-11:54 | SYS | INFO | Database Sync | Synchronized 253 records with the primary PostgreSQL instance.
11-05-2026-11:54 | SYS | WARNING | Session Timeout Warning | General system operation executed successfully.
11-05-2026-11:55 | LOG | INFO | Middleware Pipeline | General system operation executed successfully.
11-05-2026-11:55 | SYS | WARNING | Deprecated API Call | Usage of obsolete method 'GetLegacyData()'. Switch to V2.
11-05-2026-11:57 | SYS | INFO | Database Sync | Synchronized 302 records with the primary PostgreSQL instance.
11-05-2026-11:59 | SYS | INFO | Cache Refresh | General system operation executed successfully.
11-05-2026-12:01 | LOG | INFO | Middleware Pipeline | General system operation executed successfully.
11-05-2026-12:02 | SYS | INFO | Cache Refresh | General system operation executed successfully.
11-05-2026-12:04 | LOG | INFO | Token Refresh | General system operation executed successfully.
11-05-2026-12:05 | SYS | INFO | Cache Refresh | General system operation executed successfully.
11-05-2026-12:07 | LOG | INFO | Token Refresh | General system operation executed successfully.
11-05-2026-12:10 | SYS | INFO | Cache Refresh | General system operation executed successfully.
11-05-2026-12:12 | SYS | WARNING | Disk Space Low | General system operation executed successfully.
11-05-2026-12:13 | SYS | WARNING | Deprecated API Call | Usage of obsolete method 'GetLegacyData()'. Switch to V2.
11-05-2026-12:15 | SYS | WARNING | Disk Space Low | General system operation executed successfully.
11-05-2026-12:17 | SYS | INFO | Health Check | All endpoints reported 200 OK. Latency: 4460ms.
11-05-2026-12:18 | LOG | INFO | Background Job Completed | General system operation executed successfully.
11-05-2026-12:18 | SYS | INFO | File Upload | Resource 'data_822.ext' stored successfully in Azure Blob Storage.
11-05-2026-12:20 | DB | ERROR | Database Timeout | Connection to SQL Server '10.0.0.5' timed out after 30000ms.
11-05-2026-12:22 | API | ERROR | API Latency Spike | Endpoint /orders/list response time > 15000ms.
11-05-2026-12:23 | WORKER | ERROR | Job Queue Backpressure | Hangfire queue 'default' size exceeded threshold (2500).
11-05-2026-12:24 | UI | ERROR | UI Crash | Frontend React app reported unhandled promise rejection.
11-05-2026-12:24 | LOG | INFO | Background Job Completed | General system operation executed successfully.
11-05-2026-12:26 | SYS | INFO | File Upload | Resource 'data_721.ext' stored successfully in Azure Blob Storage.
11-05-2026-12:26 | SYS | WARNING | Disk Space Low | General system operation executed successfully.
11-05-2026-12:29 | LOG | WARNING | Unusual Traffic Pattern | General system operation executed successfully.
11-05-2026-12:32 | LOG | WARNING | Unusual Traffic Pattern | General system operation executed successfully.
11-05-2026-12:34 | LOG | INFO | Middleware Pipeline | General system operation executed successfully.
11-05-2026-12:36 | LOG | INFO | Middleware Pipeline | General system operation executed successfully.
11-05-2026-12:38 | SYS | INFO | Database Sync | Synchronized 494 records with the primary PostgreSQL instance.
11-05-2026-12:41 | LOG | INFO | Service Started | Worker service 'QueueListener' initialized on .NET 9.0.1.
11-05-2026-12:43 | SYS | WARNING | Session Timeout Warning | General system operation executed successfully.
11-05-2026-12:44 | SYS | WARNING | Disk Space Low | General system operation executed successfully.
11-05-2026-12:46 | SYS | WARNING | Session Timeout Warning | General system operation executed successfully.
11-05-2026-12:49 | SYS | INFO | File Upload | Resource 'data_674.ext' stored successfully in Azure Blob Storage.
11-05-2026-12:50 | LOG | INFO | Background Job Completed | General system operation executed successfully.
11-05-2026-12:52 | LOG | INFO | Token Refresh | General system operation executed successfully.
11-05-2026-12:54 | SYS | INFO | User Login | User 'm.curie@domain.com' authenticated via OAuth2 provider.
11-05-2026-12:55 | SYS | WARNING | Disk Space Low | General system operation executed successfully.
11-05-2026-12:57 | LOG | INFO | Background Job Completed | General system operation executed successfully.
11-05-2026-12:58 | SYS | WARNING | Deprecated API Call | Usage of obsolete method 'GetLegacyData()'. Switch to V2.
11-05-2026-12:59 | LOG | INFO | Service Started | Worker service 'QueueListener' initialized on .NET 9.0.1.
11-05-2026-13:01 | AUTH | ERROR | JWT Signing Key Missing | KeyVault secret 'jwt-prod' not found. Auth middleware aborted.
11-05-2026-13:03 | API | ERROR | Unauthorized Access | IP 185.x.x.x blocked after 5 failed JWT attempts.
11-05-2026-13:03 | SYS | ERROR | Dependency Injection Failure | IAuthService could not be resolved at runtime.
11-05-2026-13:05 | UI | ERROR | Session Lost | All active sessions invalidated. Users redirected to /login.
11-05-2026-13:06 | LOG | INFO | Service Started | Worker service 'QueueListener' initialized on .NET 9.0.1.
11-05-2026-13:09 | LOG | INFO | Token Refresh | General system operation executed successfully.
11-05-2026-13:10 | SYS | INFO | Cache Refresh | General system operation executed successfully.
11-05-2026-13:11 | LOG | INFO | Service Started | Worker service 'QueueListener' initialized on .NET 9.0.1.
11-05-2026-13:12 | LOG | INFO | Token Refresh | General system operation executed successfully.
11-05-2026-13:15 | LOG | INFO | Background Job Completed | General system operation executed successfully.
11-05-2026-13:17 | LOG | INFO | API Request Success | General system operation executed successfully.
11-05-2026-13:18 | SYS | WARNING | Disk Space Low | General system operation executed successfully.
11-05-2026-13:21 | LOG | WARNING | Unusual Traffic Pattern | General system operation executed successfully.
11-05-2026-13:23 | LOG | INFO | Middleware Pipeline | General system operation executed successfully.
11-05-2026-13:24 | SYS | WARNING | Deprecated API Call | Usage of obsolete method 'GetLegacyData()'. Switch to V2.
11-05-2026-13:25 | SYS | INFO | Database Sync | Synchronized 448 records with the primary PostgreSQL instance.
11-05-2026-13:27 | SYS | WARNING | Deprecated API Call | Usage of obsolete method 'GetLegacyData()'. Switch to V2.
11-05-2026-13:30 | LOG | INFO | Token Refresh | General system operation executed successfully.
11-05-2026-13:31 | LOG | INFO | Middleware Pipeline | General system operation executed successfully.
11-05-2026-13:32 | SYS | INFO | Health Check | All endpoints reported 200 OK. Latency: 7878ms.
11-05-2026-13:34 | SYS | INFO | User Login | User 'm.curie@domain.com' authenticated via OAuth2 provider.
11-05-2026-13:37 | LOG | WARNING | Unusual Traffic Pattern | General system operation executed successfully.
11-05-2026-13:37 | LOG | WARNING | Memory Pressure | LOH (Large Object Heap) fragmentation detected. GC triggered.
11-05-2026-13:39 | LOG | INFO | Middleware Pipeline | General system operation executed successfully.
11-05-2026-13:41 | LOG | INFO | Middleware Pipeline | General system operation executed successfully.
11-05-2026-13:44 | SYS | INFO | Database Sync | Synchronized 77 records with the primary PostgreSQL instance.
11-05-2026-13:45 | LOG | WARNING | Unusual Traffic Pattern | General system operation executed successfully.
11-05-2026-13:47 | LOG | INFO | Background Job Completed | General system operation executed successfully.
11-05-2026-13:49 | LOG | INFO | Background Job Completed | General system operation executed successfully.
11-05-2026-13:51 | SYS | WARNING | Session Timeout Warning | General system operation executed successfully.
11-05-2026-13:52 | LOG | INFO | API Request Success | General system operation executed successfully.
11-05-2026-13:54 | LOG | INFO | Token Refresh | General system operation executed successfully.
11-05-2026-13:56 | LOG | WARNING | Memory Pressure | LOH (Large Object Heap) fragmentation detected. GC triggered.
11-05-2026-13:57 | SYS | INFO | Health Check | All endpoints reported 200 OK. Latency: 3952ms.
11-05-2026-14:00 | LOG | INFO | API Request Success | General system operation executed successfully.
11-05-2026-14:01 | SYS | WARNING | Session Timeout Warning | General system operation executed successfully.
11-05-2026-14:03 | LOG | WARNING | Memory Pressure | LOH (Large Object Heap) fragmentation detected. GC triggered.
11-05-2026-14:04 | LOG | INFO | Middleware Pipeline | General system operation executed successfully.
11-05-2026-14:07 | LOG | INFO | Token Refresh | General system operation executed successfully.
11-05-2026-14:10 | LOG | WARNING | Memory Pressure | LOH (Large Object Heap) fragmentation detected. GC triggered.
11-05-2026-14:11 | LOG | INFO | Token Refresh | General system operation executed successfully.
11-05-2026-14:11 | LOG | WARNING | Memory Pressure | LOH (Large Object Heap) fragmentation detected. GC triggered.
11-05-2026-14:12 | LOG | INFO | Service Started | Worker service 'QueueListener' initialized on .NET 9.0.1.
11-05-2026-14:13 | SYS | WARNING | Deprecated API Call | Usage of obsolete method 'GetLegacyData()'. Switch to V2.
11-05-2026-14:15 | LOG | INFO | Token Refresh | General system operation executed successfully.
11-05-2026-14:16 | LOG | WARNING | Unusual Traffic Pattern | General system operation executed successfully.
11-05-2026-14:17 | SYS | INFO | File Upload | Resource 'data_838.ext' stored successfully in Azure Blob Storage.
11-05-2026-14:18 | LOG | INFO | Token Refresh | General system operation executed successfully.
11-05-2026-14:19 | SYS | INFO | User Login | User 'system@domain.com' authenticated via OAuth2 provider.
11-05-2026-14:20 | LOG | INFO | Background Job Completed | General system operation executed successfully.
11-05-2026-14:22 | LOG | WARNING | Unusual Traffic Pattern | General system operation executed successfully.
11-05-2026-14:22 | SYS | WARNING | Session Timeout Warning | General system operation executed successfully.
11-05-2026-14:23 | SYS | WARNING | Session Timeout Warning | General system operation executed successfully.
11-05-2026-14:24 | SYS | WARNING | Session Timeout Warning | General system operation executed successfully.
11-05-2026-14:26 | LOG | WARNING | Unusual Traffic Pattern | General system operation executed successfully.
11-05-2026-14:27 | SYS | INFO | User Login | User 's.smith@domain.com' authenticated via OAuth2 provider.
11-05-2026-14:29 | SYS | WARNING | Session Timeout Warning | General system operation executed successfully.
11-05-2026-14:30 | SYS | WARNING | Deprecated API Call | Usage of obsolete method 'GetLegacyData()'. Switch to V2.
11-05-2026-14:33 | SYS | WARNING | Session Timeout Warning | General system operation executed successfully.
11-05-2026-14:35 | LOG | INFO | Background Job Completed | General system operation executed successfully.
11-05-2026-14:37 | SYS | INFO | File Upload | Resource 'data_229.ext' stored successfully in Azure Blob Storage.
11-05-2026-14:38 | SYS | WARNING | Deprecated API Call | Usage of obsolete method 'GetLegacyData()'. Switch to V2.
11-05-2026-14:40 | LOG | INFO | Background Job Completed | General system operation executed successfully.
11-05-2026-14:42 | SYS | INFO | Health Check | All endpoints reported 200 OK. Latency: 3504ms.
11-05-2026-14:44 | SYS | WARNING | Deprecated API Call | Usage of obsolete method 'GetLegacyData()'. Switch to V2.
11-05-2026-14:45 | SYS | WARNING | Deprecated API Call | Usage of obsolete method 'GetLegacyData()'. Switch to V2.
11-05-2026-14:46 | SYS | WARNING | Deprecated API Call | Usage of obsolete method 'GetLegacyData()'. Switch to V2.
11-05-2026-14:49 | SYS | INFO | Database Sync | Synchronized 309 records with the primary PostgreSQL instance.
11-05-2026-14:51 | LOG | INFO | API Request Success | General system operation executed successfully.
11-05-2026-14:52 | SYS | INFO | Health Check | All endpoints reported 200 OK. Latency: 4947ms.
11-05-2026-14:54 | SYS | WARNING | Session Timeout Warning | General system operation executed successfully.
11-05-2026-14:57 | LOG | INFO | Background Job Completed | General system operation executed successfully.
11-05-2026-14:58 | LOG | INFO | Token Refresh | General system operation executed successfully.
11-05-2026-15:00 | LOG | INFO | API Request Success | General system operation executed successfully.
11-05-2026-15:03 | SYS | INFO | Health Check | All endpoints reported 200 OK. Latency: 590ms.
11-05-2026-15:04 | LOG | INFO | Token Refresh | General system operation executed successfully.
11-05-2026-15:06 | SYS | INFO | User Login | User 'admin@domain.com' authenticated via OAuth2 provider.
11-05-2026-15:08 | LOG | INFO | Service Started | Worker service 'QueueListener' initialized on .NET 9.0.1.
11-05-2026-15:08 | SYS | INFO | Health Check | All endpoints reported 200 OK. Latency: 5246ms.
11-05-2026-15:11 | LOG | INFO | Token Refresh | General system operation executed successfully.
11-05-2026-15:12 | SYS | INFO | User Login | User 'j.doe@domain.com' authenticated via OAuth2 provider.
11-05-2026-15:14 | LOG | WARNING | Unusual Traffic Pattern | General system operation executed successfully.
11-05-2026-15:15 | LOG | INFO | Middleware Pipeline | General system operation executed successfully.
11-05-2026-15:17 | SYS | INFO | File Upload | Resource 'data_138.ext' stored successfully in Azure Blob Storage.
11-05-2026-15:18 | LOG | WARNING | Memory Pressure | LOH (Large Object Heap) fragmentation detected. GC triggered.
11-05-2026-15:20 | SYS | INFO | Cache Refresh | General system operation executed successfully.
11-05-2026-15:21 | SYS | WARNING | Disk Space Low | General system operation executed successfully.
11-05-2026-15:23 | LOG | INFO | Background Job Completed | General system operation executed successfully.
11-05-2026-15:24 | SYS | INFO | Cache Refresh | General system operation executed successfully.
11-05-2026-15:26 | LOG | INFO | Service Started | Worker service 'QueueListener' initialized on .NET 9.0.1.
11-05-2026-15:28 | LOG | WARNING | Unusual Traffic Pattern | General system operation executed successfully.
11-05-2026-15:31 | SYS | WARNING | Disk Space Low | General system operation executed successfully.
11-05-2026-15:33 | SYS | INFO | Database Sync | Synchronized 269 records with the primary PostgreSQL instance.
11-05-2026-15:35 | LOG | INFO | Background Job Completed | General system operation executed successfully.
11-05-2026-15:37 | SYS | WARNING | Disk Space Low | General system operation executed successfully.
11-05-2026-15:38 | LOG | INFO | Middleware Pipeline | General system operation executed successfully.
11-05-2026-15:39 | LOG | WARNING | Unusual Traffic Pattern | General system operation executed successfully.
11-05-2026-15:41 | LOG | INFO | Middleware Pipeline | General system operation executed successfully.
11-05-2026-15:43 | LOG | INFO | Middleware Pipeline | General system operation executed successfully.
11-05-2026-15:44 | SYS | INFO | Cache Refresh | General system operation executed successfully.
11-05-2026-15:47 | SYS | WARNING | Disk Space Low | General system operation executed successfully.
11-05-2026-15:48 | SYS | INFO | File Upload | Resource 'data_408.ext' stored successfully in Azure Blob Storage.
11-05-2026-15:51 | LOG | INFO | Token Refresh | General system operation executed successfully.
11-05-2026-15:53 | SYS | ERROR | Out Of Memory | System.OutOfMemoryException raised by GC. Worker process restarting.
11-05-2026-15:54 | SYS | ERROR | Stack Overflow | General system operation executed successfully.
11-05-2026-15:55 | API | ERROR | Null Reference | System.NullReferenceException at App.Controller.Process(Guid id).
11-05-2026-15:55 | UI | ERROR | Gateway 502 | Upstream API returned 502 Bad Gateway.
11-05-2026-15:57 | SYS | ERROR | Disk Full | Volume D:\ has 0 bytes free. Write operations blocked.
11-05-2026-15:59 | LOG | ERROR | Log Writer Failed | Serilog file sink threw IOException: no space left on device.
11-05-2026-16:00 | DB | ERROR | SQL Constraint Violation | EF Core: Cannot insert duplicate key in table 'Orders'.
11-05-2026-16:02 | WORKER | ERROR | Background Job Failed | Hangfire job 'NightlyReport' aborted after 3 retries.
11-05-2026-16:03 | SYS | WARNING | Disk Space Low | General system operation executed successfully.
11-05-2026-16:05 | LOG | INFO | Token Refresh | General system operation executed successfully.
11-05-2026-16:08 | LOG | INFO | API Request Success | General system operation executed successfully.
11-05-2026-16:10 | SYS | INFO | File Upload | Resource 'data_534.ext' stored successfully in Azure Blob Storage.
11-05-2026-16:12 | SYS | INFO | Health Check | All endpoints reported 200 OK. Latency: 2859ms.
11-05-2026-16:15 | LOG | INFO | Token Refresh | General system operation executed successfully.
11-05-2026-16:17 | SYS | WARNING | Deprecated API Call | Usage of obsolete method 'GetLegacyData()'. Switch to V2.
11-05-2026-16:19 | LOG | INFO | Service Started | Worker service 'QueueListener' initialized on .NET 9.0.1.
11-05-2026-16:21 | LOG | INFO | Middleware Pipeline | General system operation executed successfully.
11-05-2026-16:24 | SYS | INFO | File Upload | Resource 'data_423.ext' stored successfully in Azure Blob Storage.
11-05-2026-16:25 | SYS | INFO | Cache Refresh | General system operation executed successfully.
11-05-2026-16:26 | LOG | INFO | API Request Success | General system operation executed successfully.
11-05-2026-16:27 | LOG | INFO | API Request Success | General system operation executed successfully.
11-05-2026-16:29 | LOG | WARNING | Memory Pressure | LOH (Large Object Heap) fragmentation detected. GC triggered.
11-05-2026-16:31 | LOG | WARNING | Unusual Traffic Pattern | General system operation executed successfully.
11-05-2026-16:32 | LOG | INFO | Token Refresh | General system operation executed successfully.
11-05-2026-16:34 | SYS | INFO | Health Check | All endpoints reported 200 OK. Latency: 834ms.
11-05-2026-16:35 | LOG | INFO | Token Refresh | General system operation executed successfully.
11-05-2026-16:36 | SYS | WARNING | Deprecated API Call | Usage of obsolete method 'GetLegacyData()'. Switch to V2.
11-05-2026-16:38 | SYS | INFO | File Upload | Resource 'data_715.ext' stored successfully in Azure Blob Storage.
11-05-2026-16:41 | SYS | INFO | Cache Refresh | General system operation executed successfully.
11-05-2026-16:41 | SYS | INFO | Database Sync | Synchronized 424 records with the primary PostgreSQL instance.
11-05-2026-16:42 | LOG | INFO | Background Job Completed | General system operation executed successfully.
11-05-2026-16:43 | SYS | INFO | File Upload | Resource 'data_635.ext' stored successfully in Azure Blob Storage.
11-05-2026-16:44 | SYS | INFO | Database Sync | Synchronized 400 records with the primary PostgreSQL instance.
11-05-2026-16:46 | LOG | INFO | Middleware Pipeline | General system operation executed successfully.
11-05-2026-16:48 | LOG | INFO | Background Job Completed | General system operation executed successfully.
11-05-2026-16:51 | LOG | INFO | Middleware Pipeline | General system operation executed successfully.
11-05-2026-16:53 | LOG | INFO | Service Started | Worker service 'QueueListener' initialized on .NET 9.0.1.
11-05-2026-16:56 | LOG | WARNING | Memory Pressure | LOH (Large Object Heap) fragmentation detected. GC triggered.
11-05-2026-16:58 | SYS | WARNING | Session Timeout Warning | General system operation executed successfully.
11-05-2026-17:00 | SYS | INFO | Database Sync | Synchronized 292 records with the primary PostgreSQL instance.
11-05-2026-17:02 | LOG | WARNING | Memory Pressure | LOH (Large Object Heap) fragmentation detected. GC triggered.
11-05-2026-17:03 | LOG | INFO | API Request Success | General system operation executed successfully.
11-05-2026-17:05 | SYS | WARNING | Disk Space Low | General system operation executed successfully.
11-05-2026-17:07 | LOG | WARNING | Memory Pressure | LOH (Large Object Heap) fragmentation detected. GC triggered.
11-05-2026-17:10 | SYS | INFO | Database Sync | Synchronized 139 records with the primary PostgreSQL instance.
11-05-2026-17:10 | SYS | INFO | File Upload | Resource 'data_230.ext' stored successfully in Azure Blob Storage.
11-05-2026-17:13 | LOG | INFO | Background Job Completed | General system operation executed successfully.
11-05-2026-17:14 | SYS | WARNING | Deprecated API Call | Usage of obsolete method 'GetLegacyData()'. Switch to V2.
11-05-2026-17:16 | LOG | INFO | API Request Success | General system operation executed successfully.
11-05-2026-17:16 | SYS | INFO | Health Check | All endpoints reported 200 OK. Latency: 4464ms.
11-05-2026-17:19 | LOG | INFO | Background Job Completed | General system operation executed successfully.
11-05-2026-17:22 | LOG | WARNING | Memory Pressure | LOH (Large Object Heap) fragmentation detected. GC triggered.
11-05-2026-17:23 | LOG | INFO | Background Job Completed | General system operation executed successfully.
11-05-2026-17:24 | SYS | WARNING | Disk Space Low | General system operation executed successfully.
11-05-2026-17:27 | SYS | WARNING | Session Timeout Warning | General system operation executed successfully.
11-05-2026-17:28 | LOG | INFO | Token Refresh | General system operation executed successfully.
11-05-2026-17:29 | SYS | INFO | Cache Refresh | General system operation executed successfully.
11-05-2026-17:31 | LOG | INFO | API Request Success | General system operation executed successfully.
11-05-2026-17:32 | SYS | INFO | File Upload | Resource 'data_363.ext' stored successfully in Azure Blob Storage.
11-05-2026-17:33 | LOG | WARNING | Unusual Traffic Pattern | General system operation executed successfully.
11-05-2026-17:34 | SYS | INFO | File Upload | Resource 'data_850.ext' stored successfully in Azure Blob Storage.
11-05-2026-17:35 | SYS | INFO | Cache Refresh | General system operation executed successfully.
11-05-2026-17:38 | SYS | INFO | Health Check | All endpoints reported 200 OK. Latency: 5869ms.
11-05-2026-17:40 | LOG | INFO | Token Refresh | General system operation executed successfully.
11-05-2026-17:42 | LOG | INFO | Background Job Completed | General system operation executed successfully.
11-05-2026-17:44 | SYS | WARNING | Session Timeout Warning | General system operation executed successfully.
11-05-2026-17:45 | LOG | WARNING | Unusual Traffic Pattern | General system operation executed successfully.
11-05-2026-17:47 | SYS | INFO | File Upload | Resource 'data_221.ext' stored successfully in Azure Blob Storage.
11-05-2026-17:48 | SYS | WARNING | Session Timeout Warning | General system operation executed successfully.
11-05-2026-17:51 | SYS | INFO | Health Check | All endpoints reported 200 OK. Latency: 3727ms.
11-05-2026-17:53 | LOG | WARNING | Unusual Traffic Pattern | General system operation executed successfully.
11-05-2026-17:55 | LOG | INFO | Middleware Pipeline | General system operation executed successfully.
11-05-2026-17:58 | SYS | INFO | User Login | User 'system@domain.com' authenticated via OAuth2 provider.
11-05-2026-17:59 | SYS | INFO | User Login | User 'm.curie@domain.com' authenticated via OAuth2 provider.
11-05-2026-18:00 | SYS | INFO | Database Sync | Synchronized 180 records with the primary PostgreSQL instance.
11-05-2026-18:01 | SYS | INFO | File Upload | Resource 'data_828.ext' stored successfully in Azure Blob Storage.
11-05-2026-18:04 | LOG | WARNING | Memory Pressure | LOH (Large Object Heap) fragmentation detected. GC triggered.
11-05-2026-18:05 | LOG | INFO | Middleware Pipeline | General system operation executed successfully.
11-05-2026-18:08 | SYS | WARNING | Deprecated API Call | Usage of obsolete method 'GetLegacyData()'. Switch to V2.
11-05-2026-18:10 | LOG | INFO | Service Started | Worker service 'QueueListener' initialized on .NET 9.0.1.
11-05-2026-18:11 | SYS | WARNING | Deprecated API Call | Usage of obsolete method 'GetLegacyData()'. Switch to V2.
11-05-2026-18:12 | LOG | INFO | Background Job Completed | General system operation executed successfully.
11-05-2026-18:15 | LOG | INFO | Token Refresh | General system operation executed successfully.
11-05-2026-18:16 | LOG | INFO | Background Job Completed | General system operation executed successfully.
11-05-2026-18:18 | SYS | WARNING | Session Timeout Warning | General system operation executed successfully.
11-05-2026-18:20 | SYS | INFO | Cache Refresh | General system operation executed successfully.
11-05-2026-18:20 | LOG | INFO | Service Started | Worker service 'QueueListener' initialized on .NET 9.0.1.
11-05-2026-18:23 | DB | ERROR | Database Timeout | Connection to SQL Server '10.0.0.5' timed out after 30000ms.
11-05-2026-18:25 | API | ERROR | API Latency Spike | Endpoint /orders/list response time > 15000ms.
11-05-2026-18:26 | WORKER | ERROR | Job Queue Backpressure | Hangfire queue 'default' size exceeded threshold (2500).
11-05-2026-18:27 | UI | ERROR | UI Crash | Frontend React app reported unhandled promise rejection.
11-05-2026-18:28 | SYS | INFO | File Upload | Resource 'data_307.ext' stored successfully in Azure Blob Storage.
11-05-2026-18:30 | SYS | INFO | Cache Refresh | General system operation executed successfully.
11-05-2026-18:31 | LOG | INFO | API Request Success | General system operation executed successfully.
11-05-2026-18:34 | LOG | INFO | Service Started | Worker service 'QueueListener' initialized on .NET 9.0.1.
11-05-2026-18:36 | LOG | INFO | Token Refresh | General system operation executed successfully.
11-05-2026-18:38 | SYS | INFO | Health Check | All endpoints reported 200 OK. Latency: 4829ms.
11-05-2026-18:39 | LOG | INFO | Service Started | Worker service 'QueueListener' initialized on .NET 9.0.1.
11-05-2026-18:41 | LOG | WARNING | Unusual Traffic Pattern | General system operation executed successfully.
11-05-2026-18:42 | SYS | ERROR | Disk Full | Volume D:\ has 0 bytes free. Write operations blocked.
11-05-2026-18:44 | LOG | ERROR | Log Writer Failed | Serilog file sink threw IOException: no space left on device.
11-05-2026-18:45 | DB | ERROR | SQL Constraint Violation | EF Core: Cannot insert duplicate key in table 'Orders'.
11-05-2026-18:47 | WORKER | ERROR | Background Job Failed | Hangfire job 'NightlyReport' aborted after 3 retries.
11-05-2026-18:47 | SYS | WARNING | Deprecated API Call | Usage of obsolete method 'GetLegacyData()'. Switch to V2.
11-05-2026-18:48 | LOG | INFO | Middleware Pipeline | General system operation executed successfully.
11-05-2026-18:51 | SYS | WARNING | Session Timeout Warning | General system operation executed successfully.
11-05-2026-18:53 | SYS | WARNING | Deprecated API Call | Usage of obsolete method 'GetLegacyData()'. Switch to V2.
11-05-2026-18:55 | LOG | INFO | API Request Success | General system operation executed successfully.
11-05-2026-18:57 | LOG | WARNING | Memory Pressure | LOH (Large Object Heap) fragmentation detected. GC triggered.
11-05-2026-18:59 | LOG | INFO | Background Job Completed | General system operation executed successfully.
11-05-2026-19:02 | SYS | WARNING | Disk Space Low | General system operation executed successfully.
11-05-2026-19:03 | LOG | WARNING | Unusual Traffic Pattern | General system operation executed successfully.
11-05-2026-19:04 | LOG | INFO | Service Started | Worker service 'QueueListener' initialized on .NET 9.0.1.
11-05-2026-19:06 | LOG | INFO | Token Refresh | General system operation executed successfully.
11-05-2026-19:08 | SYS | WARNING | Disk Space Low | General system operation executed successfully.
11-05-2026-19:11 | SYS | WARNING | Disk Space Low | General system operation executed successfully.
11-05-2026-19:13 | LOG | INFO | API Request Success | General system operation executed successfully.
11-05-2026-19:15 | LOG | INFO | Middleware Pipeline | General system operation executed successfully.
11-05-2026-19:18 | SYS | WARNING | Deprecated API Call | Usage of obsolete method 'GetLegacyData()'. Switch to V2.
11-05-2026-19:18 | SYS | WARNING | Session Timeout Warning | General system operation executed successfully.
11-05-2026-19:20 | LOG | INFO | Token Refresh | General system operation executed successfully.
11-05-2026-19:21 | SYS | INFO | Health Check | All endpoints reported 200 OK. Latency: 901ms.
11-05-2026-19:23 | LOG | WARNING | Memory Pressure | LOH (Large Object Heap) fragmentation detected. GC triggered.
11-05-2026-19:26 | LOG | INFO | Service Started | Worker service 'QueueListener' initialized on .NET 9.0.1.
11-05-2026-19:28 | LOG | WARNING | Memory Pressure | LOH (Large Object Heap) fragmentation detected. GC triggered.
11-05-2026-19:28 | SYS | WARNING | Deprecated API Call | Usage of obsolete method 'GetLegacyData()'. Switch to V2.
11-05-2026-19:30 | SYS | INFO | Cache Refresh | General system operation executed successfully.
11-05-2026-19:33 | SYS | INFO | File Upload | Resource 'data_932.ext' stored successfully in Azure Blob Storage.
11-05-2026-19:36 | SYS | INFO | Cache Refresh | General system operation executed successfully.
11-05-2026-19:38 | SYS | INFO | User Login | User 'system@domain.com' authenticated via OAuth2 provider.
11-05-2026-19:39 | SYS | WARNING | Deprecated API Call | Usage of obsolete method 'GetLegacyData()'. Switch to V2.
11-05-2026-19:40 | LOG | INFO | Token Refresh | General system operation executed successfully.
11-05-2026-19:42 | SYS | WARNING | Session Timeout Warning | General system operation executed successfully.
11-05-2026-19:44 | SYS | INFO | User Login | User 'admin@domain.com' authenticated via OAuth2 provider.
11-05-2026-19:46 | LOG | INFO | Middleware Pipeline | General system operation executed successfully.
11-05-2026-19:48 | SYS | WARNING | Deprecated API Call | Usage of obsolete method 'GetLegacyData()'. Switch to V2.
11-05-2026-19:49 | LOG | INFO | Token Refresh | General system operation executed successfully.
11-05-2026-19:51 | LOG | INFO | Middleware Pipeline | General system operation executed successfully.
11-05-2026-19:54 | SYS | WARNING | Deprecated API Call | Usage of obsolete method 'GetLegacyData()'. Switch to V2.
11-05-2026-19:55 | LOG | WARNING | Memory Pressure | LOH (Large Object Heap) fragmentation detected. GC triggered.
11-05-2026-19:56 | SYS | INFO | Database Sync | Synchronized 455 records with the primary PostgreSQL instance.
11-05-2026-19:57 | SYS | WARNING | Session Timeout Warning | General system operation executed successfully.
11-05-2026-19:59 | LOG | INFO | Background Job Completed | General system operation executed successfully.
11-05-2026-20:02 | LOG | INFO | API Request Success | General system operation executed successfully.
11-05-2026-20:04 | SYS | INFO | Database Sync | Synchronized 51 records with the primary PostgreSQL instance.
11-05-2026-20:07 | LOG | INFO | Background Job Completed | General system operation executed successfully.
11-05-2026-20:09 | LOG | INFO | Token Refresh | General system operation executed successfully.
11-05-2026-20:10 | LOG | INFO | Background Job Completed | General system operation executed successfully.
11-05-2026-20:13 | SYS | INFO | Database Sync | Synchronized 56 records with the primary PostgreSQL instance.
11-05-2026-20:13 | SYS | INFO | File Upload | Resource 'data_637.ext' stored successfully in Azure Blob Storage.
11-05-2026-20:15 | SYS | WARNING | Session Timeout Warning | General system operation executed successfully.
11-05-2026-20:17 | LOG | INFO | Service Started | Worker service 'QueueListener' initialized on .NET 9.0.1.
11-05-2026-20:18 | SYS | ERROR | Out Of Memory | System.OutOfMemoryException raised by GC. Worker process restarting.
11-05-2026-20:19 | SYS | ERROR | Stack Overflow | General system operation executed successfully.
11-05-2026-20:21 | API | ERROR | Null Reference | System.NullReferenceException at App.Controller.Process(Guid id).
11-05-2026-20:22 | UI | ERROR | Gateway 502 | Upstream API returned 502 Bad Gateway.
11-05-2026-20:23 | SYS | WARNING | Disk Space Low | General system operation executed successfully.
11-05-2026-20:25 | LOG | INFO | Token Refresh | General system operation executed successfully.
11-05-2026-20:26 | SYS | INFO | User Login | User 'system@domain.com' authenticated via OAuth2 provider.
11-05-2026-20:28 | SYS | INFO | Health Check | All endpoints reported 200 OK. Latency: 7633ms.
11-05-2026-20:30 | LOG | WARNING | Unusual Traffic Pattern | General system operation executed successfully.
11-05-2026-20:31 | LOG | INFO | Service Started | Worker service 'QueueListener' initialized on .NET 9.0.1.
11-05-2026-20:34 | LOG | INFO | API Request Success | General system operation executed successfully.
11-05-2026-20:36 | SYS | WARNING | Deprecated API Call | Usage of obsolete method 'GetLegacyData()'. Switch to V2.
11-05-2026-20:38 | SYS | INFO | Database Sync | Synchronized 117 records with the primary PostgreSQL instance.
11-05-2026-20:40 | LOG | INFO | API Request Success | General system operation executed successfully.
11-05-2026-20:42 | SYS | INFO | Health Check | All endpoints reported 200 OK. Latency: 1125ms.
11-05-2026-20:44 | SYS | WARNING | Deprecated API Call | Usage of obsolete method 'GetLegacyData()'. Switch to V2.
11-05-2026-20:45 | SYS | INFO | Health Check | All endpoints reported 200 OK. Latency: 1624ms.
11-05-2026-20:46 | SYS | WARNING | Deprecated API Call | Usage of obsolete method 'GetLegacyData()'. Switch to V2.
11-05-2026-20:47 | SYS | INFO | Database Sync | Synchronized 196 records with the primary PostgreSQL instance.
11-05-2026-20:49 | LOG | INFO | Token Refresh | General system operation executed successfully.
11-05-2026-20:50 | LOG | INFO | Token Refresh | General system operation executed successfully.
11-05-2026-20:53 | SYS | WARNING | Deprecated API Call | Usage of obsolete method 'GetLegacyData()'. Switch to V2.
11-05-2026-20:56 | LOG | INFO | Service Started | Worker service 'QueueListener' initialized on .NET 9.0.1.
11-05-2026-20:57 | SYS | INFO | File Upload | Resource 'data_737.ext' stored successfully in Azure Blob Storage.
11-05-2026-20:58 | LOG | INFO | Service Started | Worker service 'QueueListener' initialized on .NET 9.0.1.
11-05-2026-21:00 | SYS | INFO | Cache Refresh | General system operation executed successfully.
11-05-2026-21:02 | LOG | INFO | API Request Success | General system operation executed successfully.
11-05-2026-21:05 | SYS | WARNING | Session Timeout Warning | General system operation executed successfully.
11-05-2026-21:06 | SYS | INFO | File Upload | Resource 'data_853.ext' stored successfully in Azure Blob Storage.
11-05-2026-21:07 | LOG | INFO | API Request Success | General system operation executed successfully.
11-05-2026-21:10 | SYS | ERROR | Out Of Memory | System.OutOfMemoryException raised by GC. Worker process restarting.
11-05-2026-21:11 | SYS | ERROR | Stack Overflow | General system operation executed successfully.
11-05-2026-21:13 | API | ERROR | Null Reference | System.NullReferenceException at App.Controller.Process(Guid id).
11-05-2026-21:14 | UI | ERROR | Gateway 502 | Upstream API returned 502 Bad Gateway.
11-05-2026-21:15 | SYS | WARNING | Disk Space Low | General system operation executed successfully.
11-05-2026-21:18 | SYS | INFO | File Upload | Resource 'data_396.ext' stored successfully in Azure Blob Storage.
11-05-2026-21:19 | SYS | INFO | Database Sync | Synchronized 72 records with the primary PostgreSQL instance.
11-05-2026-21:21 | SYS | INFO | File Upload | Resource 'data_311.ext' stored successfully in Azure Blob Storage.
11-05-2026-21:22 | SYS | INFO | Database Sync | Synchronized 485 records with the primary PostgreSQL instance.
11-05-2026-21:23 | LOG | WARNING | Unusual Traffic Pattern | General system operation executed successfully.
11-05-2026-21:24 | SYS | INFO | Health Check | All endpoints reported 200 OK. Latency: 1802ms.
11-05-2026-21:24 | SYS | WARNING | Session Timeout Warning | General system operation executed successfully.
11-05-2026-21:26 | SYS | INFO | Cache Refresh | General system operation executed successfully.
11-05-2026-21:27 | LOG | INFO | Token Refresh | General system operation executed successfully.
11-05-2026-21:28 | SYS | INFO | User Login | User 's.smith@domain.com' authenticated via OAuth2 provider.
11-05-2026-21:30 | SYS | INFO | User Login | User 'm.curie@domain.com' authenticated via OAuth2 provider.
11-05-2026-21:32 | LOG | WARNING | Memory Pressure | LOH (Large Object Heap) fragmentation detected. GC triggered.
11-05-2026-21:35 | SYS | INFO | Health Check | All endpoints reported 200 OK. Latency: 2654ms.
11-05-2026-21:37 | SYS | INFO | User Login | User 'system@domain.com' authenticated via OAuth2 provider.
11-05-2026-21:38 | SYS | INFO | File Upload | Resource 'data_563.ext' stored successfully in Azure Blob Storage.
11-05-2026-21:39 | SYS | INFO | User Login | User 's.smith@domain.com' authenticated via OAuth2 provider.
11-05-2026-21:40 | SYS | WARNING | Session Timeout Warning | General system operation executed successfully.
11-05-2026-21:41 | SYS | WARNING | Deprecated API Call | Usage of obsolete method 'GetLegacyData()'. Switch to V2.
11-05-2026-21:41 | SYS | WARNING | Session Timeout Warning | General system operation executed successfully.
11-05-2026-21:44 | LOG | INFO | API Request Success | General system operation executed successfully.
11-05-2026-21:46 | SYS | INFO | Health Check | All endpoints reported 200 OK. Latency: 1064ms.
11-05-2026-21:48 | SYS | WARNING | Disk Space Low | General system operation executed successfully.
11-05-2026-21:49 | LOG | INFO | Background Job Completed | General system operation executed successfully.
11-05-2026-21:50 | LOG | WARNING | Unusual Traffic Pattern | General system operation executed successfully.
11-05-2026-21:53 | LOG | INFO | Token Refresh | General system operation executed successfully.
11-05-2026-21:54 | SYS | INFO | User Login | User 'm.curie@domain.com' authenticated via OAuth2 provider.