11-05-2026-08:00 | SYS | WARNING | Deprecated API Call | Usage of obsolete method 'GetLegacyData()'. Switch to V2.
11-05-2026-08:01 | SYS | WARNING | Session Timeout Warning | General system operation executed successfully.
11-05-2026-08:03 | SYS | INFO | Database Sync | Synchronized 242 records with the primary PostgreSQL instance.
11-05-2026-08:05 | LOG | INFO | Service Started | Worker service 'QueueListener' initialized on .NET 9.0.1.
11-05-2026-08:07 | SYS | WARNING | Session Timeout Warning | General system operation executed successfully.
11-05-2026-08:09 | SYS | INFO | User Login | User 'admin@domain.com' authenticated via OAuth2 provider.
11-05-2026-08:09 | LOG | WARNING | Unusual Traffic Pattern | General system operation executed successfully.
11-05-2026-08:10 | SYS | INFO | User Login | User 's.smith@domain.com' authenticated via OAuth2 provider.
11-05-2026-08:13 | LOG | INFO | API Request Success | General system operation executed successfully.
11-05-2026-08:14 | SYS | INFO | Health Check | All endpoints reported 200 OK. Latency: 4168ms.
11-05-2026-08:16 | SYS | INFO | Cache Refresh | General system operation executed successfully.
11-05-2026-08:17 | LOG | INFO | API Request Success | General system operation executed successfully.
11-05-2026-08:19 | SYS | WARNING | Disk Space Low | General system operation executed successfully.
11-05-2026-08:21 | SYS | INFO | User Login | User 'm.curie@domain.com' authenticated via OAuth2 provider.
11-05-2026-08:23 | SYS | WARNING | Session Timeout Warning | General system operation executed successfully.
11-05-2026-08:25 | LOG | INFO | Service Started | Worker service 'QueueListener' initialized on .NET 9.0.1.
11-05-2026-08:26 | LOG | INFO | Token Refresh | General system operation executed successfully.
11-05-2026-08:27 | SYS | INFO | User Login | User 'j.doe@domain.com' authenticated via OAuth2 provider.
11-05-2026-08:30 | SYS | WARNING | Deprecated API Call | Usage of obsolete method 'GetLegacyData()'. Switch to V2.
11-05-2026-08:30 | LOG | INFO | Background Job Completed | General system operation executed successfully.
11-05-2026-08:32 | LOG | WARNING | Memory Pressure | LOH (Large Object Heap) fragmentation detected. GC triggered.
11-05-2026-08:34 | SYS | WARNING | Session Timeout Warning | General system operation executed successfully.
11-05-2026-08:36 | SYS | INFO | Cache Refresh | General system operation executed successfully.
11-05-2026-08:37 | SYS | INFO | Database Sync | Synchronized 172 records with the primary PostgreSQL instance.
11-05-2026-08:40 | SYS | INFO | Database Sync | Synchronized 208 records with the primary PostgreSQL instance.
11-05-2026-08:43 | SYS | INFO | File Upload | Resource 'data_873.ext' stored successfully in Azure Blob Storage.
11-05-2026-08:45 | SYS | WARNING | Session Timeout Warning | General system operation executed successfully.
11-05-2026-08:48 | LOG | INFO | API Request Success | General system operation executed successfully.
11-05-2026-08:50 | SYS | WARNING | Disk Space Low | General system operation executed successfully.
11-05-2026-08:52 | LOG | INFO | Middleware Pipeline | General system operation executed successfully.
11-05-2026-08:55 | SYS | INFO | File Upload | Resource 'data_147.ext' stored successfully in Azure Blob Storage.
11-05-2026-08:56 | SYS | WARNING | Deprecated API Call | Usage of obsolete method 'GetLegacyData()'. Switch to V2.
11-05-2026-08:59 | LOG | INFO | API Request Success | General system operation executed successfully.
11-05-2026-09:01 | SYS | WARNING | Session Timeout Warning | General system operation executed successfully.
11-05-2026-09:03 | LOG | INFO | Token Refresh | General system operation executed successfully.
11-05-2026-09:06 | LOG | INFO | Service Started | Worker service 'QueueListener' initialized on .NET 9.0.1.
11-05-2026-09:07 | SYS | WARNING | Session Timeout Warning | General system operation executed successfully.
11-05-2026-09:10 | SYS | INFO | Health Check | All endpoints reported 200 OK. Latency: 1229ms.
11-05-2026-09:10 | SYS | INFO | File Upload | Resource 'data_334.ext' stored successfully in Azure Blob Storage.
11-05-2026-09:13 | SYS | INFO | Cache Refresh | General system operation executed successfully.
11-05-2026-09:15 | SYS | INFO | User Login | User 'j.doe@domain.com' authenticated via OAuth2 provider.
11-05-2026-09:17 | LOG | WARNING | Memory Pressure | LOH (Large Object Heap) fragmentation detected. GC triggered.
11-05-2026-09:19 | SYS | WARNING | Session Timeout Warning | General system operation executed successfully.
11-05-2026-09:22 | LOG | INFO | Service Started | Worker service 'QueueListener' initialized on .NET 9.0.1.
11-05-2026-09:22 | SYS | INFO | File Upload | Resource 'data_853.ext' stored successfully in Azure Blob Storage.
11-05-2026-09:24 | LOG | INFO | Token Refresh | General system operation executed successfully.
11-05-2026-09:25 | SYS | INFO | Health Check | All endpoints reported 200 OK. Latency: 4926ms.
11-05-2026-09:27 | LOG | INFO | API Request Success | General system operation executed successfully.
11-05-2026-09:28 | SYS | INFO | User Login | User 'admin@domain.com' authenticated via OAuth2 provider.
11-05-2026-09:31 | LOG | INFO | Token Refresh | General system operation executed successfully.
11-05-2026-09:33 | LOG | INFO | Background Job Completed | General system operation executed successfully.
11-05-2026-09:34 | LOG | INFO | Middleware Pipeline | General system operation executed successfully.
11-05-2026-09:36 | LOG | INFO | Token Refresh | General system operation executed successfully.
11-05-2026-09:38 | LOG | INFO | API Request Success | General system operation executed successfully.
11-05-2026-09:39 | LOG | INFO | API Request Success | General system operation executed successfully.
11-05-2026-09:41 | SYS | INFO | File Upload | Resource 'data_669.ext' stored successfully in Azure Blob Storage.
11-05-2026-09:44 | LOG | INFO | Token Refresh | General system operation executed successfully.
11-05-2026-09:47 | SYS | INFO | User Login | User 'j.doe@domain.com' authenticated via OAuth2 provider.
11-05-2026-09:48 | SYS | INFO | File Upload | Resource 'data_831.ext' stored successfully in Azure Blob Storage.
11-05-2026-09:49 | LOG | INFO | API Request Success | General system operation executed successfully.
11-05-2026-09:52 | SYS | WARNING | Deprecated API Call | Usage of obsolete method 'GetLegacyData()'. Switch to V2.
11-05-2026-09:55 | SYS | INFO | Cache Refresh | General system operation executed successfully.
11-05-2026-09:58 | SYS | INFO | File Upload | Resource 'data_452.ext' stored successfully in Azure Blob Storage.
11-05-2026-09:59 | LOG | INFO | API Request Success | General system operation executed successfully.
11-05-2026-09:59 | SYS | INFO | Database Sync | Synchronized 429 records with the primary PostgreSQL instance.
11-05-2026-10:01 | LOG | INFO | Middleware Pipeline | General system operation executed successfully.
11-05-2026-10:02 | SYS | INFO | Health Check | All endpoints reported 200 OK. Latency: 6604ms.
11-05-2026-10:04 | SYS | INFO | User Login | User 'm.curie@domain.com' authenticated via OAuth2 provider.
11-05-2026-10:07 | LOG | INFO | Service Started | Worker service 'QueueListener' initialized on .NET 9.0.1.
11-05-2026-10:09 | SYS | WARNING | Disk Space Low | General system operation executed successfully.
11-05-2026-10:10 | SYS | INFO | Health Check | All endpoints reported 200 OK. Latency: 2598ms.
11-05-2026-10:12 | SYS | INFO | File Upload | Resource 'data_188.ext' stored successfully in Azure Blob Storage.
11-05-2026-10:15 | LOG | INFO | Middleware Pipeline | General system operation executed successfully.
11-05-2026-10:17 | SYS | WARNING | Session Timeout Warning | General system operation executed successfully.
11-05-2026-10:18 | LOG | WARNING | Unusual Traffic Pattern | General system operation executed successfully.
11-05-2026-10:21 | LOG | WARNING | Unusual Traffic Pattern | General system operation executed successfully.
11-05-2026-10:23 | SYS | INFO | Cache Refresh | General system operation executed successfully.
11-05-2026-10:23 | SYS | INFO | Health Check | All endpoints reported 200 OK. Latency: 2450ms.
11-05-2026-10:26 | SYS | INFO | Cache Refresh | General system operation executed successfully.
11-05-2026-10:29 | SYS | WARNING | Session Timeout Warning | General system operation executed successfully.
11-05-2026-10:31 | SYS | INFO | User Login | User 'system@domain.com' authenticated via OAuth2 provider.
11-05-2026-10:33 | SYS | INFO | File Upload | Resource 'data_793.ext' stored successfully in Azure Blob Storage.
11-05-2026-10:35 | LOG | WARNING | Memory Pressure | LOH (Large Object Heap) fragmentation detected. GC triggered.
11-05-2026-10:37 | LOG | INFO | API Request Success | General system operation executed successfully.
11-05-2026-10:38 | SYS | INFO | Health Check | All endpoints reported 200 OK. Latency: 4113ms.
11-05-2026-10:39 | LOG | INFO | Middleware Pipeline | General system operation executed successfully.
11-05-2026-10:42 | SYS | INFO | File Upload | Resource 'data_139.ext' stored successfully in Azure Blob Storage.
11-05-2026-10:44 | LOG | INFO | Background Job Completed | General system operation executed successfully.
11-05-2026-10:46 | LOG | INFO | Token Refresh | General system operation executed successfully.
11-05-2026-10:49 | LOG | INFO | Background Job Completed | General system operation executed successfully.
11-05-2026-10:52 | SYS | INFO | File Upload | Resource 'data_627.ext' stored successfully in Azure Blob Storage.
11-05-2026-10:53 | SYS | INFO | File Upload | Resource 'data_702.ext' stored successfully in Azure Blob Storage.
11-05-2026-10:53 | SYS | INFO | File Upload | Resource 'data_412.ext' stored successfully in Azure Blob Storage.
11-05-2026-10:56 | SYS | INFO | User Login | User 'm.curie@domain.com' authenticated via OAuth2 provider.
11-05-2026-10:57 | SYS | INFO | Database Sync | Synchronized 149 records with the primary PostgreSQL instance.
11-05-2026-10:59 | SYS | WARNING | Session Timeout Warning | General system operation executed successfully.
11-05-2026-11:00 | SYS | WARNING | Deprecated API Call | Usage of obsolete method 'GetLegacyData()'. Switch to V2.
11-05-2026-11:02 | LOG | INFO | Service Started | Worker service 'QueueListener' initialized on .NET 9.0.1.
11-05-2026-11:05 | LOG | INFO | Token Refresh | General system operation executed successfully.
11-05-2026-11:06 | LOG | INFO | Background Job Completed | General system operation executed successfully.
11-05-2026-11:08 | SYS | WARNING | Session Timeout Warning | General system operation executed successfully.
11-05-2026-11:09 | SYS | INFO | Health Check | All endpoints reported 200 OK. Latency: 2279ms.
11-05-2026-11:12 | LOG | INFO | Middleware Pipeline | General system operation executed successfully.
11-05-2026-11:13 | SYS | WARNING | Session Timeout Warning | General system operation executed successfully.
11-05-2026-11:15 | SYS | INFO | Health Check | All endpoints reported 200 OK. Latency: 5911ms.
11-05-2026-11:16 | SYS | INFO | Database Sync | Synchronized 37 records with the primary PostgreSQL instance.
11-05-2026-11:18 | SYS | INFO | User Login | User 'admin@domain.com' authenticated via OAuth2 provider.
11-05-2026-11:19 | LOG | INFO | Background Job Completed | General system operation executed successfully.
11-05-2026-11:20 | SYS | WARNING | Deprecated API Call | Usage of obsolete method 'GetLegacyData()'. Switch to V2.
11-05-2026-11:22 | LOG | INFO | API Request Success | General system operation executed successfully.
11-05-2026-11:24 | SYS | INFO | Health Check | All endpoints reported 200 OK. Latency: 6936ms.
11-05-2026-11:26 | LOG | INFO | Background Job Completed | General system operation executed successfully.
11-05-2026-11:28 | SYS | WARNING | Deprecated API Call | Usage of obsolete method 'GetLegacyData()'. Switch to V2.
11-05-2026-11:28 | SYS | INFO | Database Sync | Synchronized 403 records with the primary PostgreSQL instance.
11-05-2026-11:31 | LOG | INFO | Background Job Completed | General system operation executed successfully.
11-05-2026-11:34 | SYS | INFO | Database Sync | Synchronized 376 records with the primary PostgreSQL instance.
11-05-2026-11:37 | LOG | INFO | Middleware Pipeline | General system operation executed successfully.
11-05-2026-11:37 | SYS | WARNING | Deprecated API Call | Usage of obsolete method 'GetLegacyData()'. Switch to V2.
11-05-2026-11:38 | SYS | INFO | User Login | User 'admin@domain.com' authenticated via OAuth2 provider.
11-05-2026-11:41 | SYS | INFO | Health Check | All endpoints reported 200 OK. Latency: 3541ms.
11-05-2026-11:43 | SYS | INFO | Cache Refresh | General system operation executed successfully.
11-05-2026-11:45 | SYS | INFO | User Login | User 'system@domain.com' authenticated via OAuth2 provider.
11-05-2026-11:46 | SYS | INFO | File Upload | Resource 'data_231.ext' stored successfully in Azure Blob Storage.
11-05-2026-11:48 | SYS | INFO | Cache Refresh | General system operation executed successfully.
11-05-2026-11:51 | SYS | WARNING | Deprecated API Call | Usage of obsolete method 'GetLegacyData()'. Switch to V2.
11-05-2026-11:51 | SYS | INFO | File Upload | Resource 'data_105.ext' stored successfully in Azure Blob Storage.
11-05-2026-11:54 | SYS | INFO | Cache Refresh | General system operation executed successfully.
11-05-2026-11:56 | SYS | INFO | File Upload | Resource 'data_309.ext' stored successfully in Azure Blob Storage.
11-05-2026-11:57 | SYS | INFO | Health Check | All endpoints reported 200 OK. Latency: 2120ms.
11-05-2026-11:59 | SYS | INFO | Database Sync | Synchronized 141 records with the primary PostgreSQL instance.
11-05-2026-12:01 | LOG | INFO | Background Job Completed | General system operation executed successfully.
11-05-2026-12:03 | LOG | INFO | Middleware Pipeline | General system operation executed successfully.
11-05-2026-12:06 | SYS | INFO | User Login | User 'admin@domain.com' authenticated via OAuth2 provider.
11-05-2026-12:08 | SYS | INFO | Health Check | All endpoints reported 200 OK. Latency: 283ms.
11-05-2026-12:11 | SYS | INFO | Health Check | All endpoints reported 200 OK. Latency: 2190ms.
11-05-2026-12:12 | LOG | WARNING | Memory Pressure | LOH (Large Object Heap) fragmentation detected. GC triggered.
11-05-2026-12:13 | LOG | WARNING | Memory Pressure | LOH (Large Object Heap) fragmentation detected. GC triggered.
11-05-2026-12:14 | LOG | INFO | API Request Success | General system operation executed successfully.
11-05-2026-12:16 | LOG | INFO | Service Started | Worker service 'QueueListener' initialized on .NET 9.0.1.
11-05-2026-12:17 | LOG | WARNING | Memory Pressure | LOH (Large Object Heap) fragmentation detected. GC triggered.
11-05-2026-12:18 | LOG | INFO | Token Refresh | General system operation executed successfully.
11-05-2026-12:20 | LOG | INFO | Service Started | Worker service 'QueueListener' initialized on .NET 9.0.1.
11-05-2026-12:21 | SYS | WARNING | Session Timeout Warning | General system operation executed successfully.
11-05-2026-12:23 | LOG | INFO | Middleware Pipeline | General system operation executed successfully.
11-05-2026-12:25 | LOG | WARNING | Unusual Traffic Pattern | General system operation executed successfully.
11-05-2026-12:28 | SYS | INFO | File Upload | Resource 'data_972.ext' stored successfully in Azure Blob Storage.
11-05-2026-12:29 | LOG | INFO | Service Started | Worker service 'QueueListener' initialized on .NET 9.0.1.
11-05-2026-12:31 | SYS | INFO | Cache Refresh | General system operation executed successfully.
11-05-2026-12:33 | SYS | INFO | Database Sync | Synchronized 50 records with the primary PostgreSQL instance.
11-05-2026-12:35 | SYS | INFO | User Login | User 's.smith@domain.com' authenticated via OAuth2 provider.
11-05-2026-12:37 | SYS | INFO | User Login | User 'm.curie@domain.com' authenticated via OAuth2 provider.
11-05-2026-12:40 | SYS | INFO | Database Sync | Synchronized 384 records with the primary PostgreSQL instance.
11-05-2026-12:43 | LOG | INFO | API Request Success | General system operation executed successfully.
11-05-2026-12:46 | SYS | INFO | User Login | User 'admin@domain.com' authenticated via OAuth2 provider.
11-05-2026-12:48 | SYS | WARNING | Session Timeout Warning | General system operation executed successfully.
11-05-2026-12:50 | SYS | WARNING | Disk Space Low | General system operation executed successfully.
11-05-2026-12:52 | LOG | INFO | Middleware Pipeline | General system operation executed successfully.
11-05-2026-12:53 | LOG | WARNING | Unusual Traffic Pattern | General system operation executed successfully.
11-05-2026-12:54 | SYS | INFO | User Login | User 'admin@domain.com' authenticated via OAuth2 provider.
11-05-2026-12:57 | SYS | INFO | Database Sync | Synchronized 209 records with the primary PostgreSQL instance.
11-05-2026-12:58 | LOG | INFO | Token Refresh | General system operation executed successfully.
11-05-2026-12:59 | SYS | INFO | File Upload | Resource 'data_165.ext' stored successfully in Azure Blob Storage.
11-05-2026-13:02 | LOG | WARNING | Unusual Traffic Pattern | General system operation executed successfully.
11-05-2026-13:02 | LOG | WARNING | Memory Pressure | LOH (Large Object Heap) fragmentation detected. GC triggered.
11-05-2026-13:03 | LOG | INFO | Token Refresh | General system operation executed successfully.
11-05-2026-13:06 | LOG | WARNING | Unusual Traffic Pattern | General system operation executed successfully.
11-05-2026-13:08 | SYS | INFO | File Upload | Resource 'data_365.ext' stored successfully in Azure Blob Storage.
11-05-2026-13:10 | SYS | INFO | Database Sync | Synchronized 213 records with the primary PostgreSQL instance.
11-05-2026-13:11 | SYS | WARNING | Session Timeout Warning | General system operation executed successfully.
11-05-2026-13:12 | SYS | INFO | Cache Refresh | General system operation executed successfully.
11-05-2026-13:13 | LOG | INFO | Service Started | Worker service 'QueueListener' initialized on .NET 9.0.1.
11-05-2026-13:16 | LOG | INFO | Token Refresh | General system operation executed successfully.
11-05-2026-13:19 | SYS | WARNING | Deprecated API Call | Usage of obsolete method 'GetLegacyData()'. Switch to V2.
11-05-2026-13:20 | SYS | INFO | Cache Refresh | General system operation executed successfully.
11-05-2026-13:21 | SYS | WARNING | Deprecated API Call | Usage of obsolete method 'GetLegacyData()'. Switch to V2.
11-05-2026-13:22 | SYS | INFO | User Login | User 'system@domain.com' authenticated via OAuth2 provider.
11-05-2026-13:24 | LOG | INFO | Middleware Pipeline | General system operation executed successfully.
11-05-2026-13:25 | SYS | INFO | File Upload | Resource 'data_268.ext' stored successfully in Azure Blob Storage.
11-05-2026-13:27 | SYS | INFO | File Upload | Resource 'data_387.ext' stored successfully in Azure Blob Storage.
11-05-2026-13:30 | SYS | INFO | Health Check | All endpoints reported 200 OK. Latency: 945ms.
11-05-2026-13:31 | SYS | WARNING | Disk Space Low | General system operation executed successfully.
11-05-2026-13:34 | SYS | INFO | User Login | User 's.smith@domain.com' authenticated via OAuth2 provider.
11-05-2026-13:35 | LOG | INFO | API Request Success | General system operation executed successfully.
11-05-2026-13:35 | SYS | INFO | Health Check | All endpoints reported 200 OK. Latency: 6679ms.
11-05-2026-13:37 | SYS | WARNING | Deprecated API Call | Usage of obsolete method 'GetLegacyData()'. Switch to V2.
11-05-2026-13:38 | LOG | INFO | Background Job Completed | General system operation executed successfully.
11-05-2026-13:41 | SYS | INFO | Cache Refresh | General system operation executed successfully.
11-05-2026-13:43 | SYS | INFO | Database Sync | Synchronized 343 records with the primary PostgreSQL instance.
11-05-2026-13:44 | LOG | WARNING | Unusual Traffic Pattern | General system operation executed successfully.
11-05-2026-13:46 | LOG | WARNING | Memory Pressure | LOH (Large Object Heap) fragmentation detected. GC triggered.
11-05-2026-13:46 | LOG | INFO | Service Started | Worker service 'QueueListener' initialized on .NET 9.0.1.
11-05-2026-13:47 | SYS | WARNING | Session Timeout Warning | General system operation executed successfully.
11-05-2026-13:50 | LOG | INFO | Service Started | Worker service 'QueueListener' initialized on .NET 9.0.1.
11-05-2026-13:52 | LOG | INFO | Middleware Pipeline | General system operation executed successfully.
11-05-2026-13:52 | SYS | INFO | Health Check | All endpoints reported 200 OK. Latency: 279ms.
11-05-2026-13:54 | SYS | WARNING | Disk Space Low | General system operation executed successfully.
11-05-2026-13:57 | SYS | INFO | File Upload | Resource 'data_608.ext' stored successfully in Azure Blob Storage.
11-05-2026-13:59 | LOG | INFO | Background Job Completed | General system operation executed successfully.
11-05-2026-14:02 | LOG | INFO | Service Started | Worker service 'QueueListener' initialized on .NET 9.0.1.
11-05-2026-14:02 | LOG | INFO | API Request Success | General system operation executed successfully.
11-05-2026-14:05 | LOG | WARNING | Memory Pressure | LOH (Large Object Heap) fragmentation detected. GC triggered.
11-05-2026-14:06 | SYS | WARNING | Disk Space Low | General system operation executed successfully.
11-05-2026-14:07 | SYS | INFO | Cache Refresh | General system operation executed successfully.
11-05-2026-14:08 | SYS | WARNING | Deprecated API Call | Usage of obsolete method 'GetLegacyData()'. Switch to V2.
11-05-2026-14:10 | LOG | WARNING | Memory Pressure | LOH (Large Object Heap) fragmentation detected. GC triggered.
11-05-2026-14:11 | SYS | INFO | File Upload | Resource 'data_137.ext' stored successfully in Azure Blob Storage.
11-05-2026-14:12 | LOG | WARNING | Memory Pressure | LOH (Large Object Heap) fragmentation detected. GC triggered.
11-05-2026-14:13 | SYS | WARNING | Disk Space Low | General system operation executed successfully.
11-05-2026-14:16 | LOG | WARNING | Unusual Traffic Pattern | General system operation executed successfully.
11-05-2026-14:16 | SYS | WARNING | Deprecated API Call | Usage of obsolete method 'GetLegacyData()'. Switch to V2.
11-05-2026-14:17 | LOG | INFO | Background Job Completed | General system operation executed successfully.
11-05-2026-14:19 | LOG | INFO | Service Started | Worker service 'QueueListener' initialized on .NET 9.0.1.
11-05-2026-14:21 | SYS | INFO | Database Sync | Synchronized 391 records with the primary PostgreSQL instance.
11-05-2026-14:22 | LOG | INFO | Background Job Completed | General system operation executed successfully.
11-05-2026-14:24 | SYS | WARNING | Disk Space Low | General system operation executed successfully.
11-05-2026-14:26 | SYS | INFO | Health Check | All endpoints reported 200 OK. Latency: 5914ms.
11-05-2026-14:27 | SYS | INFO | User Login | User 'system@domain.com' authenticated via OAuth2 provider.
11-05-2026-14:28 | LOG | WARNING | Unusual Traffic Pattern | General system operation executed successfully.
11-05-2026-14:29 | SYS | WARNING | Session Timeout Warning | General system operation executed successfully.
11-05-2026-14:31 | LOG | INFO | API Request Success | General system operation executed successfully.
11-05-2026-14:33 | SYS | INFO | Cache Refresh | General system operation executed successfully.
11-05-2026-14:35 | SYS | WARNING | Deprecated API Call | Usage of obsolete method 'GetLegacyData()'. Switch to V2.
11-05-2026-14:37 | SYS | WARNING | Disk Space Low | General system operation executed successfully.
11-05-2026-14:39 | SYS | INFO | File Upload | Resource 'data_120.ext' stored successfully in Azure Blob Storage.
11-05-2026-14:41 | SYS | INFO | File Upload | Resource 'data_723.ext' stored successfully in Azure Blob Storage.
11-05-2026-14:44 | LOG | INFO | API Request Success | General system operation executed successfully.
11-05-2026-14:45 | SYS | WARNING | Session Timeout Warning | General system operation executed successfully.
11-05-2026-14:45 | SYS | INFO | File Upload | Resource 'data_619.ext' stored successfully in Azure Blob Storage.
11-05-2026-14:46 | LOG | INFO | Token Refresh | General system operation executed successfully.
11-05-2026-14:48 | SYS | WARNING | Disk Space Low | General system operation executed successfully.
11-05-2026-14:50 | SYS | INFO | File Upload | Resource 'data_652.ext' stored successfully in Azure Blob Storage.
11-05-2026-14:53 | SYS | INFO | File Upload | Resource 'data_782.ext' stored successfully in Azure Blob Storage.
11-05-2026-14:54 | LOG | WARNING | Memory Pressure | LOH (Large Object Heap) fragmentation detected. GC triggered.
11-05-2026-14:56 | SYS | INFO | Cache Refresh | General system operation executed successfully.
11-05-2026-14:58 | SYS | WARNING | Disk Space Low | General system operation executed successfully.
11-05-2026-15:00 | SYS | INFO | User Login | User 'system@domain.com' authenticated via OAuth2 provider.
11-05-2026-15:03 | LOG | INFO | Service Started | Worker service 'QueueListener' initialized on .NET 9.0.1.
11-05-2026-15:06 | SYS | INFO | Database Sync | Synchronized 241 records with the primary PostgreSQL instance.
11-05-2026-15:07 | SYS | INFO | Database Sync | Synchronized 113 records with the primary PostgreSQL instance.
11-05-2026-15:09 | LOG | INFO | Middleware Pipeline | General system operation executed successfully.
11-05-2026-15:11 | SYS | WARNING | Disk Space Low | General system operation executed successfully.
11-05-2026-15:12 | SYS | WARNING | Deprecated API Call | Usage of obsolete method 'GetLegacyData()'. Switch to V2.
11-05-2026-15:12 | LOG | INFO | Token Refresh | General system operation executed successfully.
11-05-2026-15:14 | SYS | INFO | File Upload | Resource 'data_992.ext' stored successfully in Azure Blob Storage.
11-05-2026-15:16 | SYS | INFO | Cache Refresh | General system operation executed successfully.
11-05-2026-15:19 | SYS | INFO | Database Sync | Synchronized 352 records with the primary PostgreSQL instance.
11-05-2026-15:20 | SYS | INFO | File Upload | Resource 'data_101.ext' stored successfully in Azure Blob Storage.
11-05-2026-15:23 | SYS | INFO | Database Sync | Synchronized 478 records with the primary PostgreSQL instance.
11-05-2026-15:24 | LOG | INFO | Token Refresh | General system operation executed successfully.
11-05-2026-15:27 | SYS | INFO | Cache Refresh | General system operation executed successfully.
11-05-2026-15:28 | LOG | INFO | Token Refresh | General system operation executed successfully.
11-05-2026-15:29 | LOG | WARNING | Memory Pressure | LOH (Large Object Heap) fragmentation detected. GC triggered.
11-05-2026-15:31 | SYS | WARNING | Disk Space Low | General system operation executed successfully.
11-05-2026-15:33 | LOG | WARNING | Unusual Traffic Pattern | General system operation executed successfully.
11-05-2026-15:34 | LOG | INFO | Middleware Pipeline | General system operation executed successfully.
11-05-2026-15:36 | LOG | INFO | API Request Success | General system operation executed successfully.
11-05-2026-15:37 | SYS | WARNING | Session Timeout Warning | General system operation executed successfully.
11-05-2026-15:39 | LOG | INFO | Middleware Pipeline | General system operation executed successfully.
11-05-2026-15:40 | SYS | WARNING | Session Timeout Warning | General system operation executed successfully.
11-05-2026-15:42 | LOG | INFO | Service Started | Worker service 'QueueListener' initialized on .NET 9.0.1.
11-05-2026-15:44 | SYS | WARNING | Deprecated API Call | Usage of obsolete method 'GetLegacyData()'. Switch to V2.
11-05-2026-15:46 | SYS | WARNING | Disk Space Low | General system operation executed successfully.
11-05-2026-15:47 | SYS | INFO | File Upload | Resource 'data_897.ext' stored successfully in Azure Blob Storage.
11-05-2026-15:50 | SYS | WARNING | Deprecated API Call | Usage of obsolete method 'GetLegacyData()'. Switch to V2.
11-05-2026-15:52 | SYS | INFO | File Upload | Resource 'data_475.ext' stored successfully in Azure Blob Storage.
11-05-2026-15:54 | LOG | INFO | Middleware Pipeline | General system operation executed successfully.
11-05-2026-15:55 | SYS | INFO | File Upload | Resource 'data_393.ext' stored successfully in Azure Blob Storage.
11-05-2026-15:58 | LOG | WARNING | Unusual Traffic Pattern | General system operation executed successfully.
11-05-2026-16:00 | SYS | WARNING | Deprecated API Call | Usage of obsolete method 'GetLegacyData()'. Switch to V2.
11-05-2026-16:03 | LOG | INFO | Token Refresh | General system operation executed successfully.
11-05-2026-16:05 | LOG | INFO | Service Started | Worker service 'QueueListener' initialized on .NET 9.0.1.
11-05-2026-16:07 | LOG | WARNING | Memory Pressure | LOH (Large Object Heap) fragmentation detected. GC triggered.
11-05-2026-16:09 | LOG | INFO | Middleware Pipeline | General system operation executed successfully.
11-05-2026-16:10 | LOG | INFO | Token Refresh | General system operation executed successfully.
11-05-2026-16:11 | LOG | INFO | Background Job Completed | General system operation executed successfully.
11-05-2026-16:13 | LOG | WARNING | Unusual Traffic Pattern | General system operation executed successfully.
11-05-2026-16:16 | SYS | WARNING | Disk Space Low | General system operation executed successfully.
11-05-2026-16:17 | LOG | INFO | API Request Success | General system operation executed successfully.
11-05-2026-16:19 | SYS | INFO | Database Sync | Synchronized 430 records with the primary PostgreSQL instance.
11-05-2026-16:21 | SYS | WARNING | Deprecated API Call | Usage of obsolete method 'GetLegacyData()'. Switch to V2.
11-05-2026-16:23 | LOG | WARNING | Unusual Traffic Pattern | General system operation executed successfully.
11-05-2026-16:26 | SYS | INFO | Health Check | All endpoints reported 200 OK. Latency: 6461ms.
11-05-2026-16:27 | SYS | WARNING | Disk Space Low | General system operation executed successfully.
11-05-2026-16:29 | SYS | WARNING | Session Timeout Warning | General system operation executed successfully.
11-05-2026-16:31 | LOG | INFO | Service Started | Worker service 'QueueListener' initialized on .NET 9.0.1.
11-05-2026-16:33 | LOG | INFO | Middleware Pipeline | General system operation executed successfully.
11-05-2026-16:36 | LOG | WARNING | Unusual Traffic Pattern | General system operation executed successfully.
11-05-2026-16:37 | SYS | INFO | Health Check | All endpoints reported 200 OK. Latency: 5405ms.
11-05-2026-16:39 | LOG | INFO | Middleware Pipeline | General system operation executed successfully.
11-05-2026-16:41 | SYS | INFO | Cache Refresh | General system operation executed successfully.
11-05-2026-16:44 | LOG | INFO | Background Job Completed | General system operation executed successfully.
11-05-2026-16:45 | SYS | WARNING | Session Timeout Warning | General system operation executed successfully.
11-05-2026-16:47 | SYS | INFO | Health Check | All endpoints reported 200 OK. Latency: 145ms.
11-05-2026-16:48 | LOG | WARNING | Unusual Traffic Pattern | General system operation executed successfully.
11-05-2026-16:51 | SYS | INFO | File Upload | Resource 'data_242.ext' stored successfully in Azure Blob Storage.
11-05-2026-16:53 | LOG | INFO | Middleware Pipeline | General system operation executed successfully.
11-05-2026-16:54 | SYS | INFO | Cache Refresh | General system operation executed successfully.
11-05-2026-16:57 | SYS | INFO | Cache Refresh | General system operation executed successfully.
11-05-2026-17:00 | LOG | INFO | Middleware Pipeline | General system operation executed successfully.
11-05-2026-17:01 | LOG | INFO | Middleware Pipeline | General system operation executed successfully.
11-05-2026-17:03 | LOG | INFO | Background Job Completed | General system operation executed successfully.
11-05-2026-17:05 | LOG | INFO | Service Started | Worker service 'QueueListener' initialized on .NET 9.0.1.
11-05-2026-17:06 | LOG | INFO | Middleware Pipeline | General system operation executed successfully.
11-05-2026-17:08 | LOG | WARNING | Memory Pressure | LOH (Large Object Heap) fragmentation detected. GC triggered.
11-05-2026-17:10 | SYS | INFO | File Upload | Resource 'data_619.ext' stored successfully in Azure Blob Storage.
11-05-2026-17:13 | SYS | WARNING | Disk Space Low | General system operation executed successfully.
11-05-2026-17:16 | LOG | INFO | API Request Success | General system operation executed successfully.
11-05-2026-17:19 | LOG | INFO | Service Started | Worker service 'QueueListener' initialized on .NET 9.0.1.
11-05-2026-17:20 | LOG | INFO | API Request Success | General system operation executed successfully.
11-05-2026-17:21 | SYS | INFO | Cache Refresh | General system operation executed successfully.
11-05-2026-17:22 | SYS | INFO | File Upload | Resource 'data_769.ext' stored successfully in Azure Blob Storage.
11-05-2026-17:24 | LOG | INFO | Token Refresh | General system operation executed successfully.
11-05-2026-17:26 | SYS | INFO | File Upload | Resource 'data_463.ext' stored successfully in Azure Blob Storage.
11-05-2026-17:28 | SYS | INFO | Cache Refresh | General system operation executed successfully.
11-05-2026-17:31 | LOG | INFO | Background Job Completed | General system operation executed successfully.
11-05-2026-17:32 | SYS | INFO | File Upload | Resource 'data_187.ext' stored successfully in Azure Blob Storage.
11-05-2026-17:34 | SYS | INFO | Health Check | All endpoints reported 200 OK. Latency: 6334ms.
11-05-2026-17:34 | SYS | INFO | User Login | User 'm.curie@domain.com' authenticated via OAuth2 provider.
11-05-2026-17:37 | LOG | INFO | Background Job Completed | General system operation executed successfully.
11-05-2026-17:39 | SYS | INFO | Database Sync | Synchronized 432 records with the primary PostgreSQL instance.
11-05-2026-17:41 | LOG | INFO | Middleware Pipeline | General system operation executed successfully.
11-05-2026-17:43 | SYS | WARNING | Session Timeout Warning | General system operation executed successfully.
11-05-2026-17:44 | SYS | WARNING | Session Timeout Warning | General system operation executed successfully.
11-05-2026-17:45 | SYS | WARNING | Session Timeout Warning | General system operation executed successfully.
11-05-2026-17:47 | LOG | INFO | Middleware Pipeline | General system operation executed successfully.
11-05-2026-17:49 | SYS | INFO | Health Check | All endpoints reported 200 OK. Latency: 260ms.
11-05-2026-17:50 | SYS | INFO | Cache Refresh | General system operation executed successfully.
11-05-2026-17:53 | LOG | INFO | Token Refresh | General system operation executed successfully.
11-05-2026-17:55 | LOG | WARNING | Unusual Traffic Pattern | General system operation executed successfully.
11-05-2026-17:56 | LOG | WARNING | Unusual Traffic Pattern | General system operation executed successfully.
11-05-2026-17:58 | SYS | INFO | File Upload | Resource 'data_263.ext' stored successfully in Azure Blob Storage.
11-05-2026-18:01 | LOG | INFO | Background Job Completed | General system operation executed successfully.
11-05-2026-18:02 | LOG | INFO | Service Started | Worker service 'QueueListener' initialized on .NET 9.0.1.
11-05-2026-18:02 | SYS | INFO | Cache Refresh | General system operation executed successfully.
11-05-2026-18:05 | LOG | INFO | Service Started | Worker service 'QueueListener' initialized on .NET 9.0.1.
11-05-2026-18:06 | SYS | WARNING | Session Timeout Warning | General system operation executed successfully.
11-05-2026-18:09 | LOG | INFO | API Request Success | General system operation executed successfully.
11-05-2026-18:10 | LOG | INFO | Middleware Pipeline | General system operation executed successfully.
11-05-2026-18:13 | LOG | WARNING | Unusual Traffic Pattern | General system operation executed successfully.
11-05-2026-18:14 | LOG | INFO | Middleware Pipeline | General system operation executed successfully.
11-05-2026-18:16 | LOG | INFO | API Request Success | General system operation executed successfully.
11-05-2026-18:18 | SYS | WARNING | Disk Space Low | General system operation executed successfully.
11-05-2026-18:20 | SYS | INFO | Database Sync | Synchronized 456 records with the primary PostgreSQL instance.
11-05-2026-18:21 | LOG | INFO | Service Started | Worker service 'QueueListener' initialized on .NET 9.0.1.
11-05-2026-18:22 | SYS | INFO | File Upload | Resource 'data_965.ext' stored successfully in Azure Blob Storage.
11-05-2026-18:25 | SYS | WARNING | Deprecated API Call | Usage of obsolete method 'GetLegacyData()'. Switch to V2.
11-05-2026-18:27 | LOG | WARNING | Memory Pressure | LOH (Large Object Heap) fragmentation detected. GC triggered.
11-05-2026-18:28 | SYS | WARNING | Disk Space Low | General system operation executed successfully.
11-05-2026-18:30 | LOG | INFO | Service Started | Worker service 'QueueListener' initialized on .NET 9.0.1.
11-05-2026-18:32 | SYS | WARNING | Deprecated API Call | Usage of obsolete method 'GetLegacyData()'. Switch to V2.
11-05-2026-18:34 | LOG | INFO | Service Started | Worker service 'QueueListener' initialized on .NET 9.0.1.
11-05-2026-18:35 | SYS | INFO | User Login | User 'admin@domain.com' authenticated via OAuth2 provider.
11-05-2026-18:37 | SYS | WARNING | Session Timeout Warning | General system operation executed successfully.
11-05-2026-18:39 | SYS | INFO | File Upload | Resource 'data_396.ext' stored successfully in Azure Blob Storage.
11-05-2026-18:41 | SYS | INFO | Cache Refresh | General system operation executed successfully.
11-05-2026-18:41 | SYS | INFO | Health Check | All endpoints reported 200 OK. Latency: 4477ms.
11-05-2026-18:42 | LOG | INFO | Background Job Completed | General system operation executed successfully.
11-05-2026-18:45 | LOG | INFO | Background Job Completed | General system operation executed successfully.
11-05-2026-18:46 | SYS | INFO | Health Check | All endpoints reported 200 OK. Latency: 1297ms.
11-05-2026-18:48 | SYS | INFO | Database Sync | Synchronized 322 records with the primary PostgreSQL instance.
11-05-2026-18:49 | SYS | WARNING | Deprecated API Call | Usage of obsolete method 'GetLegacyData()'. Switch to V2.
11-05-2026-18:50 | LOG | WARNING | Unusual Traffic Pattern | General system operation executed successfully.
11-05-2026-18:51 | LOG | INFO | API Request Success | General system operation executed successfully.
11-05-2026-18:53 | LOG | INFO | Service Started | Worker service 'QueueListener' initialized on .NET 9.0.1.
11-05-2026-18:53 | LOG | INFO | Token Refresh | General system operation executed successfully.
11-05-2026-18:55 | LOG | INFO | API Request Success | General system operation executed successfully.
11-05-2026-18:58 | SYS | INFO | User Login | User 'admin@domain.com' authenticated via OAuth2 provider.
11-05-2026-19:00 | LOG | WARNING | Memory Pressure | LOH (Large Object Heap) fragmentation detected. GC triggered.
11-05-2026-19:03 | SYS | INFO | Health Check | All endpoints reported 200 OK. Latency: 1357ms.
11-05-2026-19:04 | SYS | WARNING | Disk Space Low | General system operation executed successfully.
11-05-2026-19:05 | LOG | INFO | Service Started | Worker service 'QueueListener' initialized on .NET 9.0.1.
11-05-2026-19:06 | SYS | WARNING | Session Timeout Warning | General system operation executed successfully.
11-05-2026-19:07 | LOG | INFO | Token Refresh | General system operation executed successfully.
11-05-2026-19:08 | LOG | INFO | API Request Success | General system operation executed successfully.
11-05-2026-19:10 | LOG | INFO | Token Refresh | General system operation executed successfully.
11-05-2026-19:11 | LOG | INFO | Service Started | Worker service 'QueueListener' initialized on .NET 9.0.1.
11-05-2026-19:13 | SYS | WARNING | Session Timeout Warning | General system operation executed successfully.
11-05-2026-19:15 | LOG | INFO | Middleware Pipeline | General system operation executed successfully.
11-05-2026-19:17 | LOG | INFO | Middleware Pipeline | General system operation executed successfully.
11-05-2026-19:18 | SYS | WARNING | Session Timeout Warning | General system operation executed successfully.
11-05-2026-19:18 | LOG | INFO | Background Job Completed | General system operation executed successfully.
11-05-2026-19:19 | SYS | INFO | User Login | User 'm.curie@domain.com' authenticated via OAuth2 provider.
11-05-2026-19:20 | LOG | INFO | Service Started | Worker service 'QueueListener' initialized on .NET 9.0.1.
11-05-2026-19:23 | SYS | INFO | Cache Refresh | General system operation executed successfully.
11-05-2026-19:25 | SYS | WARNING | Session Timeout Warning | General system operation executed successfully.
11-05-2026-19:27 | LOG | INFO | Token Refresh | General system operation executed successfully.
11-05-2026-19:29 | SYS | INFO | Health Check | All endpoints reported 200 OK. Latency: 6676ms.
11-05-2026-19:30 | LOG | INFO | Background Job Completed | General system operation executed successfully.
11-05-2026-19:33 | LOG | WARNING | Memory Pressure | LOH (Large Object Heap) fragmentation detected. GC triggered.
11-05-2026-19:35 | SYS | WARNING | Deprecated API Call | Usage of obsolete method 'GetLegacyData()'. Switch to V2.
11-05-2026-19:37 | SYS | WARNING | Session Timeout Warning | General system operation executed successfully.
11-05-2026-19:38 | SYS | INFO | File Upload | Resource 'data_529.ext' stored successfully in Azure Blob Storage.
11-05-2026-19:40 | SYS | INFO | Database Sync | Synchronized 288 records with the primary PostgreSQL instance.
11-05-2026-19:41 | LOG | INFO | Token Refresh | General system operation executed successfully.
11-05-2026-19:43 | SYS | INFO | Cache Refresh | General system operation executed successfully.
11-05-2026-19:45 | LOG | WARNING | Memory Pressure | LOH (Large Object Heap) fragmentation detected. GC triggered.
11-05-2026-19:46 | LOG | WARNING | Memory Pressure | LOH (Large Object Heap) fragmentation detected. GC triggered.
11-05-2026-19:49 | SYS | INFO | Cache Refresh | General system operation executed successfully.
11-05-2026-19:51 | SYS | INFO | Health Check | All endpoints reported 200 OK. Latency: 2446ms.
11-05-2026-19:54 | LOG | INFO | API Request Success | General system operation executed successfully.
11-05-2026-19:56 | SYS | WARNING | Disk Space Low | General system operation executed successfully.
11-05-2026-19:58 | SYS | INFO | Cache Refresh | General system operation executed successfully.
11-05-2026-20:00 | SYS | WARNING | Session Timeout Warning | General system operation executed successfully.
11-05-2026-20:01 | LOG | INFO | Service Started | Worker service 'QueueListener' initialized on .NET 9.0.1.
11-05-2026-20:03 | SYS | WARNING | Deprecated API Call | Usage of obsolete method 'GetLegacyData()'. Switch to V2.
11-05-2026-20:06 | SYS | INFO | Health Check | All endpoints reported 200 OK. Latency: 5727ms.
11-05-2026-20:07 | LOG | INFO | Background Job Completed | General system operation executed successfully.
11-05-2026-20:07 | LOG | INFO | API Request Success | General system operation executed successfully.
11-05-2026-20:09 | SYS | WARNING | Disk Space Low | General system operation executed successfully.
11-05-2026-20:11 | SYS | INFO | Cache Refresh | General system operation executed successfully.
11-05-2026-20:12 | SYS | INFO | Database Sync | Synchronized 436 records with the primary PostgreSQL instance.
11-05-2026-20:13 | SYS | WARNING | Disk Space Low | General system operation executed successfully.
11-05-2026-20:15 | LOG | WARNING | Unusual Traffic Pattern | General system operation executed successfully.
11-05-2026-20:18 | LOG | INFO | Middleware Pipeline | General system operation executed successfully.
11-05-2026-20:19 | LOG | WARNING | Memory Pressure | LOH (Large Object Heap) fragmentation detected. GC triggered.
11-05-2026-20:20 | SYS | INFO | Cache Refresh | General system operation executed successfully.
11-05-2026-20:22 | LOG | INFO | Middleware Pipeline | General system operation executed successfully.
11-05-2026-20:24 | LOG | INFO | Service Started | Worker service 'QueueListener' initialized on .NET 9.0.1.
11-05-2026-20:26 | LOG | WARNING | Memory Pressure | LOH (Large Object Heap) fragmentation detected. GC triggered.
11-05-2026-20:26 | LOG | INFO | Token Refresh | General system operation executed successfully.
11-05-2026-20:28 | SYS | INFO | File Upload | Resource 'data_910.ext' stored successfully in Azure Blob Storage.
11-05-2026-20:29 | SYS | INFO | User Login | User 's.smith@domain.com' authenticated via OAuth2 provider.
11-05-2026-20:30 | LOG | INFO | Middleware Pipeline | General system operation executed successfully.
11-05-2026-20:32 | SYS | WARNING | Deprecated API Call | Usage of obsolete method 'GetLegacyData()'. Switch to V2.
11-05-2026-20:34 | LOG | WARNING | Unusual Traffic Pattern | General system operation executed successfully.
11-05-2026-20:36 | LOG | INFO | Token Refresh | General system operation executed successfully.
11-05-2026-20:38 | LOG | INFO | Background Job Completed | General system operation executed successfully.
11-05-2026-20:40 | SYS | INFO | User Login | User 'j.doe@domain.com' authenticated via OAuth2 provider.
11-05-2026-20:42 | LOG | INFO | Middleware Pipeline | General system operation executed successfully.
11-05-2026-20:43 | SYS | WARNING | Deprecated API Call | Usage of obsolete method 'GetLegacyData()'. Switch to V2.
11-05-2026-20:44 | SYS | WARNING | Deprecated API Call | Usage of obsolete method 'GetLegacyData()'. Switch to V2.
11-05-2026-20:46 | SYS | INFO | File Upload | Resource 'data_137.ext' stored successfully in Azure Blob Storage.
11-05-2026-20:47 | LOG | INFO | Service Started | Worker service 'QueueListener' initialized on .NET 9.0.1.
11-05-2026-20:48 | LOG | INFO | Middleware Pipeline | General system operation executed successfully.
11-05-2026-20:48 | SYS | WARNING | Disk Space Low | General system operation executed successfully.
11-05-2026-20:50 | SYS | INFO | File Upload | Resource 'data_984.ext' stored successfully in Azure Blob Storage.
11-05-2026-20:51 | SYS | INFO | File Upload | Resource 'data_380.ext' stored successfully in Azure Blob Storage.
11-05-2026-20:53 | SYS | WARNING | Disk Space Low | General system operation executed successfully.
11-05-2026-20:55 | SYS | WARNING | Disk Space Low | General system operation executed successfully.
11-05-2026-20:56 | LOG | INFO | Service Started | Worker service 'QueueListener' initialized on .NET 9.0.1.
11-05-2026-20:58 | LOG | INFO | Token Refresh | General system operation executed successfully.
11-05-2026-21:00 | SYS | WARNING | Deprecated API Call | Usage of obsolete method 'GetLegacyData()'. Switch to V2.
11-05-2026-21:02 | SYS | INFO | Database Sync | Synchronized 120 records with the primary PostgreSQL instance.
11-05-2026-21:05 | SYS | INFO | Database Sync | Synchronized 357 records with the primary PostgreSQL instance.
11-05-2026-21:08 | LOG | INFO | Token Refresh | General system operation executed successfully.
11-05-2026-21:10 | LOG | WARNING | Memory Pressure | LOH (Large Object Heap) fragmentation detected. GC triggered.
11-05-2026-21:12 | SYS | WARNING | Session Timeout Warning | General system operation executed successfully.
11-05-2026-21:15 | LOG | WARNING | Memory Pressure | LOH (Large Object Heap) fragmentation detected. GC triggered.
11-05-2026-21:17 | SYS | INFO | Database Sync | Synchronized 372 records with the primary PostgreSQL instance.
11-05-2026-21:19 | LOG | INFO | Middleware Pipeline | General system operation executed successfully.
11-05-2026-21:20 | SYS | INFO | Health Check | All endpoints reported 200 OK. Latency: 7301ms.
11-05-2026-21:22 | SYS | WARNING | Disk Space Low | General system operation executed successfully.
11-05-2026-21:23 | LOG | WARNING | Memory Pressure | LOH (Large Object Heap) fragmentation detected. GC triggered.
11-05-2026-21:24 | SYS | INFO | User Login | User 'j.doe@domain.com' authenticated via OAuth2 provider.
11-05-2026-21:26 | LOG | INFO | API Request Success | General system operation executed successfully.
11-05-2026-21:29 | LOG | INFO | Service Started | Worker service 'QueueListener' initialized on .NET 9.0.1.
11-05-2026-21:30 | SYS | WARNING | Disk Space Low | General system operation executed successfully.
11-05-2026-21:32 | LOG | INFO | Middleware Pipeline | General system operation executed successfully.
11-05-2026-21:33 | SYS | WARNING | Deprecated API Call | Usage of obsolete method 'GetLegacyData()'. Switch to V2.
11-05-2026-21:35 | LOG | WARNING | Memory Pressure | LOH (Large Object Heap) fragmentation detected. GC triggered.
11-05-2026-21:37 | SYS | INFO | Health Check | All endpoints reported 200 OK. Latency: 4221ms.
11-05-2026-21:39 | LOG | INFO | API Request Success | General system operation executed successfully.
11-05-2026-21:40 | LOG | WARNING | Memory Pressure | LOH (Large Object Heap) fragmentation detected. GC triggered.
11-05-2026-21:42 | SYS | INFO | File Upload | Resource 'data_660.ext' stored successfully in Azure Blob Storage.
11-05-2026-21:43 | SYS | WARNING | Session Timeout Warning | General system operation executed successfully.
11-05-2026-21:45 | LOG | INFO | Background Job Completed | General system operation executed successfully.
11-05-2026-21:48 | SYS | WARNING | Disk Space Low | General system operation executed successfully.
11-05-2026-21:49 | LOG | WARNING | Unusual Traffic Pattern | General system operation executed successfully.
11-05-2026-21:50 | SYS | INFO | User Login | User 'm.curie@domain.com' authenticated via OAuth2 provider.
11-05-2026-21:52 | SYS | INFO | User Login | User 's.smith@domain.com' authenticated via OAuth2 provider.
11-05-2026-21:53 | SYS | WARNING | Deprecated API Call | Usage of obsolete method 'GetLegacyData()'. Switch to V2.
11-05-2026-21:54 | SYS | INFO | Cache Refresh | General system operation executed successfully.
11-05-2026-21:56 | SYS | WARNING | Session Timeout Warning | General system operation executed successfully.
11-05-2026-21:57 | LOG | INFO | Service Started | Worker service 'QueueListener' initialized on .NET 9.0.1.
11-05-2026-21:59 | SYS | INFO | Cache Refresh | General system operation executed successfully.
11-05-2026-22:00 | SYS | INFO | User Login | User 'j.doe@domain.com' authenticated via OAuth2 provider.
11-05-2026-22:02 | LOG | INFO | Service Started | Worker service 'QueueListener' initialized on .NET 9.0.1.
11-05-2026-22:03 | SYS | INFO | Database Sync | Synchronized 152 records with the primary PostgreSQL instance.
11-05-2026-22:04 | AUTH | ERROR | JWT Signing Key Missing | KeyVault secret 'jwt-prod' not found. Auth middleware aborted.
11-05-2026-22:05 | API | ERROR | Unauthorized Access | IP 185.x.x.x blocked after 5 failed JWT attempts.
11-05-2026-22:07 | SYS | ERROR | Dependency Injection Failure | IAuthService could not be resolved at runtime.
11-05-2026-22:08 | UI | ERROR | Session Lost | All active sessions invalidated. Users redirected to /login.
11-05-2026-22:10 | LOG | INFO | Token Refresh | General system operation executed successfully.
11-05-2026-22:11 | SYS | INFO | File Upload | Resource 'data_303.ext' stored successfully in Azure Blob Storage.
11-05-2026-22:13 | SYS | INFO | File Upload | Resource 'data_932.ext' stored successfully in Azure Blob Storage.
11-05-2026-22:14 | LOG | WARNING | Memory Pressure | LOH (Large Object Heap) fragmentation detected. GC triggered.
11-05-2026-22:14 | SYS | INFO | Database Sync | Synchronized 388 records with the primary PostgreSQL instance.
11-05-2026-22:16 | LOG | INFO | API Request Success | General system operation executed successfully.
11-05-2026-22:18 | SYS | INFO | Health Check | All endpoints reported 200 OK. Latency: 343ms.
11-05-2026-22:20 | SYS | WARNING | Session Timeout Warning | General system operation executed successfully.
11-05-2026-22:21 | LOG | INFO | Service Started | Worker service 'QueueListener' initialized on .NET 9.0.1.
11-05-2026-22:22 | LOG | WARNING | Unusual Traffic Pattern | General system operation executed successfully.
11-05-2026-22:23 | LOG | WARNING | Unusual Traffic Pattern | General system operation executed successfully.
11-05-2026-22:26 | LOG | INFO | Background Job Completed | General system operation executed successfully.
11-05-2026-22:28 | LOG | INFO | Middleware Pipeline | General system operation executed successfully.
11-05-2026-22:29 | SYS | INFO | Cache Refresh | General system operation executed successfully.
11-05-2026-22:31 | LOG | INFO | Background Job Completed | General system operation executed successfully.
11-05-2026-22:33 | LOG | INFO | Token Refresh | General system operation executed successfully.
11-05-2026-22:35 | LOG | INFO | Middleware Pipeline | General system operation executed successfully.
11-05-2026-22:37 | SYS | INFO | File Upload | Resource 'data_810.ext' stored successfully in Azure Blob Storage.