11-05-2026-08:00 | SYS | INFO | Health Check | All endpoints reported 200 OK. Latency: 5019ms.
11-05-2026-08:02 | LOG | WARNING | Unusual Traffic Pattern | General system operation executed successfully.
11-05-2026-08:03 | SYS | INFO | User Login | User 'system@domain.com' authenticated via OAuth2 provider.
11-05-2026-08:04 | SYS | INFO | Health Check | All endpoints reported 200 OK. Latency: 6940ms.
11-05-2026-08:07 | SYS | INFO | Health Check | All endpoints reported 200 OK. Latency: 2435ms.
11-05-2026-08:08 | LOG | INFO | Token Refresh | General system operation executed successfully.
11-05-2026-08:10 | LOG | INFO | Background Job Completed | General system operation executed successfully.
11-05-2026-08:13 | SYS | INFO | User Login | User 'system@domain.com' authenticated via OAuth2 provider.
11-05-2026-08:14 | LOG | INFO | Token Refresh | General system operation executed successfully.
11-05-2026-08:15 | LOG | INFO | Background Job Completed | General system operation executed successfully.
11-05-2026-08:18 | SYS | INFO | Database Sync | Synchronized 104 records with the primary PostgreSQL instance.
11-05-2026-08:19 | SYS | INFO | File Upload | Resource 'data_769.ext' stored successfully in Azure Blob Storage.
11-05-2026-08:22 | SYS | WARNING | Session Timeout Warning | General system operation executed successfully.
11-05-2026-08:23 | LOG | INFO | Background Job Completed | General system operation executed successfully.
11-05-2026-08:24 | LOG | WARNING | Memory Pressure | LOH (Large Object Heap) fragmentation detected. GC triggered.
11-05-2026-08:26 | LOG | INFO | Service Started | Worker service 'QueueListener' initialized on .NET 9.0.1.
11-05-2026-08:27 | LOG | INFO | Service Started | Worker service 'QueueListener' initialized on .NET 9.0.1.
11-05-2026-08:28 | LOG | INFO | Middleware Pipeline | General system operation executed successfully.
11-05-2026-08:31 | LOG | WARNING | Memory Pressure | LOH (Large Object Heap) fragmentation detected. GC triggered.
11-05-2026-08:34 | SYS | INFO | Database Sync | Synchronized 46 records with the primary PostgreSQL instance.
11-05-2026-08:35 | SYS | INFO | Cache Refresh | General system operation executed successfully.
11-05-2026-08:35 | SYS | WARNING | Session Timeout Warning | General system operation executed successfully.
11-05-2026-08:36 | SYS | WARNING | Disk Space Low | General system operation executed successfully.
11-05-2026-08:39 | SYS | INFO | Database Sync | Synchronized 327 records with the primary PostgreSQL instance.
11-05-2026-08:40 | LOG | WARNING | Unusual Traffic Pattern | General system operation executed successfully.
11-05-2026-08:42 | LOG | INFO | Middleware Pipeline | General system operation executed successfully.
11-05-2026-08:43 | SYS | INFO | File Upload | Resource 'data_639.ext' stored successfully in Azure Blob Storage.
11-05-2026-08:44 | SYS | INFO | Database Sync | Synchronized 223 records with the primary PostgreSQL instance.
11-05-2026-08:45 | SYS | INFO | Health Check | All endpoints reported 200 OK. Latency: 7408ms.
11-05-2026-08:48 | LOG | INFO | Background Job Completed | General system operation executed successfully.
11-05-2026-08:50 | LOG | INFO | Token Refresh | General system operation executed successfully.
11-05-2026-08:52 | LOG | INFO | Token Refresh | General system operation executed successfully.
11-05-2026-08:53 | SYS | INFO | Cache Refresh | General system operation executed successfully.
11-05-2026-08:56 | LOG | INFO | API Request Success | General system operation executed successfully.
11-05-2026-08:59 | LOG | INFO | Service Started | Worker service 'QueueListener' initialized on .NET 9.0.1.
11-05-2026-08:59 | LOG | INFO | API Request Success | General system operation executed successfully.
11-05-2026-09:00 | SYS | INFO | Health Check | All endpoints reported 200 OK. Latency: 6273ms.
11-05-2026-09:03 | LOG | WARNING | Unusual Traffic Pattern | General system operation executed successfully.
11-05-2026-09:05 | LOG | WARNING | Unusual Traffic Pattern | General system operation executed successfully.
11-05-2026-09:08 | LOG | INFO | Service Started | Worker service 'QueueListener' initialized on .NET 9.0.1.
11-05-2026-09:09 | SYS | INFO | Cache Refresh | General system operation executed successfully.
11-05-2026-09:12 | SYS | WARNING | Session Timeout Warning | General system operation executed successfully.
11-05-2026-09:12 | LOG | INFO | Token Refresh | General system operation executed successfully.
11-05-2026-09:15 | LOG | WARNING | Unusual Traffic Pattern | General system operation executed successfully.
11-05-2026-09:17 | LOG | INFO | Service Started | Worker service 'QueueListener' initialized on .NET 9.0.1.
11-05-2026-09:17 | LOG | INFO | API Request Success | General system operation executed successfully.
11-05-2026-09:18 | LOG | INFO | Service Started | Worker service 'QueueListener' initialized on .NET 9.0.1.
11-05-2026-09:21 | SYS | WARNING | Session Timeout Warning | General system operation executed successfully.
11-05-2026-09:23 | LOG | INFO | Middleware Pipeline | General system operation executed successfully.
11-05-2026-09:24 | LOG | WARNING | Unusual Traffic Pattern | General system operation executed successfully.
11-05-2026-09:25 | SYS | INFO | Database Sync | Synchronized 217 records with the primary PostgreSQL instance.
11-05-2026-09:26 | LOG | WARNING | Memory Pressure | LOH (Large Object Heap) fragmentation detected. GC triggered.
11-05-2026-09:28 | SYS | INFO | File Upload | Resource 'data_595.ext' stored successfully in Azure Blob Storage.
11-05-2026-09:30 | LOG | INFO | Service Started | Worker service 'QueueListener' initialized on .NET 9.0.1.
11-05-2026-09:33 | LOG | WARNING | Memory Pressure | LOH (Large Object Heap) fragmentation detected. GC triggered.
11-05-2026-09:36 | LOG | INFO | API Request Success | General system operation executed successfully.
11-05-2026-09:36 | SYS | INFO | Database Sync | Synchronized 441 records with the primary PostgreSQL instance.
11-05-2026-09:39 | SYS | INFO | User Login | User 'admin@domain.com' authenticated via OAuth2 provider.
11-05-2026-09:41 | SYS | WARNING | Disk Space Low | General system operation executed successfully.
11-05-2026-09:42 | SYS | INFO | File Upload | Resource 'data_524.ext' stored successfully in Azure Blob Storage.
11-05-2026-09:44 | SYS | INFO | Database Sync | Synchronized 22 records with the primary PostgreSQL instance.
11-05-2026-09:46 | SYS | ERROR | Out Of Memory | System.OutOfMemoryException raised by GC. Worker process restarting.
11-05-2026-09:47 | SYS | ERROR | Stack Overflow | General system operation executed successfully.
11-05-2026-09:48 | API | ERROR | Null Reference | System.NullReferenceException at App.Controller.Process(Guid id).
11-05-2026-09:50 | UI | ERROR | Gateway 502 | Upstream API returned 502 Bad Gateway.
11-05-2026-09:51 | SYS | WARNING | Deprecated API Call | Usage of obsolete method 'GetLegacyData()'. Switch to V2.
11-05-2026-09:52 | SYS | INFO | User Login | User 'j.doe@domain.com' authenticated via OAuth2 provider.
11-05-2026-09:53 | SYS | INFO | Database Sync | Synchronized 220 records with the primary PostgreSQL instance.
11-05-2026-09:54 | SYS | INFO | User Login | User 'admin@domain.com' authenticated via OAuth2 provider.
11-05-2026-09:55 | LOG | WARNING | Memory Pressure | LOH (Large Object Heap) fragmentation detected. GC triggered.
11-05-2026-09:56 | SYS | INFO | Cache Refresh | General system operation executed successfully.
11-05-2026-09:59 | SYS | INFO | File Upload | Resource 'data_903.ext' stored successfully in Azure Blob Storage.
11-05-2026-10:02 | SYS | INFO | User Login | User 'admin@domain.com' authenticated via OAuth2 provider.
11-05-2026-10:03 | LOG | INFO | Service Started | Worker service 'QueueListener' initialized on .NET 9.0.1.
11-05-2026-10:05 | LOG | INFO | Background Job Completed | General system operation executed successfully.
11-05-2026-10:08 | SYS | WARNING | Disk Space Low | General system operation executed successfully.
11-05-2026-10:09 | SYS | INFO | Health Check | All endpoints reported 200 OK. Latency: 4252ms.
11-05-2026-10:10 | SYS | INFO | User Login | User 'm.curie@domain.com' authenticated via OAuth2 provider.
11-05-2026-10:11 | LOG | INFO | API Request Success | General system operation executed successfully.
11-05-2026-10:12 | LOG | INFO | API Request Success | General system operation executed successfully.
11-05-2026-10:12 | SYS | INFO | Health Check | All endpoints reported 200 OK. Latency: 3483ms.
11-05-2026-10:15 | SYS | WARNING | Deprecated API Call | Usage of obsolete method 'GetLegacyData()'. Switch to V2.
11-05-2026-10:17 | LOG | INFO | API Request Success | General system operation executed successfully.
11-05-2026-10:18 | LOG | INFO | API Request Success | General system operation executed successfully.
11-05-2026-10:21 | LOG | INFO | Token Refresh | General system operation executed successfully.
11-05-2026-10:22 | SYS | INFO | User Login | User 'j.doe@domain.com' authenticated via OAuth2 provider.
11-05-2026-10:22 | SYS | INFO | User Login | User 'admin@domain.com' authenticated via OAuth2 provider.
11-05-2026-10:25 | LOG | INFO | Service Started | Worker service 'QueueListener' initialized on .NET 9.0.1.
11-05-2026-10:27 | SYS | WARNING | Session Timeout Warning | General system operation executed successfully.
11-05-2026-10:29 | SYS | INFO | Cache Refresh | General system operation executed successfully.
11-05-2026-10:31 | SYS | WARNING | Session Timeout Warning | General system operation executed successfully.
11-05-2026-10:32 | SYS | INFO | User Login | User 'admin@domain.com' authenticated via OAuth2 provider.
11-05-2026-10:34 | LOG | WARNING | Unusual Traffic Pattern | General system operation executed successfully.
11-05-2026-10:36 | LOG | INFO | API Request Success | General system operation executed successfully.
11-05-2026-10:37 | SYS | INFO | File Upload | Resource 'data_122.ext' stored successfully in Azure Blob Storage.
11-05-2026-10:40 | LOG | WARNING | Unusual Traffic Pattern | General system operation executed successfully.
11-05-2026-10:41 | SYS | WARNING | Deprecated API Call | Usage of obsolete method 'GetLegacyData()'. Switch to V2.
11-05-2026-10:43 | SYS | WARNING | Deprecated API Call | Usage of obsolete method 'GetLegacyData()'. Switch to V2.
11-05-2026-10:45 | SYS | INFO | User Login | User 'admin@domain.com' authenticated via OAuth2 provider.
11-05-2026-10:46 | SYS | INFO | File Upload | Resource 'data_598.ext' stored successfully in Azure Blob Storage.
11-05-2026-10:48 | LOG | WARNING | Memory Pressure | LOH (Large Object Heap) fragmentation detected. GC triggered.
11-05-2026-10:49 | SYS | INFO | User Login | User 'm.curie@domain.com' authenticated via OAuth2 provider.
11-05-2026-10:51 | SYS | INFO | Cache Refresh | General system operation executed successfully.
11-05-2026-10:53 | SYS | INFO | User Login | User 'm.curie@domain.com' authenticated via OAuth2 provider.
11-05-2026-10:55 | SYS | WARNING | Disk Space Low | General system operation executed successfully.
11-05-2026-10:57 | SYS | INFO | Health Check | All endpoints reported 200 OK. Latency: 6483ms.
11-05-2026-10:59 | LOG | WARNING | Unusual Traffic Pattern | General system operation executed successfully.
11-05-2026-11:02 | LOG | INFO | Background Job Completed | General system operation executed successfully.
11-05-2026-11:04 | LOG | INFO | API Request Success | General system operation executed successfully.
11-05-2026-11:07 | LOG | INFO | Middleware Pipeline | General system operation executed successfully.
11-05-2026-11:08 | SYS | INFO | Cache Refresh | General system operation executed successfully.
11-05-2026-11:09 | SYS | INFO | Database Sync | Synchronized 209 records with the primary PostgreSQL instance.
11-05-2026-11:11 | SYS | WARNING | Session Timeout Warning | General system operation executed successfully.
11-05-2026-11:12 | SYS | INFO | Health Check | All endpoints reported 200 OK. Latency: 4488ms.
11-05-2026-11:14 | LOG | INFO | API Request Success | General system operation executed successfully.
11-05-2026-11:15 | LOG | INFO | API Request Success | General system operation executed successfully.
11-05-2026-11:18 | SYS | INFO | Health Check | All endpoints reported 200 OK. Latency: 2430ms.
11-05-2026-11:21 | LOG | WARNING | Memory Pressure | LOH (Large Object Heap) fragmentation detected. GC triggered.
11-05-2026-11:23 | SYS | WARNING | Deprecated API Call | Usage of obsolete method 'GetLegacyData()'. Switch to V2.
11-05-2026-11:25 | SYS | INFO | Cache Refresh | General system operation executed successfully.
11-05-2026-11:26 | LOG | WARNING | Memory Pressure | LOH (Large Object Heap) fragmentation detected. GC triggered.
11-05-2026-11:28 | LOG | INFO | Middleware Pipeline | General system operation executed successfully.
11-05-2026-11:29 | SYS | WARNING | Disk Space Low | General system operation executed successfully.
11-05-2026-11:30 | LOG | INFO | Background Job Completed | General system operation executed successfully.
11-05-2026-11:31 | LOG | INFO | Token Refresh | General system operation executed successfully.
11-05-2026-11:34 | SYS | WARNING | Deprecated API Call | Usage of obsolete method 'GetLegacyData()'. Switch to V2.
11-05-2026-11:35 | SYS | INFO | User Login | User 's.smith@domain.com' authenticated via OAuth2 provider.
11-05-2026-11:38 | LOG | WARNING | Memory Pressure | LOH (Large Object Heap) fragmentation detected. GC triggered.
11-05-2026-11:40 | SYS | INFO | File Upload | Resource 'data_357.ext' stored successfully in Azure Blob Storage.
11-05-2026-11:43 | SYS | INFO | Database Sync | Synchronized 119 records with the primary PostgreSQL instance.
11-05-2026-11:45 | LOG | INFO | Token Refresh | General system operation executed successfully.
11-05-2026-11:47 | LOG | INFO | API Request Success | General system operation executed successfully.
11-05-2026-11:48 | LOG | WARNING | Unusual Traffic Pattern | General system operation executed successfully.
11-05-2026-11:49 | SYS | INFO | Database Sync | Synchronized 350 records with the primary PostgreSQL instance.
11-05-2026-11:51 | LOG | INFO | Middleware Pipeline | General system operation executed successfully.
11-05-2026-11:53 | SYS | INFO | Database Sync | Synchronized 335 records with the primary PostgreSQL instance.
11-05-2026-11:55 | SYS | INFO | Health Check | All endpoints reported 200 OK. Latency: 4557ms.
11-05-2026-11:57 | LOG | INFO | Token Refresh | General system operation executed successfully.
11-05-2026-12:00 | SYS | WARNING | Deprecated API Call | Usage of obsolete method 'GetLegacyData()'. Switch to V2.
11-05-2026-12:01 | LOG | INFO | API Request Success | General system operation executed successfully.
11-05-2026-12:02 | SYS | WARNING | Session Timeout Warning | General system operation executed successfully.
11-05-2026-12:04 | SYS | ERROR | Out Of Memory | System.OutOfMemoryException raised by GC. Worker process restarting.
11-05-2026-12:04 | SYS | ERROR | Stack Overflow | General system operation executed successfully.
11-05-2026-12:05 | API | ERROR | Null Reference | System.NullReferenceException at App.Controller.Process(Guid id).
11-05-2026-12:06 | UI | ERROR | Gateway 502 | Upstream API returned 502 Bad Gateway.
11-05-2026-12:06 | LOG | INFO | Middleware Pipeline | General system operation executed successfully.
11-05-2026-12:09 | LOG | INFO | Token Refresh | General system operation executed successfully.
11-05-2026-12:11 | LOG | INFO | Service Started | Worker service 'QueueListener' initialized on .NET 9.0.1.
11-05-2026-12:14 | SYS | WARNING | Disk Space Low | General system operation executed successfully.
11-05-2026-12:14 | SYS | WARNING | Deprecated API Call | Usage of obsolete method 'GetLegacyData()'. Switch to V2.
11-05-2026-12:16 | SYS | INFO | User Login | User 'j.doe@domain.com' authenticated via OAuth2 provider.
11-05-2026-12:17 | LOG | WARNING | Unusual Traffic Pattern | General system operation executed successfully.
11-05-2026-12:18 | SYS | WARNING | Session Timeout Warning | General system operation executed successfully.
11-05-2026-12:19 | LOG | INFO | Service Started | Worker service 'QueueListener' initialized on .NET 9.0.1.
11-05-2026-12:21 | LOG | WARNING | Unusual Traffic Pattern | General system operation executed successfully.
11-05-2026-12:24 | SYS | WARNING | Disk Space Low | General system operation executed successfully.
11-05-2026-12:24 | SYS | WARNING | Session Timeout Warning | General system operation executed successfully.
11-05-2026-12:26 | LOG | INFO | API Request Success | General system operation executed successfully.
11-05-2026-12:27 | LOG | INFO | API Request Success | General system operation executed successfully.
11-05-2026-12:28 | SYS | INFO | User Login | User 'j.doe@domain.com' authenticated via OAuth2 provider.
11-05-2026-12:30 | LOG | WARNING | Unusual Traffic Pattern | General system operation executed successfully.
11-05-2026-12:32 | SYS | INFO | File Upload | Resource 'data_924.ext' stored successfully in Azure Blob Storage.
11-05-2026-12:35 | SYS | INFO | Cache Refresh | General system operation executed successfully.
11-05-2026-12:37 | LOG | INFO | API Request Success | General system operation executed successfully.
11-05-2026-12:39 | SYS | WARNING | Deprecated API Call | Usage of obsolete method 'GetLegacyData()'. Switch to V2.
11-05-2026-12:41 | SYS | WARNING | Session Timeout Warning | General system operation executed successfully.
11-05-2026-12:42 | SYS | WARNING | Deprecated API Call | Usage of obsolete method 'GetLegacyData()'. Switch to V2.
11-05-2026-12:43 | SYS | WARNING | Session Timeout Warning | General system operation executed successfully.
11-05-2026-12:45 | LOG | WARNING | Memory Pressure | LOH (Large Object Heap) fragmentation detected. GC triggered.
11-05-2026-12:45 | SYS | ERROR | Connection Timeout | Failed to connect to Redis at 10.0.0.12:6379 after 5000ms.
11-05-2026-12:46 | API | WARNING | Cache Miss Storm | Cache miss ratio reached 98% on /catalog endpoint.
11-05-2026-12:48 | DB | WARNING | Slow Query Detected | SELECT * FROM Transactions took 2513ms. Optimization required.
11-05-2026-12:50 | SYS | ERROR | Deadlock Detected | General system operation executed successfully.
11-05-2026-12:51 | SYS | INFO | File Upload | Resource 'data_467.ext' stored successfully in Azure Blob Storage.
11-05-2026-12:54 | SYS | INFO | Cache Refresh | General system operation executed successfully.
11-05-2026-12:56 | LOG | INFO | Service Started | Worker service 'QueueListener' initialized on .NET 9.0.1.
11-05-2026-12:58 | SYS | WARNING | Deprecated API Call | Usage of obsolete method 'GetLegacyData()'. Switch to V2.
11-05-2026-13:00 | SYS | INFO | Health Check | All endpoints reported 200 OK. Latency: 1672ms.
11-05-2026-13:01 | LOG | WARNING | Memory Pressure | LOH (Large Object Heap) fragmentation detected. GC triggered.
11-05-2026-13:03 | SYS | INFO | Database Sync | Synchronized 65 records with the primary PostgreSQL instance.
11-05-2026-13:06 | SYS | INFO | Health Check | All endpoints reported 200 OK. Latency: 6344ms.
11-05-2026-13:07 | SYS | INFO | User Login | User 'j.doe@domain.com' authenticated via OAuth2 provider.
11-05-2026-13:09 | SYS | WARNING | Deprecated API Call | Usage of obsolete method 'GetLegacyData()'. Switch to V2.
11-05-2026-13:11 | SYS | WARNING | Deprecated API Call | Usage of obsolete method 'GetLegacyData()'. Switch to V2.
11-05-2026-13:12 | SYS | WARNING | Disk Space Low | General system operation executed successfully.
11-05-2026-13:14 | LOG | WARNING | Unusual Traffic Pattern | General system operation executed successfully.
11-05-2026-13:16 | SYS | INFO | Database Sync | Synchronized 342 records with the primary PostgreSQL instance.
11-05-2026-13:17 | LOG | INFO | API Request Success | General system operation executed successfully.
11-05-2026-13:19 | SYS | WARNING | Disk Space Low | General system operation executed successfully.
11-05-2026-13:20 | SYS | INFO | File Upload | Resource 'data_564.ext' stored successfully in Azure Blob Storage.
11-05-2026-13:21 | LOG | INFO | Background Job Completed | General system operation executed successfully.
11-05-2026-13:23 | LOG | INFO | Token Refresh | General system operation executed successfully.
11-05-2026-13:25 | SYS | WARNING | Session Timeout Warning | General system operation executed successfully.
11-05-2026-13:28 | LOG | INFO | API Request Success | General system operation executed successfully.
11-05-2026-13:29 | SYS | INFO | Health Check | All endpoints reported 200 OK. Latency: 2261ms.
11-05-2026-13:30 | LOG | INFO | Service Started | Worker service 'QueueListener' initialized on .NET 9.0.1.
11-05-2026-13:30 | SYS | INFO | Database Sync | Synchronized 497 records with the primary PostgreSQL instance.
11-05-2026-13:31 | SYS | INFO | User Login | User 'j.doe@domain.com' authenticated via OAuth2 provider.
11-05-2026-13:34 | LOG | INFO | Token Refresh | General system operation executed successfully.
11-05-2026-13:35 | SYS | INFO | Database Sync | Synchronized 124 records with the primary PostgreSQL instance.
11-05-2026-13:37 | LOG | WARNING | Memory Pressure | LOH (Large Object Heap) fragmentation detected. GC triggered.
11-05-2026-13:40 | SYS | INFO | User Login | User 'm.curie@domain.com' authenticated via OAuth2 provider.
11-05-2026-13:42 | SYS | INFO | Health Check | All endpoints reported 200 OK. Latency: 7223ms.
11-05-2026-13:44 | LOG | INFO | Token Refresh | General system operation executed successfully.
11-05-2026-13:44 | LOG | WARNING | Memory Pressure | LOH (Large Object Heap) fragmentation detected. GC triggered.
11-05-2026-13:46 | SYS | WARNING | Session Timeout Warning | General system operation executed successfully.
11-05-2026-13:49 | SYS | WARNING | Disk Space Low | General system operation executed successfully.
11-05-2026-13:49 | SYS | WARNING | Disk Space Low | General system operation executed successfully.
11-05-2026-13:52 | SYS | INFO | File Upload | Resource 'data_778.ext' stored successfully in Azure Blob Storage.
11-05-2026-13:54 | LOG | INFO | Token Refresh | General system operation executed successfully.
11-05-2026-13:56 | SYS | WARNING | Disk Space Low | General system operation executed successfully.
11-05-2026-13:57 | SYS | WARNING | Session Timeout Warning | General system operation executed successfully.
11-05-2026-13:59 | SYS | INFO | User Login | User 's.smith@domain.com' authenticated via OAuth2 provider.
11-05-2026-14:00 | SYS | WARNING | Deprecated API Call | Usage of obsolete method 'GetLegacyData()'. Switch to V2.
11-05-2026-14:02 | LOG | INFO | Service Started | Worker service 'QueueListener' initialized on .NET 9.0.1.
11-05-2026-14:04 | SYS | WARNING | Deprecated API Call | Usage of obsolete method 'GetLegacyData()'. Switch to V2.
11-05-2026-14:06 | SYS | INFO | Health Check | All endpoints reported 200 OK. Latency: 3697ms.
11-05-2026-14:07 | LOG | INFO | Token Refresh | General system operation executed successfully.
11-05-2026-14:10 | LOG | INFO | API Request Success | General system operation executed successfully.
11-05-2026-14:12 | SYS | WARNING | Disk Space Low | General system operation executed successfully.
11-05-2026-14:12 | SYS | INFO | User Login | User 'm.curie@domain.com' authenticated via OAuth2 provider.
11-05-2026-14:13 | SYS | INFO | User Login | User 's.smith@domain.com' authenticated via OAuth2 provider.
11-05-2026-14:16 | SYS | INFO | Database Sync | Synchronized 73 records with the primary PostgreSQL instance.
11-05-2026-14:17 | SYS | WARNING | Session Timeout Warning | General system operation executed successfully.
11-05-2026-14:18 | SYS | INFO | User Login | User 's.smith@domain.com' authenticated via OAuth2 provider.
11-05-2026-14:19 | SYS | WARNING | Session Timeout Warning | General system operation executed successfully.
11-05-2026-14:20 | SYS | WARNING | Deprecated API Call | Usage of obsolete method 'GetLegacyData()'. Switch to V2.
11-05-2026-14:21 | LOG | INFO | Middleware Pipeline | General system operation executed successfully.
11-05-2026-14:22 | LOG | WARNING | Unusual Traffic Pattern | General system operation executed successfully.
11-05-2026-14:23 | SYS | INFO | File Upload | Resource 'data_469.ext' stored successfully in Azure Blob Storage.
11-05-2026-14:25 | SYS | INFO | Cache Refresh | General system operation executed successfully.
11-05-2026-14:27 | LOG | INFO | Background Job Completed | General system operation executed successfully.
11-05-2026-14:29 | SYS | WARNING | Session Timeout Warning | General system operation executed successfully.
11-05-2026-14:31 | LOG | INFO | Background Job Completed | General system operation executed successfully.
11-05-2026-14:33 | SYS | INFO | User Login | User 'm.curie@domain.com' authenticated via OAuth2 provider.
11-05-2026-14:34 | LOG | INFO | Middleware Pipeline | General system operation executed successfully.
11-05-2026-14:35 | SYS | WARNING | Deprecated API Call | Usage of obsolete method 'GetLegacyData()'. Switch to V2.
11-05-2026-14:37 | SYS | INFO | User Login | User 'm.curie@domain.com' authenticated via OAuth2 provider.
11-05-2026-14:40 | LOG | WARNING | Unusual Traffic Pattern | General system operation executed successfully.
11-05-2026-14:41 | SYS | WARNING | Session Timeout Warning | General system operation executed successfully.
11-05-2026-14:42 | SYS | INFO | User Login | User 'system@domain.com' authenticated via OAuth2 provider.
11-05-2026-14:44 | SYS | WARNING | Deprecated API Call | Usage of obsolete method 'GetLegacyData()'. Switch to V2.
11-05-2026-14:46 | LOG | INFO | API Request Success | General system operation executed successfully.
11-05-2026-14:47 | SYS | INFO | Health Check | All endpoints reported 200 OK. Latency: 2467ms.
11-05-2026-14:49 | SYS | INFO | File Upload | Resource 'data_438.ext' stored successfully in Azure Blob Storage.
11-05-2026-14:50 | LOG | INFO | Token Refresh | General system operation executed successfully.
11-05-2026-14:52 | SYS | WARNING | Disk Space Low | General system operation executed successfully.
11-05-2026-14:55 | SYS | INFO | File Upload | Resource 'data_540.ext' stored successfully in Azure Blob Storage.
11-05-2026-14:56 | SYS | WARNING | Disk Space Low | General system operation executed successfully.
11-05-2026-14:58 | SYS | WARNING | Disk Space Low | General system operation executed successfully.
11-05-2026-14:59 | SYS | INFO | Health Check | All endpoints reported 200 OK. Latency: 4798ms.
11-05-2026-15:00 | SYS | INFO | File Upload | Resource 'data_808.ext' stored successfully in Azure Blob Storage.
11-05-2026-15:02 | SYS | INFO | Database Sync | Synchronized 159 records with the primary PostgreSQL instance.
11-05-2026-15:04 | LOG | INFO | Middleware Pipeline | General system operation executed successfully.
11-05-2026-15:05 | SYS | INFO | File Upload | Resource 'data_573.ext' stored successfully in Azure Blob Storage.
11-05-2026-15:06 | LOG | INFO | Token Refresh | General system operation executed successfully.
11-05-2026-15:07 | SYS | WARNING | Deprecated API Call | Usage of obsolete method 'GetLegacyData()'. Switch to V2.
11-05-2026-15:09 | SYS | WARNING | Disk Space Low | General system operation executed successfully.
11-05-2026-15:11 | SYS | WARNING | Session Timeout Warning | General system operation executed successfully.
11-05-2026-15:14 | SYS | INFO | User Login | User 'system@domain.com' authenticated via OAuth2 provider.
11-05-2026-15:17 | SYS | INFO | Database Sync | Synchronized 480 records with the primary PostgreSQL instance.
11-05-2026-15:17 | LOG | INFO | Middleware Pipeline | General system operation executed successfully.
11-05-2026-15:19 | LOG | WARNING | Unusual Traffic Pattern | General system operation executed successfully.
11-05-2026-15:20 | LOG | INFO | Background Job Completed | General system operation executed successfully.
11-05-2026-15:22 | LOG | INFO | Background Job Completed | General system operation executed successfully.
11-05-2026-15:25 | LOG | INFO | API Request Success | General system operation executed successfully.
11-05-2026-15:26 | SYS | WARNING | Disk Space Low | General system operation executed successfully.
11-05-2026-15:28 | SYS | INFO | Cache Refresh | General system operation executed successfully.
11-05-2026-15:29 | SYS | INFO | User Login | User 'j.doe@domain.com' authenticated via OAuth2 provider.
11-05-2026-15:30 | LOG | INFO | Middleware Pipeline | General system operation executed successfully.
11-05-2026-15:30 | LOG | WARNING | Unusual Traffic Pattern | General system operation executed successfully.
11-05-2026-15:32 | LOG | INFO | Background Job Completed | General system operation executed successfully.
11-05-2026-15:34 | SYS | WARNING | Deprecated API Call | Usage of obsolete method 'GetLegacyData()'. Switch to V2.
11-05-2026-15:35 | SYS | INFO | Cache Refresh | General system operation executed successfully.
11-05-2026-15:35 | SYS | WARNING | Disk Space Low | General system operation executed successfully.
11-05-2026-15:36 | SYS | INFO | User Login | User 'system@domain.com' authenticated via OAuth2 provider.
11-05-2026-15:39 | SYS | WARNING | Disk Space Low | General system operation executed successfully.
11-05-2026-15:40 | SYS | INFO | Health Check | All endpoints reported 200 OK. Latency: 2297ms.
11-05-2026-15:43 | LOG | WARNING | Unusual Traffic Pattern | General system operation executed successfully.
11-05-2026-15:43 | LOG | INFO | API Request Success | General system operation executed successfully.
11-05-2026-15:45 | LOG | INFO | Service Started | Worker service 'QueueListener' initialized on .NET 9.0.1.
11-05-2026-15:47 | LOG | WARNING | Unusual Traffic Pattern | General system operation executed successfully.
11-05-2026-15:48 | LOG | INFO | Background Job Completed | General system operation executed successfully.
11-05-2026-15:48 | LOG | WARNING | Unusual Traffic Pattern | General system operation executed successfully.
11-05-2026-15:50 | LOG | INFO | Middleware Pipeline | General system operation executed successfully.
11-05-2026-15:53 | LOG | WARNING | Unusual Traffic Pattern | General system operation executed successfully.
11-05-2026-15:56 | SYS | INFO | User Login | User 'j.doe@domain.com' authenticated via OAuth2 provider.
11-05-2026-15:58 | SYS | WARNING | Session Timeout Warning | General system operation executed successfully.
11-05-2026-16:00 | LOG | WARNING | Memory Pressure | LOH (Large Object Heap) fragmentation detected. GC triggered.
11-05-2026-16:00 | LOG | INFO | Background Job Completed | General system operation executed successfully.
11-05-2026-16:02 | SYS | INFO | Database Sync | Synchronized 162 records with the primary PostgreSQL instance.
11-05-2026-16:04 | LOG | WARNING | Memory Pressure | LOH (Large Object Heap) fragmentation detected. GC triggered.
11-05-2026-16:06 | LOG | INFO | Background Job Completed | General system operation executed successfully.
11-05-2026-16:07 | LOG | WARNING | Memory Pressure | LOH (Large Object Heap) fragmentation detected. GC triggered.
11-05-2026-16:08 | LOG | WARNING | Memory Pressure | LOH (Large Object Heap) fragmentation detected. GC triggered.
11-05-2026-16:11 | LOG | WARNING | Memory Pressure | LOH (Large Object Heap) fragmentation detected. GC triggered.
11-05-2026-16:12 | LOG | INFO | Service Started | Worker service 'QueueListener' initialized on .NET 9.0.1.
11-05-2026-16:13 | SYS | INFO | File Upload | Resource 'data_346.ext' stored successfully in Azure Blob Storage.
11-05-2026-16:15 | SYS | INFO | File Upload | Resource 'data_432.ext' stored successfully in Azure Blob Storage.
11-05-2026-16:18 | LOG | INFO | Service Started | Worker service 'QueueListener' initialized on .NET 9.0.1.
11-05-2026-16:20 | LOG | INFO | API Request Success | General system operation executed successfully.
11-05-2026-16:22 | SYS | WARNING | Session Timeout Warning | General system operation executed successfully.
11-05-2026-16:24 | SYS | WARNING | Session Timeout Warning | General system operation executed successfully.
11-05-2026-16:25 | SYS | INFO | Health Check | All endpoints reported 200 OK. Latency: 2555ms.
11-05-2026-16:26 | LOG | INFO | Service Started | Worker service 'QueueListener' initialized on .NET 9.0.1.
11-05-2026-16:27 | LOG | INFO | Middleware Pipeline | General system operation executed successfully.
11-05-2026-16:30 | LOG | INFO | Background Job Completed | General system operation executed successfully.
11-05-2026-16:31 | SYS | INFO | Database Sync | Synchronized 439 records with the primary PostgreSQL instance.
11-05-2026-16:32 | LOG | WARNING | Unusual Traffic Pattern | General system operation executed successfully.
11-05-2026-16:35 | SYS | WARNING | Disk Space Low | General system operation executed successfully.
11-05-2026-16:36 | SYS | WARNING | Deprecated API Call | Usage of obsolete method 'GetLegacyData()'. Switch to V2.
11-05-2026-16:38 | SYS | WARNING | Disk Space Low | General system operation executed successfully.
11-05-2026-16:39 | SYS | WARNING | Disk Space Low | General system operation executed successfully.
11-05-2026-16:41 | SYS | INFO | Cache Refresh | General system operation executed successfully.
11-05-2026-16:41 | SYS | WARNING | Disk Space Low | General system operation executed successfully.
11-05-2026-16:42 | LOG | INFO | API Request Success | General system operation executed successfully.
11-05-2026-16:43 | SYS | INFO | File Upload | Resource 'data_409.ext' stored successfully in Azure Blob Storage.
11-05-2026-16:45 | LOG | INFO | Background Job Completed | General system operation executed successfully.
11-05-2026-16:47 | LOG | WARNING | Memory Pressure | LOH (Large Object Heap) fragmentation detected. GC triggered.
11-05-2026-16:48 | LOG | INFO | Service Started | Worker service 'QueueListener' initialized on .NET 9.0.1.
11-05-2026-16:51 | SYS | WARNING | Deprecated API Call | Usage of obsolete method 'GetLegacyData()'. Switch to V2.
11-05-2026-16:52 | LOG | INFO | Middleware Pipeline | General system operation executed successfully.
11-05-2026-16:53 | SYS | INFO | Cache Refresh | General system operation executed successfully.
11-05-2026-16:55 | LOG | INFO | API Request Success | General system operation executed successfully.
11-05-2026-16:56 | SYS | WARNING | Disk Space Low | General system operation executed successfully.
11-05-2026-16:59 | LOG | INFO | Background Job Completed | General system operation executed successfully.
11-05-2026-17:01 | SYS | INFO | Health Check | All endpoints reported 200 OK. Latency: 1431ms.
11-05-2026-17:02 | LOG | INFO | API Request Success | General system operation executed successfully.
11-05-2026-17:04 | SYS | INFO | File Upload | Resource 'data_684.ext' stored successfully in Azure Blob Storage.
11-05-2026-17:07 | SYS | INFO | User Login | User 'admin@domain.com' authenticated via OAuth2 provider.
11-05-2026-17:09 | SYS | WARNING | Deprecated API Call | Usage of obsolete method 'GetLegacyData()'. Switch to V2.
11-05-2026-17:09 | SYS | INFO | Health Check | All endpoints reported 200 OK. Latency: 6444ms.
11-05-2026-17:10 | LOG | INFO | Token Refresh | General system operation executed successfully.
11-05-2026-17:12 | SYS | WARNING | Deprecated API Call | Usage of obsolete method 'GetLegacyData()'. Switch to V2.
11-05-2026-17:14 | SYS | WARNING | Deprecated API Call | Usage of obsolete method 'GetLegacyData()'. Switch to V2.
11-05-2026-17:16 | SYS | INFO | File Upload | Resource 'data_560.ext' stored successfully in Azure Blob Storage.
11-05-2026-17:19 | LOG | INFO | Service Started | Worker service 'QueueListener' initialized on .NET 9.0.1.
11-05-2026-17:22 | LOG | INFO | Middleware Pipeline | General system operation executed successfully.
11-05-2026-17:24 | SYS | INFO | User Login | User 's.smith@domain.com' authenticated via OAuth2 provider.
11-05-2026-17:26 | LOG | WARNING | Unusual Traffic Pattern | General system operation executed successfully.
11-05-2026-17:28 | LOG | INFO | API Request Success | General system operation executed successfully.
11-05-2026-17:30 | LOG | INFO | Token Refresh | General system operation executed successfully.
11-05-2026-17:32 | SYS | INFO | Health Check | All endpoints reported 200 OK. Latency: 3893ms.
11-05-2026-17:35 | SYS | WARNING | Deprecated API Call | Usage of obsolete method 'GetLegacyData()'. Switch to V2.
11-05-2026-17:36 | LOG | INFO | API Request Success | General system operation executed successfully.
11-05-2026-17:36 | LOG | WARNING | Memory Pressure | LOH (Large Object Heap) fragmentation detected. GC triggered.
11-05-2026-17:39 | LOG | INFO | Background Job Completed | General system operation executed successfully.
11-05-2026-17:41 | LOG | WARNING | Unusual Traffic Pattern | General system operation executed successfully.
11-05-2026-17:43 | LOG | INFO | Token Refresh | General system operation executed successfully.
11-05-2026-17:44 | LOG | INFO | Token Refresh | General system operation executed successfully.
11-05-2026-17:47 | LOG | INFO | Service Started | Worker service 'QueueListener' initialized on .NET 9.0.1.
11-05-2026-17:49 | LOG | WARNING | Memory Pressure | LOH (Large Object Heap) fragmentation detected. GC triggered.
11-05-2026-17:52 | LOG | INFO | Middleware Pipeline | General system operation executed successfully.
11-05-2026-17:52 | LOG | WARNING | Memory Pressure | LOH (Large Object Heap) fragmentation detected. GC triggered.
11-05-2026-17:53 | SYS | WARNING | Deprecated API Call | Usage of obsolete method 'GetLegacyData()'. Switch to V2.
11-05-2026-17:54 | SYS | WARNING | Deprecated API Call | Usage of obsolete method 'GetLegacyData()'. Switch to V2.
11-05-2026-17:56 | LOG | INFO | Token Refresh | General system operation executed successfully.
11-05-2026-17:58 | SYS | INFO | Cache Refresh | General system operation executed successfully.
11-05-2026-18:01 | LOG | INFO | API Request Success | General system operation executed successfully.
11-05-2026-18:02 | SYS | INFO | Health Check | All endpoints reported 200 OK. Latency: 7275ms.
11-05-2026-18:04 | LOG | INFO | Service Started | Worker service 'QueueListener' initialized on .NET 9.0.1.
11-05-2026-18:07 | SYS | INFO | Database Sync | Synchronized 247 records with the primary PostgreSQL instance.
11-05-2026-18:09 | LOG | INFO | Background Job Completed | General system operation executed successfully.
11-05-2026-18:12 | LOG | INFO | Service Started | Worker service 'QueueListener' initialized on .NET 9.0.1.
11-05-2026-18:14 | SYS | INFO | File Upload | Resource 'data_740.ext' stored successfully in Azure Blob Storage.
11-05-2026-18:17 | SYS | WARNING | Session Timeout Warning | General system operation executed successfully.
11-05-2026-18:20 | SYS | WARNING | Disk Space Low | General system operation executed successfully.
11-05-2026-18:23 | SYS | WARNING | Deprecated API Call | Usage of obsolete method 'GetLegacyData()'. Switch to V2.
11-05-2026-18:25 | LOG | INFO | Background Job Completed | General system operation executed successfully.
11-05-2026-18:28 | SYS | WARNING | Disk Space Low | General system operation executed successfully.
11-05-2026-18:30 | SYS | WARNING | Disk Space Low | General system operation executed successfully.
11-05-2026-18:32 | LOG | WARNING | Memory Pressure | LOH (Large Object Heap) fragmentation detected. GC triggered.
11-05-2026-18:34 | LOG | INFO | Service Started | Worker service 'QueueListener' initialized on .NET 9.0.1.
11-05-2026-18:34 | SYS | WARNING | Disk Space Low | General system operation executed successfully.
11-05-2026-18:37 | LOG | INFO | Middleware Pipeline | General system operation executed successfully.
11-05-2026-18:38 | LOG | INFO | API Request Success | General system operation executed successfully.
11-05-2026-18:39 | LOG | INFO | Background Job Completed | General system operation executed successfully.
11-05-2026-18:41 | LOG | INFO | API Request Success | General system operation executed successfully.
11-05-2026-18:43 | LOG | INFO | Background Job Completed | General system operation executed successfully.
11-05-2026-18:43 | SYS | INFO | File Upload | Resource 'data_286.ext' stored successfully in Azure Blob Storage.
11-05-2026-18:45 | SYS | INFO | Database Sync | Synchronized 222 records with the primary PostgreSQL instance.
11-05-2026-18:47 | LOG | INFO | Background Job Completed | General system operation executed successfully.
11-05-2026-18:50 | SYS | INFO | File Upload | Resource 'data_574.ext' stored successfully in Azure Blob Storage.
11-05-2026-18:51 | LOG | WARNING | Unusual Traffic Pattern | General system operation executed successfully.
11-05-2026-18:52 | LOG | INFO | Service Started | Worker service 'QueueListener' initialized on .NET 9.0.1.
11-05-2026-18:54 | SYS | INFO | Health Check | All endpoints reported 200 OK. Latency: 3979ms.
11-05-2026-18:56 | SYS | INFO | Database Sync | Synchronized 295 records with the primary PostgreSQL instance.
11-05-2026-18:57 | SYS | INFO | Health Check | All endpoints reported 200 OK. Latency: 1274ms.
11-05-2026-18:58 | LOG | WARNING | Unusual Traffic Pattern | General system operation executed successfully.
11-05-2026-19:01 | SYS | INFO | Database Sync | Synchronized 119 records with the primary PostgreSQL instance.
11-05-2026-19:01 | SYS | WARNING | Deprecated API Call | Usage of obsolete method 'GetLegacyData()'. Switch to V2.
11-05-2026-19:04 | SYS | INFO | File Upload | Resource 'data_903.ext' stored successfully in Azure Blob Storage.
11-05-2026-19:05 | LOG | INFO | Background Job Completed | General system operation executed successfully.
11-05-2026-19:08 | SYS | WARNING | Session Timeout Warning | General system operation executed successfully.
11-05-2026-19:09 | SYS | INFO | Cache Refresh | General system operation executed successfully.
11-05-2026-19:11 | SYS | INFO | Health Check | All endpoints reported 200 OK. Latency: 4128ms.
11-05-2026-19:13 | SYS | INFO | User Login | User 'admin@domain.com' authenticated via OAuth2 provider.
11-05-2026-19:16 | SYS | INFO | Cache Refresh | General system operation executed successfully.
11-05-2026-19:18 | SYS | INFO | Health Check | All endpoints reported 200 OK. Latency: 5433ms.
11-05-2026-19:19 | LOG | WARNING | Memory Pressure | LOH (Large Object Heap) fragmentation detected. GC triggered.
11-05-2026-19:21 | LOG | INFO | Background Job Completed | General system operation executed successfully.
11-05-2026-19:24 | LOG | INFO | API Request Success | General system operation executed successfully.
11-05-2026-19:25 | LOG | INFO | Background Job Completed | General system operation executed successfully.
11-05-2026-19:27 | SYS | INFO | Database Sync | Synchronized 163 records with the primary PostgreSQL instance.
11-05-2026-19:28 | SYS | WARNING | Session Timeout Warning | General system operation executed successfully.
11-05-2026-19:29 | SYS | INFO | Cache Refresh | General system operation executed successfully.
11-05-2026-19:32 | LOG | INFO | Token Refresh | General system operation executed successfully.
11-05-2026-19:34 | SYS | INFO | Database Sync | Synchronized 218 records with the primary PostgreSQL instance.
11-05-2026-19:36 | SYS | WARNING | Deprecated API Call | Usage of obsolete method 'GetLegacyData()'. Switch to V2.
11-05-2026-19:37 | SYS | INFO | Health Check | All endpoints reported 200 OK. Latency: 4041ms.
11-05-2026-19:39 | LOG | INFO | Background Job Completed | General system operation executed successfully.
11-05-2026-19:39 | SYS | INFO | User Login | User 'admin@domain.com' authenticated via OAuth2 provider.
11-05-2026-19:41 | LOG | INFO | API Request Success | General system operation executed successfully.
11-05-2026-19:42 | SYS | INFO | Database Sync | Synchronized 499 records with the primary PostgreSQL instance.
11-05-2026-19:43 | SYS | WARNING | Deprecated API Call | Usage of obsolete method 'GetLegacyData()'. Switch to V2.
11-05-2026-19:45 | LOG | INFO | Middleware Pipeline | General system operation executed successfully.
11-05-2026-19:48 | SYS | INFO | File Upload | Resource 'data_400.ext' stored successfully in Azure Blob Storage.
11-05-2026-19:49 | LOG | WARNING | Memory Pressure | LOH (Large Object Heap) fragmentation detected. GC triggered.
11-05-2026-19:50 | SYS | INFO | Database Sync | Synchronized 209 records with the primary PostgreSQL instance.
11-05-2026-19:51 | SYS | WARNING | Deprecated API Call | Usage of obsolete method 'GetLegacyData()'. Switch to V2.
11-05-2026-19:53 | SYS | WARNING | Session Timeout Warning | General system operation executed successfully.
11-05-2026-19:54 | LOG | INFO | Middleware Pipeline | General system operation executed successfully.
11-05-2026-19:56 | SYS | INFO | File Upload | Resource 'data_701.ext' stored successfully in Azure Blob Storage.
11-05-2026-19:57 | SYS | INFO | User Login | User 'system@domain.com' authenticated via OAuth2 provider.
11-05-2026-19:58 | SYS | WARNING | Deprecated API Call | Usage of obsolete method 'GetLegacyData()'. Switch to V2.
11-05-2026-20:00 | LOG | INFO | Service Started | Worker service 'QueueListener' initialized on .NET 9.0.1.
11-05-2026-20:02 | SYS | WARNING | Deprecated API Call | Usage of obsolete method 'GetLegacyData()'. Switch to V2.
11-05-2026-20:05 | LOG | INFO | Background Job Completed | General system operation executed successfully.
11-05-2026-20:07 | SYS | INFO | User Login | User 'j.doe@domain.com' authenticated via OAuth2 provider.
11-05-2026-20:08 | SYS | INFO | Cache Refresh | General system operation executed successfully.
11-05-2026-20:11 | SYS | WARNING | Disk Space Low | General system operation executed successfully.
11-05-2026-20:14 | LOG | INFO | Service Started | Worker service 'QueueListener' initialized on .NET 9.0.1.
11-05-2026-20:16 | SYS | INFO | User Login | User 'm.curie@domain.com' authenticated via OAuth2 provider.
11-05-2026-20:18 | SYS | WARNING | Session Timeout Warning | General system operation executed successfully.
11-05-2026-20:20 | LOG | INFO | Service Started | Worker service 'QueueListener' initialized on .NET 9.0.1.
11-05-2026-20:21 | SYS | INFO | User Login | User 's.smith@domain.com' authenticated via OAuth2 provider.
11-05-2026-20:23 | LOG | INFO | Background Job Completed | General system operation executed successfully.
11-05-2026-20:25 | SYS | INFO | Database Sync | Synchronized 265 records with the primary PostgreSQL instance.
11-05-2026-20:27 | LOG | INFO | Background Job Completed | General system operation executed successfully.
11-05-2026-20:29 | LOG | WARNING | Memory Pressure | LOH (Large Object Heap) fragmentation detected. GC triggered.
11-05-2026-20:30 | SYS | INFO | Health Check | All endpoints reported 200 OK. Latency: 2325ms.
11-05-2026-20:32 | SYS | INFO | Health Check | All endpoints reported 200 OK. Latency: 4593ms.
11-05-2026-20:33 | LOG | INFO | API Request Success | General system operation executed successfully.
11-05-2026-20:34 | SYS | WARNING | Session Timeout Warning | General system operation executed successfully.
11-05-2026-20:36 | LOG | WARNING | Unusual Traffic Pattern | General system operation executed successfully.
11-05-2026-20:39 | SYS | INFO | Health Check | All endpoints reported 200 OK. Latency: 2772ms.
11-05-2026-20:40 | LOG | INFO | API Request Success | General system operation executed successfully.
11-05-2026-20:41 | LOG | WARNING | Memory Pressure | LOH (Large Object Heap) fragmentation detected. GC triggered.
11-05-2026-20:42 | SYS | INFO | User Login | User 'm.curie@domain.com' authenticated via OAuth2 provider.
11-05-2026-20:43 | SYS | WARNING | Disk Space Low | General system operation executed successfully.
11-05-2026-20:44 | LOG | INFO | API Request Success | General system operation executed successfully.
11-05-2026-20:45 | LOG | WARNING | Memory Pressure | LOH (Large Object Heap) fragmentation detected. GC triggered.
11-05-2026-20:47 | LOG | INFO | Token Refresh | General system operation executed successfully.
11-05-2026-20:50 | SYS | WARNING | Session Timeout Warning | General system operation executed successfully.
11-05-2026-20:53 | SYS | INFO | File Upload | Resource 'data_488.ext' stored successfully in Azure Blob Storage.
11-05-2026-20:56 | SYS | INFO | Database Sync | Synchronized 356 records with the primary PostgreSQL instance.
11-05-2026-20:58 | SYS | INFO | Database Sync | Synchronized 297 records with the primary PostgreSQL instance.
11-05-2026-20:58 | LOG | INFO | Token Refresh | General system operation executed successfully.
11-05-2026-20:59 | LOG | WARNING | Memory Pressure | LOH (Large Object Heap) fragmentation detected. GC triggered.
11-05-2026-21:01 | LOG | INFO | Middleware Pipeline | General system operation executed successfully.
11-05-2026-21:02 | SYS | WARNING | Session Timeout Warning | General system operation executed successfully.
11-05-2026-21:05 | SYS | WARNING | Deprecated API Call | Usage of obsolete method 'GetLegacyData()'. Switch to V2.
11-05-2026-21:06 | SYS | WARNING | Disk Space Low | General system operation executed successfully.
11-05-2026-21:07 | SYS | INFO | File Upload | Resource 'data_141.ext' stored successfully in Azure Blob Storage.
11-05-2026-21:09 | SYS | INFO | User Login | User 'j.doe@domain.com' authenticated via OAuth2 provider.
11-05-2026-21:11 | SYS | INFO | Cache Refresh | General system operation executed successfully.
11-05-2026-21:14 | LOG | INFO | Middleware Pipeline | General system operation executed successfully.
11-05-2026-21:17 | LOG | INFO | API Request Success | General system operation executed successfully.
11-05-2026-21:18 | LOG | INFO | Middleware Pipeline | General system operation executed successfully.
11-05-2026-21:20 | LOG | INFO | Middleware Pipeline | General system operation executed successfully.
11-05-2026-21:23 | SYS | INFO | Health Check | All endpoints reported 200 OK. Latency: 349ms.
11-05-2026-21:25 | LOG | INFO | Background Job Completed | General system operation executed successfully.
11-05-2026-21:26 | LOG | INFO | Background Job Completed | General system operation executed successfully.
11-05-2026-21:28 | SYS | INFO | Cache Refresh | General system operation executed successfully.
11-05-2026-21:30 | SYS | WARNING | Session Timeout Warning | General system operation executed successfully.
11-05-2026-21:33 | SYS | INFO | File Upload | Resource 'data_887.ext' stored successfully in Azure Blob Storage.
11-05-2026-21:34 | SYS | INFO | File Upload | Resource 'data_408.ext' stored successfully in Azure Blob Storage.
11-05-2026-21:36 | SYS | INFO | User Login | User 'admin@domain.com' authenticated via OAuth2 provider.
11-05-2026-21:36 | SYS | INFO | File Upload | Resource 'data_335.ext' stored successfully in Azure Blob Storage.
11-05-2026-21:38 | LOG | INFO | Token Refresh | General system operation executed successfully.
11-05-2026-21:39 | LOG | WARNING | Memory Pressure | LOH (Large Object Heap) fragmentation detected. GC triggered.
11-05-2026-21:40 | LOG | WARNING | Unusual Traffic Pattern | General system operation executed successfully.
11-05-2026-21:41 | SYS | WARNING | Session Timeout Warning | General system operation executed successfully.
11-05-2026-21:43 | SYS | WARNING | Disk Space Low | General system operation executed successfully.
11-05-2026-21:45 | LOG | INFO | Middleware Pipeline | General system operation executed successfully.
11-05-2026-21:48 | LOG | INFO | API Request Success | General system operation executed successfully.
11-05-2026-21:50 | SYS | INFO | File Upload | Resource 'data_710.ext' stored successfully in Azure Blob Storage.
11-05-2026-21:53 | LOG | WARNING | Memory Pressure | LOH (Large Object Heap) fragmentation detected. GC triggered.
11-05-2026-21:54 | SYS | INFO | File Upload | Resource 'data_810.ext' stored successfully in Azure Blob Storage.
11-05-2026-21:56 | LOG | WARNING | Unusual Traffic Pattern | General system operation executed successfully.
11-05-2026-21:58 | SYS | INFO | Health Check | All endpoints reported 200 OK. Latency: 6258ms.
11-05-2026-21:59 | SYS | INFO | Database Sync | Synchronized 53 records with the primary PostgreSQL instance.
11-05-2026-22:00 | LOG | INFO | Background Job Completed | General system operation executed successfully.
11-05-2026-22:02 | SYS | INFO | File Upload | Resource 'data_697.ext' stored successfully in Azure Blob Storage.
11-05-2026-22:02 | SYS | INFO | Cache Refresh | General system operation executed successfully.
11-05-2026-22:05 | SYS | WARNING | Deprecated API Call | Usage of obsolete method 'GetLegacyData()'. Switch to V2.
11-05-2026-22:07 | SYS | INFO | Cache Refresh | General system operation executed successfully.
11-05-2026-22:08 | SYS | WARNING | Disk Space Low | General system operation executed successfully.
11-05-2026-22:10 | LOG | WARNING | Unusual Traffic Pattern | General system operation executed successfully.
11-05-2026-22:12 | LOG | INFO | Token Refresh | General system operation executed successfully.