11-05-2026-08:00 | LOG | INFO | Token Refresh | General system operation executed successfully.
11-05-2026-08:02 | LOG | WARNING | Memory Pressure | LOH (Large Object Heap) fragmentation detected. GC triggered.
11-05-2026-08:04 | SYS | INFO | Cache Refresh | General system operation executed successfully.
11-05-2026-08:05 | SYS | INFO | Database Sync | Synchronized 384 records with the primary PostgreSQL instance.
11-05-2026-08:06 | SYS | INFO | Cache Refresh | General system operation executed successfully.
11-05-2026-08:07 | LOG | INFO | Service Started | Worker service 'QueueListener' initialized on .NET 9.0.1.
11-05-2026-08:08 | SYS | INFO | Database Sync | Synchronized 56 records with the primary PostgreSQL instance.
11-05-2026-08:09 | SYS | INFO | File Upload | Resource 'data_328.ext' stored successfully in Azure Blob Storage.
11-05-2026-08:10 | SYS | INFO | Health Check | All endpoints reported 200 OK. Latency: 1712ms.
11-05-2026-08:11 | LOG | INFO | Token Refresh | General system operation executed successfully.
11-05-2026-08:12 | LOG | INFO | Service Started | Worker service 'QueueListener' initialized on .NET 9.0.1.
11-05-2026-08:15 | SYS | WARNING | Session Timeout Warning | General system operation executed successfully.
11-05-2026-08:16 | LOG | INFO | Token Refresh | General system operation executed successfully.
11-05-2026-08:17 | LOG | INFO | Token Refresh | General system operation executed successfully.
11-05-2026-08:19 | LOG | INFO | API Request Success | General system operation executed successfully.
11-05-2026-08:20 | LOG | WARNING | Memory Pressure | LOH (Large Object Heap) fragmentation detected. GC triggered.
11-05-2026-08:21 | SYS | INFO | Database Sync | Synchronized 47 records with the primary PostgreSQL instance.
11-05-2026-08:22 | SYS | INFO | User Login | User 's.smith@domain.com' authenticated via OAuth2 provider.
11-05-2026-08:25 | LOG | INFO | Token Refresh | General system operation executed successfully.
11-05-2026-08:27 | SYS | INFO | User Login | User 'system@domain.com' authenticated via OAuth2 provider.
11-05-2026-08:28 | SYS | INFO | Cache Refresh | General system operation executed successfully.
11-05-2026-08:29 | SYS | INFO | Cache Refresh | General system operation executed successfully.
11-05-2026-08:32 | SYS | INFO | Database Sync | Synchronized 110 records with the primary PostgreSQL instance.
11-05-2026-08:34 | SYS | WARNING | Deprecated API Call | Usage of obsolete method 'GetLegacyData()'. Switch to V2.
11-05-2026-08:35 | SYS | WARNING | Disk Space Low | General system operation executed successfully.
11-05-2026-08:38 | LOG | INFO | Background Job Completed | General system operation executed successfully.
11-05-2026-08:39 | LOG | WARNING | Unusual Traffic Pattern | General system operation executed successfully.
11-05-2026-08:40 | SYS | INFO | Database Sync | Synchronized 359 records with the primary PostgreSQL instance.
11-05-2026-08:41 | SYS | WARNING | Deprecated API Call | Usage of obsolete method 'GetLegacyData()'. Switch to V2.
11-05-2026-08:43 | SYS | WARNING | Deprecated API Call | Usage of obsolete method 'GetLegacyData()'. Switch to V2.
11-05-2026-08:45 | SYS | INFO | Database Sync | Synchronized 295 records with the primary PostgreSQL instance.
11-05-2026-08:47 | SYS | ERROR | Connection Timeout | Failed to connect to Redis at 10.0.0.12:6379 after 5000ms.
11-05-2026-08:48 | API | WARNING | Cache Miss Storm | Cache miss ratio reached 98% on /catalog endpoint.
11-05-2026-08:49 | DB | WARNING | Slow Query Detected | SELECT * FROM Transactions took 3897ms. Optimization required.
11-05-2026-08:50 | SYS | ERROR | Deadlock Detected | General system operation executed successfully.
11-05-2026-08:52 | LOG | INFO | Service Started | Worker service 'QueueListener' initialized on .NET 9.0.1.
11-05-2026-08:53 | SYS | INFO | Cache Refresh | General system operation executed successfully.
11-05-2026-08:55 | SYS | INFO | User Login | User 'j.doe@domain.com' authenticated via OAuth2 provider.
11-05-2026-08:58 | LOG | INFO | Middleware Pipeline | General system operation executed successfully.
11-05-2026-09:01 | SYS | WARNING | Session Timeout Warning | General system operation executed successfully.
11-05-2026-09:02 | SYS | INFO | Health Check | All endpoints reported 200 OK. Latency: 3254ms.
11-05-2026-09:04 | LOG | INFO | API Request Success | General system operation executed successfully.
11-05-2026-09:06 | LOG | INFO | Middleware Pipeline | General system operation executed successfully.
11-05-2026-09:08 | SYS | ERROR | Disk Full | Volume D:\ has 0 bytes free. Write operations blocked.
11-05-2026-09:09 | LOG | ERROR | Log Writer Failed | Serilog file sink threw IOException: no space left on device.
11-05-2026-09:10 | DB | ERROR | SQL Constraint Violation | EF Core: Cannot insert duplicate key in table 'Orders'.
11-05-2026-09:12 | WORKER | ERROR | Background Job Failed | Hangfire job 'NightlyReport' aborted after 3 retries.
11-05-2026-09:14 | LOG | INFO | Token Refresh | General system operation executed successfully.
11-05-2026-09:15 | SYS | WARNING | Disk Space Low | General system operation executed successfully.
11-05-2026-09:17 | LOG | INFO | API Request Success | General system operation executed successfully.
11-05-2026-09:19 | SYS | INFO | User Login | User 's.smith@domain.com' authenticated via OAuth2 provider.
11-05-2026-09:21 | SYS | INFO | Cache Refresh | General system operation executed successfully.
11-05-2026-09:22 | SYS | INFO | Cache Refresh | General system operation executed successfully.
11-05-2026-09:23 | LOG | INFO | Background Job Completed | General system operation executed successfully.
11-05-2026-09:26 | LOG | INFO | Token Refresh | General system operation executed successfully.
11-05-2026-09:27 | LOG | INFO | API Request Success | General system operation executed successfully.
11-05-2026-09:29 | LOG | WARNING | Memory Pressure | LOH (Large Object Heap) fragmentation detected. GC triggered.
11-05-2026-09:32 | LOG | INFO | API Request Success | General system operation executed successfully.
11-05-2026-09:33 | LOG | WARNING | Memory Pressure | LOH (Large Object Heap) fragmentation detected. GC triggered.
11-05-2026-09:36 | LOG | INFO | Token Refresh | General system operation executed successfully.
11-05-2026-09:37 | SYS | INFO | Database Sync | Synchronized 120 records with the primary PostgreSQL instance.
11-05-2026-09:39 | LOG | INFO | Background Job Completed | General system operation executed successfully.
11-05-2026-09:40 | SYS | WARNING | Session Timeout Warning | General system operation executed successfully.
11-05-2026-09:42 | LOG | INFO | Middleware Pipeline | General system operation executed successfully.
11-05-2026-09:43 | SYS | WARNING | Disk Space Low | General system operation executed successfully.
11-05-2026-09:45 | LOG | INFO | Middleware Pipeline | General system operation executed successfully.
11-05-2026-09:46 | LOG | INFO | Service Started | Worker service 'QueueListener' initialized on .NET 9.0.1.
11-05-2026-09:48 | LOG | INFO | Token Refresh | General system operation executed successfully.
11-05-2026-09:49 | SYS | WARNING | Session Timeout Warning | General system operation executed successfully.
11-05-2026-09:51 | SYS | INFO | Cache Refresh | General system operation executed successfully.
11-05-2026-09:54 | SYS | WARNING | Deprecated API Call | Usage of obsolete method 'GetLegacyData()'. Switch to V2.
11-05-2026-09:54 | SYS | INFO | Health Check | All endpoints reported 200 OK. Latency: 3625ms.
11-05-2026-09:55 | SYS | WARNING | Disk Space Low | General system operation executed successfully.
11-05-2026-09:56 | SYS | INFO | Health Check | All endpoints reported 200 OK. Latency: 7465ms.
11-05-2026-09:58 | SYS | INFO | Database Sync | Synchronized 55 records with the primary PostgreSQL instance.
11-05-2026-09:59 | SYS | INFO | User Login | User 'system@domain.com' authenticated via OAuth2 provider.
11-05-2026-10:01 | SYS | INFO | Health Check | All endpoints reported 200 OK. Latency: 7372ms.
11-05-2026-10:03 | LOG | INFO | API Request Success | General system operation executed successfully.
11-05-2026-10:06 | LOG | INFO | Middleware Pipeline | General system operation executed successfully.
11-05-2026-10:06 | LOG | INFO | Middleware Pipeline | General system operation executed successfully.
11-05-2026-10:09 | SYS | INFO | Health Check | All endpoints reported 200 OK. Latency: 6399ms.
11-05-2026-10:11 | LOG | WARNING | Memory Pressure | LOH (Large Object Heap) fragmentation detected. GC triggered.
11-05-2026-10:12 | SYS | WARNING | Deprecated API Call | Usage of obsolete method 'GetLegacyData()'. Switch to V2.
11-05-2026-10:14 | LOG | INFO | Token Refresh | General system operation executed successfully.
11-05-2026-10:17 | SYS | WARNING | Session Timeout Warning | General system operation executed successfully.
11-05-2026-10:18 | LOG | WARNING | Unusual Traffic Pattern | General system operation executed successfully.
11-05-2026-10:20 | LOG | WARNING | Unusual Traffic Pattern | General system operation executed successfully.
11-05-2026-10:21 | LOG | INFO | Background Job Completed | General system operation executed successfully.
11-05-2026-10:22 | LOG | INFO | Middleware Pipeline | General system operation executed successfully.
11-05-2026-10:23 | SYS | WARNING | Session Timeout Warning | General system operation executed successfully.
11-05-2026-10:25 | LOG | INFO | Background Job Completed | General system operation executed successfully.
11-05-2026-10:28 | SYS | WARNING | Disk Space Low | General system operation executed successfully.
11-05-2026-10:31 | SYS | INFO | Cache Refresh | General system operation executed successfully.
11-05-2026-10:32 | SYS | WARNING | Disk Space Low | General system operation executed successfully.
11-05-2026-10:34 | SYS | WARNING | Session Timeout Warning | General system operation executed successfully.
11-05-2026-10:36 | LOG | INFO | Background Job Completed | General system operation executed successfully.
11-05-2026-10:39 | SYS | WARNING | Disk Space Low | General system operation executed successfully.
11-05-2026-10:41 | SYS | INFO | Cache Refresh | General system operation executed successfully.
11-05-2026-10:42 | SYS | INFO | Health Check | All endpoints reported 200 OK. Latency: 3023ms.
11-05-2026-10:43 | SYS | WARNING | Disk Space Low | General system operation executed successfully.
11-05-2026-10:45 | SYS | INFO | Health Check | All endpoints reported 200 OK. Latency: 5512ms.
11-05-2026-10:47 | LOG | WARNING | Memory Pressure | LOH (Large Object Heap) fragmentation detected. GC triggered.
11-05-2026-10:49 | SYS | WARNING | Session Timeout Warning | General system operation executed successfully.
11-05-2026-10:51 | LOG | WARNING | Memory Pressure | LOH (Large Object Heap) fragmentation detected. GC triggered.
11-05-2026-10:54 | SYS | WARNING | Disk Space Low | General system operation executed successfully.
11-05-2026-10:55 | SYS | INFO | Cache Refresh | General system operation executed successfully.
11-05-2026-10:55 | SYS | INFO | Database Sync | Synchronized 212 records with the primary PostgreSQL instance.
11-05-2026-10:56 | SYS | INFO | Health Check | All endpoints reported 200 OK. Latency: 5519ms.
11-05-2026-10:57 | SYS | INFO | User Login | User 'm.curie@domain.com' authenticated via OAuth2 provider.
11-05-2026-11:00 | LOG | INFO | Background Job Completed | General system operation executed successfully.
11-05-2026-11:02 | SYS | INFO | Cache Refresh | General system operation executed successfully.
11-05-2026-11:03 | LOG | INFO | API Request Success | General system operation executed successfully.
11-05-2026-11:04 | SYS | INFO | Database Sync | Synchronized 499 records with the primary PostgreSQL instance.
11-05-2026-11:06 | SYS | INFO | File Upload | Resource 'data_180.ext' stored successfully in Azure Blob Storage.
11-05-2026-11:08 | SYS | WARNING | Session Timeout Warning | General system operation executed successfully.
11-05-2026-11:08 | LOG | INFO | Token Refresh | General system operation executed successfully.
11-05-2026-11:09 | SYS | WARNING | Disk Space Low | General system operation executed successfully.
11-05-2026-11:12 | LOG | INFO | Middleware Pipeline | General system operation executed successfully.
11-05-2026-11:13 | SYS | INFO | Health Check | All endpoints reported 200 OK. Latency: 7067ms.
11-05-2026-11:16 | LOG | INFO | Service Started | Worker service 'QueueListener' initialized on .NET 9.0.1.
11-05-2026-11:19 | LOG | INFO | Middleware Pipeline | General system operation executed successfully.
11-05-2026-11:21 | LOG | WARNING | Unusual Traffic Pattern | General system operation executed successfully.
11-05-2026-11:24 | SYS | WARNING | Deprecated API Call | Usage of obsolete method 'GetLegacyData()'. Switch to V2.
11-05-2026-11:26 | LOG | INFO | Middleware Pipeline | General system operation executed successfully.
11-05-2026-11:27 | SYS | INFO | File Upload | Resource 'data_532.ext' stored successfully in Azure Blob Storage.
11-05-2026-11:30 | LOG | INFO | API Request Success | General system operation executed successfully.
11-05-2026-11:32 | LOG | WARNING | Unusual Traffic Pattern | General system operation executed successfully.
11-05-2026-11:35 | LOG | INFO | Background Job Completed | General system operation executed successfully.
11-05-2026-11:36 | SYS | INFO | User Login | User 'admin@domain.com' authenticated via OAuth2 provider.
11-05-2026-11:37 | SYS | INFO | File Upload | Resource 'data_361.ext' stored successfully in Azure Blob Storage.
11-05-2026-11:38 | LOG | WARNING | Memory Pressure | LOH (Large Object Heap) fragmentation detected. GC triggered.
11-05-2026-11:40 | SYS | INFO | File Upload | Resource 'data_387.ext' stored successfully in Azure Blob Storage.
11-05-2026-11:41 | SYS | ERROR | Connection Timeout | Failed to connect to Redis at 10.0.0.12:6379 after 5000ms.
11-05-2026-11:43 | API | WARNING | Cache Miss Storm | Cache miss ratio reached 98% on /catalog endpoint.
11-05-2026-11:43 | DB | WARNING | Slow Query Detected | SELECT * FROM Transactions took 2386ms. Optimization required.
11-05-2026-11:45 | SYS | ERROR | Deadlock Detected | General system operation executed successfully.
11-05-2026-11:46 | SYS | INFO | Database Sync | Synchronized 91 records with the primary PostgreSQL instance.
11-05-2026-11:49 | LOG | WARNING | Memory Pressure | LOH (Large Object Heap) fragmentation detected. GC triggered.
11-05-2026-11:49 | LOG | INFO | API Request Success | General system operation executed successfully.
11-05-2026-11:50 | LOG | WARNING | Memory Pressure | LOH (Large Object Heap) fragmentation detected. GC triggered.
11-05-2026-11:51 | LOG | INFO | Middleware Pipeline | General system operation executed successfully.
11-05-2026-11:53 | SYS | INFO | Database Sync | Synchronized 425 records with the primary PostgreSQL instance.
11-05-2026-11:56 | SYS | WARNING | Session Timeout Warning | General system operation executed successfully.
11-05-2026-11:58 | LOG | INFO | Service Started | Worker service 'QueueListener' initialized on .NET 9.0.1.
11-05-2026-12:01 | SYS | INFO | Database Sync | Synchronized 275 records with the primary PostgreSQL instance.
11-05-2026-12:02 | SYS | INFO | Health Check | All endpoints reported 200 OK. Latency: 6029ms.
11-05-2026-12:02 | SYS | WARNING | Disk Space Low | General system operation executed successfully.
11-05-2026-12:04 | AUTH | ERROR | JWT Signing Key Missing | KeyVault secret 'jwt-prod' not found. Auth middleware aborted.
11-05-2026-12:06 | API | ERROR | Unauthorized Access | IP 185.x.x.x blocked after 5 failed JWT attempts.
11-05-2026-12:08 | SYS | ERROR | Dependency Injection Failure | IAuthService could not be resolved at runtime.
11-05-2026-12:08 | UI | ERROR | Session Lost | All active sessions invalidated. Users redirected to /login.
11-05-2026-12:10 | SYS | WARNING | Disk Space Low | General system operation executed successfully.
11-05-2026-12:11 | LOG | INFO | Background Job Completed | General system operation executed successfully.
11-05-2026-12:12 | LOG | INFO | Background Job Completed | General system operation executed successfully.
11-05-2026-12:15 | LOG | INFO | Token Refresh | General system operation executed successfully.
11-05-2026-12:15 | SYS | INFO | Cache Refresh | General system operation executed successfully.
11-05-2026-12:16 | SYS | INFO | Database Sync | Synchronized 295 records with the primary PostgreSQL instance.
11-05-2026-12:18 | SYS | INFO | Database Sync | Synchronized 346 records with the primary PostgreSQL instance.
11-05-2026-12:19 | LOG | WARNING | Memory Pressure | LOH (Large Object Heap) fragmentation detected. GC triggered.
11-05-2026-12:21 | LOG | WARNING | Memory Pressure | LOH (Large Object Heap) fragmentation detected. GC triggered.
11-05-2026-12:23 | SYS | INFO | File Upload | Resource 'data_184.ext' stored successfully in Azure Blob Storage.
11-05-2026-12:26 | SYS | WARNING | Session Timeout Warning | General system operation executed successfully.
11-05-2026-12:27 | SYS | INFO | File Upload | Resource 'data_431.ext' stored successfully in Azure Blob Storage.
11-05-2026-12:30 | LOG | INFO | Background Job Completed | General system operation executed successfully.
11-05-2026-12:33 | LOG | INFO | Background Job Completed | General system operation executed successfully.
11-05-2026-12:36 | SYS | INFO | Database Sync | Synchronized 30 records with the primary PostgreSQL instance.
11-05-2026-12:37 | AUTH | ERROR | JWT Signing Key Missing | KeyVault secret 'jwt-prod' not found. Auth middleware aborted.
11-05-2026-12:38 | API | ERROR | Unauthorized Access | IP 185.x.x.x blocked after 5 failed JWT attempts.
11-05-2026-12:38 | SYS | ERROR | Dependency Injection Failure | IAuthService could not be resolved at runtime.
11-05-2026-12:39 | UI | ERROR | Session Lost | All active sessions invalidated. Users redirected to /login.
11-05-2026-12:40 | LOG | INFO | Token Refresh | General system operation executed successfully.
11-05-2026-12:43 | SYS | WARNING | Disk Space Low | General system operation executed successfully.
11-05-2026-12:44 | SYS | WARNING | Session Timeout Warning | General system operation executed successfully.
11-05-2026-12:45 | LOG | INFO | API Request Success | General system operation executed successfully.
11-05-2026-12:46 | SYS | INFO | User Login | User 'system@domain.com' authenticated via OAuth2 provider.
11-05-2026-12:48 | SYS | INFO | Cache Refresh | General system operation executed successfully.
11-05-2026-12:50 | LOG | INFO | API Request Success | General system operation executed successfully.
11-05-2026-12:51 | LOG | INFO | API Request Success | General system operation executed successfully.
11-05-2026-12:53 | LOG | INFO | API Request Success | General system operation executed successfully.
11-05-2026-12:54 | DB | ERROR | Database Timeout | Connection to SQL Server '10.0.0.5' timed out after 30000ms.
11-05-2026-12:55 | API | ERROR | API Latency Spike | Endpoint /orders/list response time > 15000ms.
11-05-2026-12:56 | WORKER | ERROR | Job Queue Backpressure | Hangfire queue 'default' size exceeded threshold (2500).
11-05-2026-12:58 | UI | ERROR | UI Crash | Frontend React app reported unhandled promise rejection.
11-05-2026-12:59 | SYS | INFO | Cache Refresh | General system operation executed successfully.
11-05-2026-12:59 | SYS | INFO | Health Check | All endpoints reported 200 OK. Latency: 7261ms.
11-05-2026-13:00 | SYS | WARNING | Disk Space Low | General system operation executed successfully.
11-05-2026-13:03 | LOG | WARNING | Memory Pressure | LOH (Large Object Heap) fragmentation detected. GC triggered.
11-05-2026-13:04 | LOG | INFO | Background Job Completed | General system operation executed successfully.
11-05-2026-13:05 | SYS | INFO | File Upload | Resource 'data_345.ext' stored successfully in Azure Blob Storage.
11-05-2026-13:07 | SYS | WARNING | Disk Space Low | General system operation executed successfully.
11-05-2026-13:08 | LOG | WARNING | Memory Pressure | LOH (Large Object Heap) fragmentation detected. GC triggered.
11-05-2026-13:10 | LOG | INFO | Background Job Completed | General system operation executed successfully.
11-05-2026-13:11 | SYS | INFO | User Login | User 'm.curie@domain.com' authenticated via OAuth2 provider.
11-05-2026-13:13 | SYS | INFO | User Login | User 'm.curie@domain.com' authenticated via OAuth2 provider.
11-05-2026-13:16 | LOG | INFO | Middleware Pipeline | General system operation executed successfully.
11-05-2026-13:17 | LOG | WARNING | Memory Pressure | LOH (Large Object Heap) fragmentation detected. GC triggered.
11-05-2026-13:20 | SYS | INFO | Database Sync | Synchronized 62 records with the primary PostgreSQL instance.
11-05-2026-13:23 | SYS | WARNING | Deprecated API Call | Usage of obsolete method 'GetLegacyData()'. Switch to V2.
11-05-2026-13:25 | LOG | INFO | API Request Success | General system operation executed successfully.
11-05-2026-13:25 | LOG | WARNING | Unusual Traffic Pattern | General system operation executed successfully.
11-05-2026-13:27 | LOG | WARNING | Memory Pressure | LOH (Large Object Heap) fragmentation detected. GC triggered.
11-05-2026-13:30 | SYS | INFO | File Upload | Resource 'data_266.ext' stored successfully in Azure Blob Storage.
11-05-2026-13:32 | SYS | INFO | Cache Refresh | General system operation executed successfully.
11-05-2026-13:34 | LOG | INFO | Background Job Completed | General system operation executed successfully.
11-05-2026-13:36 | SYS | INFO | Database Sync | Synchronized 59 records with the primary PostgreSQL instance.
11-05-2026-13:37 | LOG | INFO | Background Job Completed | General system operation executed successfully.
11-05-2026-13:38 | LOG | INFO | Service Started | Worker service 'QueueListener' initialized on .NET 9.0.1.
11-05-2026-13:40 | SYS | INFO | Cache Refresh | General system operation executed successfully.
11-05-2026-13:42 | SYS | WARNING | Session Timeout Warning | General system operation executed successfully.
11-05-2026-13:44 | SYS | INFO | User Login | User 'm.curie@domain.com' authenticated via OAuth2 provider.
11-05-2026-13:45 | LOG | WARNING | Unusual Traffic Pattern | General system operation executed successfully.
11-05-2026-13:47 | SYS | WARNING | Session Timeout Warning | General system operation executed successfully.
11-05-2026-13:48 | LOG | INFO | Token Refresh | General system operation executed successfully.
11-05-2026-13:51 | LOG | INFO | API Request Success | General system operation executed successfully.
11-05-2026-13:53 | SYS | INFO | User Login | User 'j.doe@domain.com' authenticated via OAuth2 provider.
11-05-2026-13:56 | SYS | INFO | Health Check | All endpoints reported 200 OK. Latency: 5398ms.
11-05-2026-13:59 | SYS | INFO | Health Check | All endpoints reported 200 OK. Latency: 4496ms.
11-05-2026-14:00 | LOG | INFO | Token Refresh | General system operation executed successfully.
11-05-2026-14:02 | SYS | INFO | Database Sync | Synchronized 293 records with the primary PostgreSQL instance.
11-05-2026-14:03 | SYS | WARNING | Deprecated API Call | Usage of obsolete method 'GetLegacyData()'. Switch to V2.
11-05-2026-14:04 | LOG | INFO | API Request Success | General system operation executed successfully.
11-05-2026-14:06 | SYS | INFO | Database Sync | Synchronized 382 records with the primary PostgreSQL instance.
11-05-2026-14:08 | SYS | INFO | File Upload | Resource 'data_227.ext' stored successfully in Azure Blob Storage.
11-05-2026-14:09 | SYS | WARNING | Deprecated API Call | Usage of obsolete method 'GetLegacyData()'. Switch to V2.
11-05-2026-14:10 | SYS | WARNING | Deprecated API Call | Usage of obsolete method 'GetLegacyData()'. Switch to V2.
11-05-2026-14:11 | SYS | WARNING | Session Timeout Warning | General system operation executed successfully.
11-05-2026-14:13 | SYS | INFO | Database Sync | Synchronized 483 records with the primary PostgreSQL instance.
11-05-2026-14:14 | LOG | WARNING | Unusual Traffic Pattern | General system operation executed successfully.
11-05-2026-14:14 | SYS | INFO | Health Check | All endpoints reported 200 OK. Latency: 2649ms.
11-05-2026-14:17 | LOG | WARNING | Unusual Traffic Pattern | General system operation executed successfully.
11-05-2026-14:18 | SYS | INFO | Health Check | All endpoints reported 200 OK. Latency: 2050ms.
11-05-2026-14:21 | LOG | INFO | Service Started | Worker service 'QueueListener' initialized on .NET 9.0.1.
11-05-2026-14:23 | SYS | WARNING | Session Timeout Warning | General system operation executed successfully.
11-05-2026-14:25 | LOG | INFO | Middleware Pipeline | General system operation executed successfully.
11-05-2026-14:26 | SYS | WARNING | Disk Space Low | General system operation executed successfully.
11-05-2026-14:27 | LOG | INFO | Service Started | Worker service 'QueueListener' initialized on .NET 9.0.1.
11-05-2026-14:28 | SYS | WARNING | Disk Space Low | General system operation executed successfully.
11-05-2026-14:29 | SYS | WARNING | Disk Space Low | General system operation executed successfully.
11-05-2026-14:31 | SYS | INFO | Health Check | All endpoints reported 200 OK. Latency: 3032ms.
11-05-2026-14:33 | LOG | INFO | Background Job Completed | General system operation executed successfully.
11-05-2026-14:34 | SYS | INFO | Health Check | All endpoints reported 200 OK. Latency: 3721ms.
11-05-2026-14:37 | SYS | WARNING | Disk Space Low | General system operation executed successfully.
11-05-2026-14:39 | SYS | WARNING | Deprecated API Call | Usage of obsolete method 'GetLegacyData()'. Switch to V2.
11-05-2026-14:40 | LOG | WARNING | Memory Pressure | LOH (Large Object Heap) fragmentation detected. GC triggered.
11-05-2026-14:42 | LOG | INFO | Background Job Completed | General system operation executed successfully.
11-05-2026-14:44 | SYS | WARNING | Disk Space Low | General system operation executed successfully.
11-05-2026-14:46 | SYS | WARNING | Disk Space Low | General system operation executed successfully.
11-05-2026-14:48 | LOG | WARNING | Unusual Traffic Pattern | General system operation executed successfully.
11-05-2026-14:51 | LOG | INFO | API Request Success | General system operation executed successfully.
11-05-2026-14:53 | LOG | INFO | Token Refresh | General system operation executed successfully.
11-05-2026-14:55 | LOG | INFO | Middleware Pipeline | General system operation executed successfully.
11-05-2026-14:57 | SYS | INFO | Database Sync | Synchronized 393 records with the primary PostgreSQL instance.
11-05-2026-15:00 | SYS | INFO | Cache Refresh | General system operation executed successfully.
11-05-2026-15:01 | SYS | INFO | Database Sync | Synchronized 316 records with the primary PostgreSQL instance.
11-05-2026-15:02 | SYS | INFO | Database Sync | Synchronized 36 records with the primary PostgreSQL instance.
11-05-2026-15:03 | LOG | INFO | Middleware Pipeline | General system operation executed successfully.
11-05-2026-15:04 | LOG | INFO | Token Refresh | General system operation executed successfully.
11-05-2026-15:07 | LOG | INFO | Middleware Pipeline | General system operation executed successfully.
11-05-2026-15:09 | SYS | INFO | User Login | User 'admin@domain.com' authenticated via OAuth2 provider.
11-05-2026-15:11 | LOG | INFO | Background Job Completed | General system operation executed successfully.
11-05-2026-15:11 | SYS | INFO | Cache Refresh | General system operation executed successfully.
11-05-2026-15:13 | SYS | WARNING | Session Timeout Warning | General system operation executed successfully.
11-05-2026-15:14 | LOG | WARNING | Unusual Traffic Pattern | General system operation executed successfully.
11-05-2026-15:16 | SYS | INFO | Health Check | All endpoints reported 200 OK. Latency: 2425ms.
11-05-2026-15:19 | LOG | INFO | API Request Success | General system operation executed successfully.
11-05-2026-15:21 | LOG | WARNING | Memory Pressure | LOH (Large Object Heap) fragmentation detected. GC triggered.
11-05-2026-15:22 | LOG | INFO | Middleware Pipeline | General system operation executed successfully.
11-05-2026-15:24 | LOG | INFO | Service Started | Worker service 'QueueListener' initialized on .NET 9.0.1.
11-05-2026-15:26 | LOG | WARNING | Unusual Traffic Pattern | General system operation executed successfully.
11-05-2026-15:28 | AUTH | ERROR | JWT Signing Key Missing | KeyVault secret 'jwt-prod' not found. Auth middleware aborted.
11-05-2026-15:29 | API | ERROR | Unauthorized Access | IP 185.x.x.x blocked after 5 failed JWT attempts.
11-05-2026-15:31 | SYS | ERROR | Dependency Injection Failure | IAuthService could not be resolved at runtime.
11-05-2026-15:32 | UI | ERROR | Session Lost | All active sessions invalidated. Users redirected to /login.
11-05-2026-15:33 | LOG | INFO | Service Started | Worker service 'QueueListener' initialized on .NET 9.0.1.
11-05-2026-15:34 | SYS | INFO | Health Check | All endpoints reported 200 OK. Latency: 7859ms.
11-05-2026-15:35 | SYS | INFO | User Login | User 'admin@domain.com' authenticated via OAuth2 provider.
11-05-2026-15:36 | LOG | WARNING | Unusual Traffic Pattern | General system operation executed successfully.
11-05-2026-15:37 | SYS | INFO | Health Check | All endpoints reported 200 OK. Latency: 3292ms.
11-05-2026-15:38 | LOG | INFO | Middleware Pipeline | General system operation executed successfully.
11-05-2026-15:40 | SYS | WARNING | Deprecated API Call | Usage of obsolete method 'GetLegacyData()'. Switch to V2.
11-05-2026-15:42 | LOG | INFO | Token Refresh | General system operation executed successfully.
11-05-2026-15:44 | LOG | INFO | Token Refresh | General system operation executed successfully.
11-05-2026-15:45 | LOG | INFO | Middleware Pipeline | General system operation executed successfully.
11-05-2026-15:46 | LOG | INFO | Middleware Pipeline | General system operation executed successfully.
11-05-2026-15:48 | SYS | INFO | File Upload | Resource 'data_101.ext' stored successfully in Azure Blob Storage.
11-05-2026-15:49 | SYS | WARNING | Disk Space Low | General system operation executed successfully.
11-05-2026-15:51 | LOG | INFO | Token Refresh | General system operation executed successfully.
11-05-2026-15:52 | SYS | INFO | Cache Refresh | General system operation executed successfully.
11-05-2026-15:53 | LOG | INFO | Service Started | Worker service 'QueueListener' initialized on .NET 9.0.1.
11-05-2026-15:54 | SYS | INFO | Health Check | All endpoints reported 200 OK. Latency: 1251ms.
11-05-2026-15:54 | SYS | INFO | User Login | User 'system@domain.com' authenticated via OAuth2 provider.
11-05-2026-15:55 | LOG | INFO | Token Refresh | General system operation executed successfully.
11-05-2026-15:57 | SYS | WARNING | Session Timeout Warning | General system operation executed successfully.
11-05-2026-16:00 | SYS | INFO | File Upload | Resource 'data_796.ext' stored successfully in Azure Blob Storage.
11-05-2026-16:02 | LOG | INFO | Middleware Pipeline | General system operation executed successfully.
11-05-2026-16:04 | SYS | INFO | Database Sync | Synchronized 120 records with the primary PostgreSQL instance.
11-05-2026-16:06 | LOG | INFO | Middleware Pipeline | General system operation executed successfully.
11-05-2026-16:08 | LOG | INFO | Middleware Pipeline | General system operation executed successfully.
11-05-2026-16:11 | SYS | INFO | Database Sync | Synchronized 365 records with the primary PostgreSQL instance.
11-05-2026-16:13 | SYS | INFO | File Upload | Resource 'data_574.ext' stored successfully in Azure Blob Storage.
11-05-2026-16:15 | LOG | INFO | API Request Success | General system operation executed successfully.
11-05-2026-16:17 | SYS | WARNING | Session Timeout Warning | General system operation executed successfully.
11-05-2026-16:20 | LOG | INFO | Middleware Pipeline | General system operation executed successfully.
11-05-2026-16:22 | LOG | INFO | Middleware Pipeline | General system operation executed successfully.
11-05-2026-16:24 | SYS | INFO | Cache Refresh | General system operation executed successfully.
11-05-2026-16:26 | LOG | WARNING | Memory Pressure | LOH (Large Object Heap) fragmentation detected. GC triggered.
11-05-2026-16:28 | SYS | INFO | Health Check | All endpoints reported 200 OK. Latency: 2156ms.
11-05-2026-16:29 | LOG | INFO | Service Started | Worker service 'QueueListener' initialized on .NET 9.0.1.
11-05-2026-16:30 | LOG | INFO | Token Refresh | General system operation executed successfully.
11-05-2026-16:30 | LOG | INFO | Service Started | Worker service 'QueueListener' initialized on .NET 9.0.1.
11-05-2026-16:31 | SYS | INFO | Health Check | All endpoints reported 200 OK. Latency: 7461ms.
11-05-2026-16:32 | LOG | WARNING | Memory Pressure | LOH (Large Object Heap) fragmentation detected. GC triggered.
11-05-2026-16:33 | SYS | INFO | Database Sync | Synchronized 197 records with the primary PostgreSQL instance.
11-05-2026-16:36 | SYS | INFO | Health Check | All endpoints reported 200 OK. Latency: 1749ms.
11-05-2026-16:36 | LOG | INFO | Service Started | Worker service 'QueueListener' initialized on .NET 9.0.1.
11-05-2026-16:39 | SYS | INFO | File Upload | Resource 'data_893.ext' stored successfully in Azure Blob Storage.
11-05-2026-16:40 | LOG | INFO | Middleware Pipeline | General system operation executed successfully.
11-05-2026-16:42 | LOG | WARNING | Memory Pressure | LOH (Large Object Heap) fragmentation detected. GC triggered.
11-05-2026-16:44 | LOG | INFO | Middleware Pipeline | General system operation executed successfully.
11-05-2026-16:45 | LOG | INFO | API Request Success | General system operation executed successfully.
11-05-2026-16:46 | SYS | WARNING | Disk Space Low | General system operation executed successfully.
11-05-2026-16:47 | LOG | INFO | Background Job Completed | General system operation executed successfully.
11-05-2026-16:48 | SYS | INFO | User Login | User 'm.curie@domain.com' authenticated via OAuth2 provider.
11-05-2026-16:48 | LOG | WARNING | Unusual Traffic Pattern | General system operation executed successfully.
11-05-2026-16:51 | SYS | INFO | User Login | User 'j.doe@domain.com' authenticated via OAuth2 provider.
11-05-2026-16:52 | SYS | WARNING | Deprecated API Call | Usage of obsolete method 'GetLegacyData()'. Switch to V2.
11-05-2026-16:54 | SYS | INFO | File Upload | Resource 'data_332.ext' stored successfully in Azure Blob Storage.
11-05-2026-16:56 | LOG | INFO | API Request Success | General system operation executed successfully.
11-05-2026-16:57 | SYS | INFO | File Upload | Resource 'data_675.ext' stored successfully in Azure Blob Storage.
11-05-2026-16:58 | LOG | INFO | Background Job Completed | General system operation executed successfully.
11-05-2026-16:59 | LOG | WARNING | Unusual Traffic Pattern | General system operation executed successfully.
11-05-2026-17:01 | SYS | WARNING | Session Timeout Warning | General system operation executed successfully.
11-05-2026-17:04 | SYS | INFO | Database Sync | Synchronized 107 records with the primary PostgreSQL instance.
11-05-2026-17:05 | LOG | INFO | Background Job Completed | General system operation executed successfully.
11-05-2026-17:07 | LOG | INFO | API Request Success | General system operation executed successfully.
11-05-2026-17:10 | LOG | INFO | Token Refresh | General system operation executed successfully.
11-05-2026-17:13 | LOG | INFO | Service Started | Worker service 'QueueListener' initialized on .NET 9.0.1.
11-05-2026-17:14 | SYS | INFO | File Upload | Resource 'data_643.ext' stored successfully in Azure Blob Storage.
11-05-2026-17:15 | SYS | WARNING | Deprecated API Call | Usage of obsolete method 'GetLegacyData()'. Switch to V2.
11-05-2026-17:16 | SYS | WARNING | Deprecated API Call | Usage of obsolete method 'GetLegacyData()'. Switch to V2.
11-05-2026-17:18 | SYS | INFO | Cache Refresh | General system operation executed successfully.
11-05-2026-17:20 | LOG | INFO | API Request Success | General system operation executed successfully.
11-05-2026-17:21 | SYS | INFO | User Login | User 'system@domain.com' authenticated via OAuth2 provider.
11-05-2026-17:24 | SYS | ERROR | Disk Full | Volume D:\ has 0 bytes free. Write operations blocked.
11-05-2026-17:25 | LOG | ERROR | Log Writer Failed | Serilog file sink threw IOException: no space left on device.
11-05-2026-17:27 | DB | ERROR | SQL Constraint Violation | EF Core: Cannot insert duplicate key in table 'Orders'.
11-05-2026-17:28 | WORKER | ERROR | Background Job Failed | Hangfire job 'NightlyReport' aborted after 3 retries.
11-05-2026-17:29 | LOG | INFO | Token Refresh | General system operation executed successfully.
11-05-2026-17:30 | SYS | INFO | Health Check | All endpoints reported 200 OK. Latency: 4114ms.
11-05-2026-17:33 | SYS | INFO | Health Check | All endpoints reported 200 OK. Latency: 1038ms.
11-05-2026-17:35 | LOG | INFO | Token Refresh | General system operation executed successfully.
11-05-2026-17:37 | SYS | WARNING | Disk Space Low | General system operation executed successfully.
11-05-2026-17:39 | SYS | INFO | Cache Refresh | General system operation executed successfully.
11-05-2026-17:42 | DB | ERROR | Database Timeout | Connection to SQL Server '10.0.0.5' timed out after 30000ms.
11-05-2026-17:43 | API | ERROR | API Latency Spike | Endpoint /orders/list response time > 15000ms.
11-05-2026-17:44 | WORKER | ERROR | Job Queue Backpressure | Hangfire queue 'default' size exceeded threshold (2500).
11-05-2026-17:44 | UI | ERROR | UI Crash | Frontend React app reported unhandled promise rejection.
11-05-2026-17:45 | SYS | WARNING | Disk Space Low | General system operation executed successfully.
11-05-2026-17:47 | SYS | INFO | Database Sync | Synchronized 296 records with the primary PostgreSQL instance.
11-05-2026-17:49 | SYS | INFO | File Upload | Resource 'data_576.ext' stored successfully in Azure Blob Storage.
11-05-2026-17:51 | SYS | INFO | Cache Refresh | General system operation executed successfully.
11-05-2026-17:52 | SYS | WARNING | Deprecated API Call | Usage of obsolete method 'GetLegacyData()'. Switch to V2.
11-05-2026-17:54 | SYS | INFO | File Upload | Resource 'data_194.ext' stored successfully in Azure Blob Storage.
11-05-2026-17:57 | LOG | INFO | Background Job Completed | General system operation executed successfully.
11-05-2026-17:59 | SYS | WARNING | Disk Space Low | General system operation executed successfully.
11-05-2026-18:00 | SYS | WARNING | Disk Space Low | General system operation executed successfully.
11-05-2026-18:03 | LOG | INFO | Middleware Pipeline | General system operation executed successfully.
11-05-2026-18:05 | SYS | WARNING | Disk Space Low | General system operation executed successfully.
11-05-2026-18:08 | LOG | WARNING | Memory Pressure | LOH (Large Object Heap) fragmentation detected. GC triggered.
11-05-2026-18:09 | SYS | INFO | Database Sync | Synchronized 347 records with the primary PostgreSQL instance.
11-05-2026-18:11 | SYS | WARNING | Disk Space Low | General system operation executed successfully.
11-05-2026-18:14 | SYS | WARNING | Deprecated API Call | Usage of obsolete method 'GetLegacyData()'. Switch to V2.
11-05-2026-18:14 | LOG | INFO | API Request Success | General system operation executed successfully.
11-05-2026-18:17 | SYS | WARNING | Deprecated API Call | Usage of obsolete method 'GetLegacyData()'. Switch to V2.
11-05-2026-18:19 | SYS | WARNING | Deprecated API Call | Usage of obsolete method 'GetLegacyData()'. Switch to V2.
11-05-2026-18:21 | LOG | INFO | Token Refresh | General system operation executed successfully.
11-05-2026-18:22 | LOG | INFO | Middleware Pipeline | General system operation executed successfully.
11-05-2026-18:23 | SYS | INFO | Cache Refresh | General system operation executed successfully.
11-05-2026-18:24 | SYS | WARNING | Session Timeout Warning | General system operation executed successfully.
11-05-2026-18:26 | SYS | WARNING | Deprecated API Call | Usage of obsolete method 'GetLegacyData()'. Switch to V2.
11-05-2026-18:28 | SYS | INFO | Health Check | All endpoints reported 200 OK. Latency: 1745ms.
11-05-2026-18:31 | LOG | INFO | Token Refresh | General system operation executed successfully.
11-05-2026-18:34 | SYS | WARNING | Session Timeout Warning | General system operation executed successfully.
11-05-2026-18:36 | LOG | INFO | Background Job Completed | General system operation executed successfully.
11-05-2026-18:37 | LOG | INFO | Token Refresh | General system operation executed successfully.
11-05-2026-18:39 | SYS | INFO | Health Check | All endpoints reported 200 OK. Latency: 4035ms.
11-05-2026-18:41 | SYS | WARNING | Disk Space Low | General system operation executed successfully.
11-05-2026-18:43 | SYS | INFO | User Login | User 'admin@domain.com' authenticated via OAuth2 provider.
11-05-2026-18:44 | LOG | INFO | Background Job Completed | General system operation executed successfully.
11-05-2026-18:46 | SYS | INFO | Database Sync | Synchronized 301 records with the primary PostgreSQL instance.
11-05-2026-18:48 | LOG | WARNING | Memory Pressure | LOH (Large Object Heap) fragmentation detected. GC triggered.
11-05-2026-18:49 | SYS | WARNING | Session Timeout Warning | General system operation executed successfully.
11-05-2026-18:51 | LOG | INFO | Token Refresh | General system operation executed successfully.
11-05-2026-18:53 | DB | ERROR | Database Timeout | Connection to SQL Server '10.0.0.5' timed out after 30000ms.
11-05-2026-18:54 | API | ERROR | API Latency Spike | Endpoint /orders/list response time > 15000ms.
11-05-2026-18:55 | WORKER | ERROR | Job Queue Backpressure | Hangfire queue 'default' size exceeded threshold (2500).
11-05-2026-18:57 | UI | ERROR | UI Crash | Frontend React app reported unhandled promise rejection.
11-05-2026-18:58 | LOG | WARNING | Memory Pressure | LOH (Large Object Heap) fragmentation detected. GC triggered.
11-05-2026-18:59 | LOG | INFO | Token Refresh | General system operation executed successfully.
11-05-2026-19:02 | SYS | WARNING | Session Timeout Warning | General system operation executed successfully.
11-05-2026-19:05 | LOG | WARNING | Memory Pressure | LOH (Large Object Heap) fragmentation detected. GC triggered.
11-05-2026-19:06 | SYS | WARNING | Disk Space Low | General system operation executed successfully.
11-05-2026-19:08 | LOG | INFO | Token Refresh | General system operation executed successfully.
11-05-2026-19:09 | SYS | WARNING | Deprecated API Call | Usage of obsolete method 'GetLegacyData()'. Switch to V2.
11-05-2026-19:12 | LOG | INFO | Middleware Pipeline | General system operation executed successfully.
11-05-2026-19:14 | SYS | INFO | Health Check | All endpoints reported 200 OK. Latency: 6236ms.
11-05-2026-19:15 | LOG | WARNING | Memory Pressure | LOH (Large Object Heap) fragmentation detected. GC triggered.
11-05-2026-19:17 | SYS | INFO | File Upload | Resource 'data_434.ext' stored successfully in Azure Blob Storage.
11-05-2026-19:19 | SYS | WARNING | Deprecated API Call | Usage of obsolete method 'GetLegacyData()'. Switch to V2.
11-05-2026-19:22 | LOG | WARNING | Unusual Traffic Pattern | General system operation executed successfully.
11-05-2026-19:25 | SYS | INFO | User Login | User 'j.doe@domain.com' authenticated via OAuth2 provider.
11-05-2026-19:26 | LOG | INFO | Token Refresh | General system operation executed successfully.
11-05-2026-19:29 | SYS | ERROR | Connection Timeout | Failed to connect to Redis at 10.0.0.12:6379 after 5000ms.
11-05-2026-19:30 | API | WARNING | Cache Miss Storm | Cache miss ratio reached 98% on /catalog endpoint.
11-05-2026-19:30 | DB | WARNING | Slow Query Detected | SELECT * FROM Transactions took 7069ms. Optimization required.
11-05-2026-19:31 | SYS | ERROR | Deadlock Detected | General system operation executed successfully.
11-05-2026-19:33 | LOG | INFO | Background Job Completed | General system operation executed successfully.
11-05-2026-19:35 | LOG | INFO | Token Refresh | General system operation executed successfully.
11-05-2026-19:38 | SYS | INFO | Database Sync | Synchronized 92 records with the primary PostgreSQL instance.
11-05-2026-19:39 | LOG | INFO | Token Refresh | General system operation executed successfully.
11-05-2026-19:40 | SYS | INFO | Cache Refresh | General system operation executed successfully.
11-05-2026-19:41 | SYS | INFO | File Upload | Resource 'data_986.ext' stored successfully in Azure Blob Storage.
11-05-2026-19:42 | LOG | WARNING | Unusual Traffic Pattern | General system operation executed successfully.
11-05-2026-19:45 | LOG | INFO | Background Job Completed | General system operation executed successfully.
11-05-2026-19:47 | LOG | INFO | API Request Success | General system operation executed successfully.
11-05-2026-19:48 | SYS | INFO | Cache Refresh | General system operation executed successfully.
11-05-2026-19:49 | SYS | INFO | Database Sync | Synchronized 420 records with the primary PostgreSQL instance.
11-05-2026-19:51 | SYS | INFO | Cache Refresh | General system operation executed successfully.
11-05-2026-19:52 | LOG | WARNING | Unusual Traffic Pattern | General system operation executed successfully.
11-05-2026-19:54 | SYS | INFO | Health Check | All endpoints reported 200 OK. Latency: 4389ms.
11-05-2026-19:55 | SYS | INFO | User Login | User 'system@domain.com' authenticated via OAuth2 provider.
11-05-2026-19:56 | LOG | INFO | API Request Success | General system operation executed successfully.
11-05-2026-19:57 | LOG | INFO | Background Job Completed | General system operation executed successfully.
11-05-2026-19:59 | SYS | INFO | Database Sync | Synchronized 324 records with the primary PostgreSQL instance.
11-05-2026-20:01 | SYS | ERROR | Connection Timeout | Failed to connect to Redis at 10.0.0.12:6379 after 5000ms.
11-05-2026-20:01 | API | WARNING | Cache Miss Storm | Cache miss ratio reached 98% on /catalog endpoint.
11-05-2026-20:02 | DB | WARNING | Slow Query Detected | SELECT * FROM Transactions took 6800ms. Optimization required.
11-05-2026-20:03 | SYS | ERROR | Deadlock Detected | General system operation executed successfully.
11-05-2026-20:04 | LOG | INFO | Middleware Pipeline | General system operation executed successfully.
11-05-2026-20:07 | LOG | WARNING | Memory Pressure | LOH (Large Object Heap) fragmentation detected. GC triggered.
11-05-2026-20:08 | SYS | ERROR | Disk Full | Volume D:\ has 0 bytes free. Write operations blocked.
11-05-2026-20:10 | LOG | ERROR | Log Writer Failed | Serilog file sink threw IOException: no space left on device.
11-05-2026-20:10 | DB | ERROR | SQL Constraint Violation | EF Core: Cannot insert duplicate key in table 'Orders'.
11-05-2026-20:11 | WORKER | ERROR | Background Job Failed | Hangfire job 'NightlyReport' aborted after 3 retries.
11-05-2026-20:12 | SYS | WARNING | Deprecated API Call | Usage of obsolete method 'GetLegacyData()'. Switch to V2.
11-05-2026-20:14 | LOG | INFO | Service Started | Worker service 'QueueListener' initialized on .NET 9.0.1.
11-05-2026-20:15 | LOG | INFO | API Request Success | General system operation executed successfully.
11-05-2026-20:15 | SYS | WARNING | Disk Space Low | General system operation executed successfully.
11-05-2026-20:18 | SYS | INFO | Database Sync | Synchronized 215 records with the primary PostgreSQL instance.
11-05-2026-20:20 | SYS | WARNING | Session Timeout Warning | General system operation executed successfully.
11-05-2026-20:23 | SYS | INFO | Database Sync | Synchronized 450 records with the primary PostgreSQL instance.
11-05-2026-20:25 | LOG | INFO | Background Job Completed | General system operation executed successfully.
11-05-2026-20:27 | SYS | INFO | Health Check | All endpoints reported 200 OK. Latency: 6213ms.
11-05-2026-20:28 | SYS | WARNING | Deprecated API Call | Usage of obsolete method 'GetLegacyData()'. Switch to V2.
11-05-2026-20:30 | LOG | WARNING | Unusual Traffic Pattern | General system operation executed successfully.
11-05-2026-20:32 | LOG | INFO | Middleware Pipeline | General system operation executed successfully.
11-05-2026-20:34 | LOG | INFO | Service Started | Worker service 'QueueListener' initialized on .NET 9.0.1.
11-05-2026-20:35 | SYS | WARNING | Disk Space Low | General system operation executed successfully.
11-05-2026-20:37 | LOG | WARNING | Memory Pressure | LOH (Large Object Heap) fragmentation detected. GC triggered.
11-05-2026-20:39 | LOG | INFO | Token Refresh | General system operation executed successfully.
11-05-2026-20:40 | DB | ERROR | Database Timeout | Connection to SQL Server '10.0.0.5' timed out after 30000ms.
11-05-2026-20:41 | API | ERROR | API Latency Spike | Endpoint /orders/list response time > 15000ms.
11-05-2026-20:42 | WORKER | ERROR | Job Queue Backpressure | Hangfire queue 'default' size exceeded threshold (2500).
11-05-2026-20:43 | UI | ERROR | UI Crash | Frontend React app reported unhandled promise rejection.
11-05-2026-20:45 | LOG | INFO | Middleware Pipeline | General system operation executed successfully.
11-05-2026-20:46 | SYS | WARNING | Session Timeout Warning | General system operation executed successfully.
11-05-2026-20:49 | LOG | INFO | Service Started | Worker service 'QueueListener' initialized on .NET 9.0.1.
11-05-2026-20:50 | SYS | WARNING | Disk Space Low | General system operation executed successfully.
11-05-2026-20:51 | LOG | INFO | Background Job Completed | General system operation executed successfully.
11-05-2026-20:54 | LOG | INFO | Background Job Completed | General system operation executed successfully.
11-05-2026-20:54 | SYS | INFO | Health Check | All endpoints reported 200 OK. Latency: 6965ms.
11-05-2026-20:55 | SYS | INFO | Cache Refresh | General system operation executed successfully.
11-05-2026-20:57 | LOG | INFO | Service Started | Worker service 'QueueListener' initialized on .NET 9.0.1.
11-05-2026-20:58 | SYS | WARNING | Disk Space Low | General system operation executed successfully.
11-05-2026-21:01 | SYS | INFO | Health Check | All endpoints reported 200 OK. Latency: 631ms.
11-05-2026-21:01 | LOG | INFO | Background Job Completed | General system operation executed successfully.
11-05-2026-21:03 | LOG | WARNING | Memory Pressure | LOH (Large Object Heap) fragmentation detected. GC triggered.
11-05-2026-21:04 | LOG | INFO | Middleware Pipeline | General system operation executed successfully.
11-05-2026-21:07 | SYS | WARNING | Disk Space Low | General system operation executed successfully.
11-05-2026-21:09 | SYS | INFO | Cache Refresh | General system operation executed successfully.
11-05-2026-21:11 | SYS | INFO | File Upload | Resource 'data_166.ext' stored successfully in Azure Blob Storage.
11-05-2026-21:13 | LOG | WARNING | Memory Pressure | LOH (Large Object Heap) fragmentation detected. GC triggered.
11-05-2026-21:14 | SYS | WARNING | Disk Space Low | General system operation executed successfully.
11-05-2026-21:16 | SYS | INFO | File Upload | Resource 'data_911.ext' stored successfully in Azure Blob Storage.
11-05-2026-21:18 | SYS | WARNING | Deprecated API Call | Usage of obsolete method 'GetLegacyData()'. Switch to V2.
11-05-2026-21:19 | SYS | WARNING | Deprecated API Call | Usage of obsolete method 'GetLegacyData()'. Switch to V2.
11-05-2026-21:22 | SYS | WARNING | Disk Space Low | General system operation executed successfully.
11-05-2026-21:22 | SYS | INFO | User Login | User 'system@domain.com' authenticated via OAuth2 provider.
11-05-2026-21:24 | LOG | WARNING | Unusual Traffic Pattern | General system operation executed successfully.
11-05-2026-21:27 | LOG | INFO | API Request Success | General system operation executed successfully.
11-05-2026-21:30 | LOG | INFO | Service Started | Worker service 'QueueListener' initialized on .NET 9.0.1.
11-05-2026-21:31 | SYS | INFO | Cache Refresh | General system operation executed successfully.
11-05-2026-21:34 | SYS | WARNING | Disk Space Low | General system operation executed successfully.
11-05-2026-21:36 | LOG | INFO | Token Refresh | General system operation executed successfully.
11-05-2026-21:37 | LOG | INFO | API Request Success | General system operation executed successfully.
11-05-2026-21:39 | LOG | INFO | API Request Success | General system operation executed successfully.
11-05-2026-21:41 | LOG | INFO | Middleware Pipeline | General system operation executed successfully.
11-05-2026-21:43 | LOG | INFO | Token Refresh | General system operation executed successfully.
11-05-2026-21:44 | SYS | WARNING | Session Timeout Warning | General system operation executed successfully.
11-05-2026-21:45 | LOG | INFO | Background Job Completed | General system operation executed successfully.